[2020-04-01T19:52:26.722+0500][0.008s] Heap region size: 1M
[2020-04-01T19:52:26.722+0500][0.008s] Heap address: 0x00000007e0000000, size: 512 MB, Compressed Oops mode: Zero based, Oop shift amount: 3
[2020-04-01T19:52:26.929+0500][0.214s] Using G1
[2020-04-01T19:52:26.930+0500][0.216s] Mark closed archive regions in map: [0x00000007fff00000, 0x00000007fff7aff8]
[2020-04-01T19:52:26.930+0500][0.216s] Mark open archive regions in map: [0x00000007ffe00000, 0x00000007ffe50ff8]
[2020-04-01T19:52:26.948+0500][0.234s] Periodic GC disabled
[2020-04-01T19:52:27.504+0500][0.790s] GC(0) Pause Young (Normal) (G1 Evacuation Pause)
[2020-04-01T19:52:27.505+0500][0.791s] GC(0) Using 8 workers of 8 for evacuation
[2020-04-01T19:52:27.507+0500][0.793s] GC(0)   Pre Evacuate Collection Set: 0.1ms
[2020-04-01T19:52:27.507+0500][0.793s] GC(0)   Merge Heap Roots: 0.0ms
[2020-04-01T19:52:27.507+0500][0.793s] GC(0)   Evacuate Collection Set: 2.1ms
[2020-04-01T19:52:27.507+0500][0.793s] GC(0)   Post Evacuate Collection Set: 0.3ms
[2020-04-01T19:52:27.507+0500][0.793s] GC(0)   Other: 0.5ms
[2020-04-01T19:52:27.507+0500][0.793s] GC(0) Eden regions: 29->0(54)
[2020-04-01T19:52:27.507+0500][0.793s] GC(0) Survivor regions: 0->4(4)
[2020-04-01T19:52:27.507+0500][0.793s] GC(0) Old regions: 0->0
[2020-04-01T19:52:27.507+0500][0.793s] GC(0) Archive regions: 2->2
[2020-04-01T19:52:27.507+0500][0.793s] GC(0) Humongous regions: 0->0
[2020-04-01T19:52:27.507+0500][0.793s] GC(0) Metaspace: 7991K(8576K)->7991K(8576K) NonClass: 7039K(7424K)->7039K(7424K) Class: 951K(1152K)->951K(1152K)
[2020-04-01T19:52:27.508+0500][0.793s] GC(0) Pause Young (Normal) (G1 Evacuation Pause) 29M->3M(512M) 3.155ms
[2020-04-01T19:52:27.508+0500][0.793s] GC(0) User=0.01s Sys=0.00s Real=0.00s
[2020-04-01T19:52:28.242+0500][1.528s] GC(1) Pause Young (Normal) (G1 Evacuation Pause)
[2020-04-01T19:52:28.242+0500][1.528s] GC(1) Using 8 workers of 8 for evacuation
[2020-04-01T19:52:28.250+0500][1.536s] GC(1)   Pre Evacuate Collection Set: 0.1ms
[2020-04-01T19:52:28.250+0500][1.536s] GC(1)   Merge Heap Roots: 0.1ms
[2020-04-01T19:52:28.250+0500][1.536s] GC(1)   Evacuate Collection Set: 6.8ms
[2020-04-01T19:52:28.250+0500][1.536s] GC(1)   Post Evacuate Collection Set: 0.7ms
[2020-04-01T19:52:28.250+0500][1.536s] GC(1)   Other: 0.2ms
[2020-04-01T19:52:28.250+0500][1.536s] GC(1) Eden regions: 54->0(120)
[2020-04-01T19:52:28.250+0500][1.536s] GC(1) Survivor regions: 4->8(8)
[2020-04-01T19:52:28.250+0500][1.536s] GC(1) Old regions: 0->10
[2020-04-01T19:52:28.250+0500][1.536s] GC(1) Archive regions: 2->2
[2020-04-01T19:52:28.250+0500][1.536s] GC(1) Humongous regions: 4->4
[2020-04-01T19:52:28.250+0500][1.536s] GC(1) Metaspace: 15469K(16128K)->15469K(16128K) NonClass: 13628K(14080K)->13628K(14080K) Class: 1841K(2048K)->1841K(2048K)
[2020-04-01T19:52:28.250+0500][1.536s] GC(1) Pause Young (Normal) (G1 Evacuation Pause) 61M->22M(512M) 8.082ms
[2020-04-01T19:52:28.250+0500][1.536s] GC(1) User=0.05s Sys=0.00s Real=0.01s
[2020-04-01T19:52:28.798+0500][2.084s] GC(2) Pause Young (Concurrent Start) (Metadata GC Threshold)
[2020-04-01T19:52:28.798+0500][2.084s] GC(2) Using 8 workers of 8 for evacuation
[2020-04-01T19:52:28.801+0500][2.087s] GC(2)   Pre Evacuate Collection Set: 0.1ms
[2020-04-01T19:52:28.802+0500][2.087s] GC(2)   Merge Heap Roots: 0.1ms
[2020-04-01T19:52:28.802+0500][2.087s] GC(2)   Evacuate Collection Set: 3.3ms
[2020-04-01T19:52:28.802+0500][2.087s] GC(2)   Post Evacuate Collection Set: 0.3ms
[2020-04-01T19:52:28.802+0500][2.087s] GC(2)   Other: 0.2ms
[2020-04-01T19:52:28.802+0500][2.087s] GC(2) Eden regions: 50->0(228)
[2020-04-01T19:52:28.802+0500][2.087s] GC(2) Survivor regions: 8->10(16)
[2020-04-01T19:52:28.802+0500][2.087s] GC(2) Old regions: 10->10
[2020-04-01T19:52:28.802+0500][2.088s] GC(2) Archive regions: 2->2
[2020-04-01T19:52:28.802+0500][2.088s] GC(2) Humongous regions: 4->4
[2020-04-01T19:52:28.802+0500][2.088s] GC(2) Metaspace: 20452K(21248K)->20452K(21248K) NonClass: 18103K(18688K)->18103K(18688K) Class: 2348K(2560K)->2348K(2560K)
[2020-04-01T19:52:28.802+0500][2.088s] GC(2) Pause Young (Concurrent Start) (Metadata GC Threshold) 72M->23M(512M) 3.994ms
[2020-04-01T19:52:28.802+0500][2.088s] GC(2) User=0.02s Sys=0.00s Real=0.01s
[2020-04-01T19:52:28.802+0500][2.088s] GC(3) Concurrent Cycle
[2020-04-01T19:52:28.802+0500][2.088s] GC(3) Concurrent Clear Claimed Marks
[2020-04-01T19:52:28.802+0500][2.088s] GC(3) Concurrent Clear Claimed Marks 0.027ms
[2020-04-01T19:52:28.802+0500][2.088s] GC(3) Concurrent Scan Root Regions
[2020-04-01T19:52:28.804+0500][2.090s] GC(3) Concurrent Scan Root Regions 1.871ms
[2020-04-01T19:52:28.804+0500][2.090s] GC(3) Concurrent Mark (2.090s)
[2020-04-01T19:52:28.804+0500][2.090s] GC(3) Concurrent Mark From Roots
[2020-04-01T19:52:28.804+0500][2.090s] GC(3) Using 2 workers of 2 for marking
[2020-04-01T19:52:28.814+0500][2.100s] GC(3) Concurrent Mark From Roots 10.007ms
[2020-04-01T19:52:28.814+0500][2.100s] GC(3) Concurrent Preclean
[2020-04-01T19:52:28.814+0500][2.100s] GC(3) Concurrent Preclean 0.062ms
[2020-04-01T19:52:28.814+0500][2.100s] GC(3) Concurrent Mark (2.090s, 2.100s) 10.114ms
[2020-04-01T19:52:28.814+0500][2.100s] GC(3) Pause Remark
[2020-04-01T19:52:28.815+0500][2.101s] GC(3) Pause Remark 25M->25M(512M) 1.438ms
[2020-04-01T19:52:28.815+0500][2.101s] GC(3) User=0.01s Sys=0.00s Real=0.00s
[2020-04-01T19:52:28.815+0500][2.101s] GC(3) Concurrent Rebuild Remembered Sets
[2020-04-01T19:52:28.822+0500][2.108s] GC(3) Concurrent Rebuild Remembered Sets 6.286ms
[2020-04-01T19:52:28.822+0500][2.108s] GC(3) Pause Cleanup
[2020-04-01T19:52:28.822+0500][2.108s] GC(3) Pause Cleanup 25M->25M(512M) 0.096ms
[2020-04-01T19:52:28.822+0500][2.108s] GC(3) User=0.00s Sys=0.00s Real=0.00s
[2020-04-01T19:52:28.822+0500][2.108s] GC(3) Concurrent Cleanup for Next Mark
[2020-04-01T19:52:28.823+0500][2.109s] GC(3) Concurrent Cleanup for Next Mark 0.761ms
[2020-04-01T19:52:28.823+0500][2.109s] GC(3) Concurrent Cycle 21.306ms
[2020-04-01T19:52:30.006+0500][3.292s] GC(4) Pause Young (Concurrent Start) (Metadata GC Threshold)
[2020-04-01T19:52:30.006+0500][3.292s] GC(4) Using 8 workers of 8 for evacuation
[2020-04-01T19:52:30.013+0500][3.299s] GC(4)   Pre Evacuate Collection Set: 0.1ms
[2020-04-01T19:52:30.013+0500][3.299s] GC(4)   Merge Heap Roots: 0.1ms
[2020-04-01T19:52:30.013+0500][3.299s] GC(4)   Evacuate Collection Set: 6.3ms
[2020-04-01T19:52:30.013+0500][3.299s] GC(4)   Post Evacuate Collection Set: 0.8ms
[2020-04-01T19:52:30.013+0500][3.299s] GC(4)   Other: 0.3ms
[2020-04-01T19:52:30.013+0500][3.299s] GC(4) Eden regions: 228->0(291)
[2020-04-01T19:52:30.013+0500][3.299s] GC(4) Survivor regions: 10->16(34)
[2020-04-01T19:52:30.013+0500][3.299s] GC(4) Old regions: 10->10
[2020-04-01T19:52:30.013+0500][3.299s] GC(4) Archive regions: 2->2
[2020-04-01T19:52:30.013+0500][3.299s] GC(4) Humongous regions: 5->4
[2020-04-01T19:52:30.013+0500][3.299s] GC(4) Metaspace: 35027K(35964K)->35027K(35964K) NonClass: 30888K(31488K)->30888K(31488K) Class: 4139K(4476K)->4139K(4476K)
[2020-04-01T19:52:30.013+0500][3.299s] GC(4) Pause Young (Concurrent Start) (Metadata GC Threshold) 252M->29M(512M) 7.738ms
[2020-04-01T19:52:30.013+0500][3.299s] GC(4) User=0.05s Sys=0.00s Real=0.01s
[2020-04-01T19:52:30.014+0500][3.299s] GC(5) Concurrent Cycle
[2020-04-01T19:52:30.014+0500][3.299s] GC(5) Concurrent Clear Claimed Marks
[2020-04-01T19:52:30.014+0500][3.300s] GC(5) Concurrent Clear Claimed Marks 0.045ms
[2020-04-01T19:52:30.014+0500][3.300s] GC(5) Concurrent Scan Root Regions
[2020-04-01T19:52:30.018+0500][3.304s] GC(5) Concurrent Scan Root Regions 4.103ms
[2020-04-01T19:52:30.018+0500][3.304s] GC(5) Concurrent Mark (3.304s)
[2020-04-01T19:52:30.018+0500][3.304s] GC(5) Concurrent Mark From Roots
[2020-04-01T19:52:30.018+0500][3.304s] GC(5) Using 2 workers of 2 for marking
[2020-04-01T19:52:30.027+0500][3.313s] GC(5) Concurrent Mark From Roots 8.889ms
[2020-04-01T19:52:30.027+0500][3.313s] GC(5) Concurrent Preclean
[2020-04-01T19:52:30.027+0500][3.313s] GC(5) Concurrent Preclean 0.062ms
[2020-04-01T19:52:30.027+0500][3.313s] GC(5) Concurrent Mark (3.304s, 3.313s) 9.027ms
[2020-04-01T19:52:30.027+0500][3.313s] GC(5) Pause Remark
[2020-04-01T19:52:30.029+0500][3.315s] GC(5) Pause Remark 32M->32M(512M) 1.566ms
[2020-04-01T19:52:30.029+0500][3.315s] GC(5) User=0.01s Sys=0.00s Real=0.00s
[2020-04-01T19:52:30.029+0500][3.315s] GC(5) Concurrent Rebuild Remembered Sets
[2020-04-01T19:52:30.034+0500][3.320s] GC(5) Concurrent Rebuild Remembered Sets 5.176ms
[2020-04-01T19:52:30.034+0500][3.320s] GC(5) Pause Cleanup
[2020-04-01T19:52:30.034+0500][3.320s] GC(5) Pause Cleanup 32M->32M(512M) 0.135ms
[2020-04-01T19:52:30.034+0500][3.320s] GC(5) User=0.00s Sys=0.00s Real=0.00s
[2020-04-01T19:52:30.035+0500][3.321s] GC(5) Concurrent Cleanup for Next Mark
[2020-04-01T19:52:30.035+0500][3.321s] GC(5) Concurrent Cleanup for Next Mark 0.694ms
[2020-04-01T19:52:30.035+0500][3.321s] GC(5) Concurrent Cycle 21.795ms
[2020-04-01T20:17:20.352+0500][1493.594s] Heap
[2020-04-01T20:17:20.353+0500][1493.594s]  garbage-first heap   total 524288K, used 255645K [0x00000007e0000000, 0x0000000800000000)
[2020-04-01T20:17:20.353+0500][1493.594s]   region size 1024K, 234 young (239616K), 16 survivors (16384K)
[2020-04-01T20:17:20.353+0500][1493.594s]  Metaspace       used 48045K, capacity 49070K, committed 49276K, reserved 1091584K
[2020-04-01T20:17:20.353+0500][1493.594s]   class space    used 5782K, capacity 6204K, committed 6268K, reserved 1048576K
