[2020-04-01T00:04:08.207+0500][0.007s] Heap region size: 1M
[2020-04-01T00:04:08.207+0500][0.008s] Heap address: 0x00000007e0000000, size: 512 MB, Compressed Oops mode: Zero based, Oop shift amount: 3
[2020-04-01T00:04:08.411+0500][0.212s] Using G1
[2020-04-01T00:04:08.411+0500][0.212s] Mark closed archive regions in map: [0x00000007fff00000, 0x00000007fff7aff8]
[2020-04-01T00:04:08.412+0500][0.212s] Mark open archive regions in map: [0x00000007ffe00000, 0x00000007ffe50ff8]
[2020-04-01T00:04:08.429+0500][0.230s] Periodic GC disabled
[2020-04-01T00:04:08.877+0500][0.677s] GC(0) Pause Young (Normal) (G1 Evacuation Pause)
[2020-04-01T00:04:08.877+0500][0.678s] GC(0) Using 8 workers of 8 for evacuation
[2020-04-01T00:04:08.879+0500][0.680s] GC(0)   Pre Evacuate Collection Set: 0.1ms
[2020-04-01T00:04:08.879+0500][0.680s] GC(0)   Merge Heap Roots: 0.0ms
[2020-04-01T00:04:08.879+0500][0.680s] GC(0)   Evacuate Collection Set: 1.7ms
[2020-04-01T00:04:08.879+0500][0.680s] GC(0)   Post Evacuate Collection Set: 0.2ms
[2020-04-01T00:04:08.879+0500][0.680s] GC(0)   Other: 0.4ms
[2020-04-01T00:04:08.879+0500][0.680s] GC(0) Eden regions: 29->0(54)
[2020-04-01T00:04:08.879+0500][0.680s] GC(0) Survivor regions: 0->4(4)
[2020-04-01T00:04:08.879+0500][0.680s] GC(0) Old regions: 0->0
[2020-04-01T00:04:08.879+0500][0.680s] GC(0) Archive regions: 2->2
[2020-04-01T00:04:08.879+0500][0.680s] GC(0) Humongous regions: 0->0
[2020-04-01T00:04:08.879+0500][0.680s] GC(0) Metaspace: 7981K(8576K)->7981K(8576K) NonClass: 7029K(7424K)->7029K(7424K) Class: 951K(1152K)->951K(1152K)
[2020-04-01T00:04:08.879+0500][0.680s] GC(0) Pause Young (Normal) (G1 Evacuation Pause) 29M->3M(512M) 2.586ms
[2020-04-01T00:04:08.879+0500][0.680s] GC(0) User=0.02s Sys=0.00s Real=0.00s
[2020-04-01T00:04:09.509+0500][1.310s] GC(1) Pause Young (Normal) (G1 Evacuation Pause)
[2020-04-01T00:04:09.509+0500][1.310s] GC(1) Using 8 workers of 8 for evacuation
[2020-04-01T00:04:09.518+0500][1.319s] GC(1)   Pre Evacuate Collection Set: 0.1ms
[2020-04-01T00:04:09.518+0500][1.319s] GC(1)   Merge Heap Roots: 0.0ms
[2020-04-01T00:04:09.518+0500][1.319s] GC(1)   Evacuate Collection Set: 7.7ms
[2020-04-01T00:04:09.518+0500][1.319s] GC(1)   Post Evacuate Collection Set: 0.8ms
[2020-04-01T00:04:09.518+0500][1.319s] GC(1)   Other: 0.2ms
[2020-04-01T00:04:09.518+0500][1.319s] GC(1) Eden regions: 54->0(123)
[2020-04-01T00:04:09.518+0500][1.319s] GC(1) Survivor regions: 4->8(8)
[2020-04-01T00:04:09.518+0500][1.319s] GC(1) Old regions: 0->10
[2020-04-01T00:04:09.518+0500][1.319s] GC(1) Archive regions: 2->2
[2020-04-01T00:04:09.518+0500][1.319s] GC(1) Humongous regions: 4->4
[2020-04-01T00:04:09.518+0500][1.319s] GC(1) Metaspace: 15595K(16384K)->15595K(16384K) NonClass: 13743K(14336K)->13743K(14336K) Class: 1851K(2048K)->1851K(2048K)
[2020-04-01T00:04:09.518+0500][1.319s] GC(1) Pause Young (Normal) (G1 Evacuation Pause) 61M->22M(512M) 8.943ms
[2020-04-01T00:04:09.518+0500][1.319s] GC(1) User=0.07s Sys=0.01s Real=0.01s
[2020-04-01T00:04:09.926+0500][1.726s] GC(2) Pause Young (Concurrent Start) (Metadata GC Threshold)
[2020-04-01T00:04:09.926+0500][1.727s] GC(2) Using 8 workers of 8 for evacuation
[2020-04-01T00:04:09.929+0500][1.730s] GC(2)   Pre Evacuate Collection Set: 0.1ms
[2020-04-01T00:04:09.930+0500][1.730s] GC(2)   Merge Heap Roots: 0.1ms
[2020-04-01T00:04:09.930+0500][1.730s] GC(2)   Evacuate Collection Set: 3.2ms
[2020-04-01T00:04:09.930+0500][1.730s] GC(2)   Post Evacuate Collection Set: 0.3ms
[2020-04-01T00:04:09.930+0500][1.730s] GC(2)   Other: 0.2ms
[2020-04-01T00:04:09.930+0500][1.730s] GC(2) Eden regions: 49->0(247)
[2020-04-01T00:04:09.930+0500][1.730s] GC(2) Survivor regions: 8->9(16)
[2020-04-01T00:04:09.930+0500][1.730s] GC(2) Old regions: 10->10
[2020-04-01T00:04:09.930+0500][1.730s] GC(2) Archive regions: 2->2
[2020-04-01T00:04:09.930+0500][1.730s] GC(2) Humongous regions: 4->4
[2020-04-01T00:04:09.930+0500][1.730s] GC(2) Metaspace: 20493K(21248K)->20493K(21248K) NonClass: 18138K(18688K)->18138K(18688K) Class: 2354K(2560K)->2354K(2560K)
[2020-04-01T00:04:09.930+0500][1.731s] GC(2) Pause Young (Concurrent Start) (Metadata GC Threshold) 71M->23M(512M) 4.025ms
[2020-04-01T00:04:09.930+0500][1.731s] GC(2) User=0.02s Sys=0.00s Real=0.01s
[2020-04-01T00:04:09.930+0500][1.731s] GC(3) Concurrent Cycle
[2020-04-01T00:04:09.930+0500][1.731s] GC(3) Concurrent Clear Claimed Marks
[2020-04-01T00:04:09.930+0500][1.731s] GC(3) Concurrent Clear Claimed Marks 0.025ms
[2020-04-01T00:04:09.930+0500][1.731s] GC(3) Concurrent Scan Root Regions
[2020-04-01T00:04:09.932+0500][1.732s] GC(3) Concurrent Scan Root Regions 1.706ms
[2020-04-01T00:04:09.932+0500][1.732s] GC(3) Concurrent Mark (1.732s)
[2020-04-01T00:04:09.932+0500][1.732s] GC(3) Concurrent Mark From Roots
[2020-04-01T00:04:09.932+0500][1.732s] GC(3) Using 2 workers of 2 for marking
[2020-04-01T00:04:09.942+0500][1.742s] GC(3) Concurrent Mark From Roots 9.983ms
[2020-04-01T00:04:09.942+0500][1.742s] GC(3) Concurrent Preclean
[2020-04-01T00:04:09.942+0500][1.743s] GC(3) Concurrent Preclean 0.110ms
[2020-04-01T00:04:09.942+0500][1.743s] GC(3) Concurrent Mark (1.732s, 1.743s) 10.204ms
[2020-04-01T00:04:09.942+0500][1.743s] GC(3) Pause Remark
[2020-04-01T00:04:09.944+0500][1.744s] GC(3) Pause Remark 25M->25M(512M) 1.609ms
[2020-04-01T00:04:09.944+0500][1.745s] GC(3) User=0.00s Sys=0.00s Real=0.00s
[2020-04-01T00:04:09.944+0500][1.745s] GC(3) Concurrent Rebuild Remembered Sets
[2020-04-01T00:04:09.950+0500][1.751s] GC(3) Concurrent Rebuild Remembered Sets 6.555ms
[2020-04-01T00:04:09.950+0500][1.751s] GC(3) Pause Cleanup
[2020-04-01T00:04:09.951+0500][1.751s] GC(3) Pause Cleanup 25M->25M(512M) 0.099ms
[2020-04-01T00:04:09.951+0500][1.751s] GC(3) User=0.00s Sys=0.00s Real=0.00s
[2020-04-01T00:04:09.951+0500][1.752s] GC(3) Concurrent Cleanup for Next Mark
[2020-04-01T00:04:09.951+0500][1.752s] GC(3) Concurrent Cleanup for Next Mark 0.729ms
[2020-04-01T00:04:09.951+0500][1.752s] GC(3) Concurrent Cycle 21.675ms
[2020-04-01T00:07:32.185+0500][203.985s] GC(4) Pause Young (Concurrent Start) (Metadata GC Threshold)
[2020-04-01T00:07:32.185+0500][203.986s] GC(4) Using 8 workers of 8 for evacuation
[2020-04-01T00:07:32.192+0500][203.993s] GC(4)   Pre Evacuate Collection Set: 0.1ms
[2020-04-01T00:07:32.192+0500][203.993s] GC(4)   Merge Heap Roots: 0.1ms
[2020-04-01T00:07:32.192+0500][203.993s] GC(4)   Evacuate Collection Set: 5.7ms
[2020-04-01T00:07:32.192+0500][203.993s] GC(4)   Post Evacuate Collection Set: 0.9ms
[2020-04-01T00:07:32.192+0500][203.993s] GC(4)   Other: 0.6ms
[2020-04-01T00:07:32.192+0500][203.993s] GC(4) Eden regions: 130->0(292)
[2020-04-01T00:07:32.192+0500][203.993s] GC(4) Survivor regions: 9->15(37)
[2020-04-01T00:07:32.192+0500][203.993s] GC(4) Old regions: 10->10
[2020-04-01T00:07:32.192+0500][203.993s] GC(4) Archive regions: 2->2
[2020-04-01T00:07:32.192+0500][203.993s] GC(4) Humongous regions: 5->4
[2020-04-01T00:07:32.192+0500][203.993s] GC(4) Metaspace: 35112K(35964K)->35112K(35964K) NonClass: 30941K(31488K)->30941K(31488K) Class: 4170K(4476K)->4170K(4476K)
[2020-04-01T00:07:32.192+0500][203.993s] GC(4) Pause Young (Concurrent Start) (Metadata GC Threshold) 153M->29M(512M) 7.593ms
[2020-04-01T00:07:32.192+0500][203.993s] GC(4) User=0.05s Sys=0.00s Real=0.01s
[2020-04-01T00:07:32.192+0500][203.993s] GC(5) Concurrent Cycle
[2020-04-01T00:07:32.192+0500][203.993s] GC(5) Concurrent Clear Claimed Marks
[2020-04-01T00:07:32.192+0500][203.993s] GC(5) Concurrent Clear Claimed Marks 0.057ms
[2020-04-01T00:07:32.192+0500][203.993s] GC(5) Concurrent Scan Root Regions
[2020-04-01T00:07:32.197+0500][203.997s] GC(5) Concurrent Scan Root Regions 4.202ms
[2020-04-01T00:07:32.197+0500][203.997s] GC(5) Concurrent Mark (203.997s)
[2020-04-01T00:07:32.197+0500][203.997s] GC(5) Concurrent Mark From Roots
[2020-04-01T00:07:32.197+0500][203.997s] GC(5) Using 2 workers of 2 for marking
[2020-04-01T00:07:32.206+0500][204.006s] GC(5) Concurrent Mark From Roots 9.047ms
[2020-04-01T00:07:32.206+0500][204.006s] GC(5) Concurrent Preclean
[2020-04-01T00:07:32.206+0500][204.007s] GC(5) Concurrent Preclean 0.042ms
[2020-04-01T00:07:32.206+0500][204.007s] GC(5) Concurrent Mark (203.997s, 204.007s) 9.188ms
[2020-04-01T00:07:32.206+0500][204.007s] GC(5) Pause Remark
[2020-04-01T00:07:32.208+0500][204.008s] GC(5) Pause Remark 32M->32M(512M) 1.457ms
[2020-04-01T00:07:32.208+0500][204.008s] GC(5) User=0.01s Sys=0.00s Real=0.00s
[2020-04-01T00:07:32.208+0500][204.008s] GC(5) Concurrent Rebuild Remembered Sets
[2020-04-01T00:07:32.213+0500][204.013s] GC(5) Concurrent Rebuild Remembered Sets 5.021ms
[2020-04-01T00:07:32.213+0500][204.014s] GC(5) Pause Cleanup
[2020-04-01T00:07:32.213+0500][204.014s] GC(5) Pause Cleanup 33M->33M(512M) 0.091ms
[2020-04-01T00:07:32.213+0500][204.014s] GC(5) User=0.00s Sys=0.00s Real=0.00s
[2020-04-01T00:07:32.213+0500][204.014s] GC(5) Concurrent Cleanup for Next Mark
[2020-04-01T00:07:32.214+0500][204.015s] GC(5) Concurrent Cleanup for Next Mark 0.696ms
[2020-04-01T00:07:32.214+0500][204.015s] GC(5) Concurrent Cycle 21.675ms
[2020-04-01T00:08:17.597+0500][249.397s] GC(6) Pause Young (Normal) (G1 Evacuation Pause)
[2020-04-01T00:08:17.597+0500][249.397s] GC(6) Using 8 workers of 8 for evacuation
[2020-04-01T00:08:17.605+0500][249.405s] GC(6)   Pre Evacuate Collection Set: 0.1ms
[2020-04-01T00:08:17.605+0500][249.406s] GC(6)   Merge Heap Roots: 0.1ms
[2020-04-01T00:08:17.605+0500][249.406s] GC(6)   Evacuate Collection Set: 6.6ms
[2020-04-01T00:08:17.605+0500][249.406s] GC(6)   Post Evacuate Collection Set: 1.1ms
[2020-04-01T00:08:17.605+0500][249.406s] GC(6)   Other: 0.2ms
[2020-04-01T00:08:17.605+0500][249.406s] GC(6) Eden regions: 292->0(286)
[2020-04-01T00:08:17.605+0500][249.406s] GC(6) Survivor regions: 15->21(39)
[2020-04-01T00:08:17.605+0500][249.406s] GC(6) Old regions: 10->10
[2020-04-01T00:08:17.605+0500][249.406s] GC(6) Archive regions: 2->2
[2020-04-01T00:08:17.605+0500][249.406s] GC(6) Humongous regions: 4->4
[2020-04-01T00:08:17.605+0500][249.406s] GC(6) Metaspace: 44531K(45820K)->44531K(45820K) NonClass: 39146K(39936K)->39146K(39936K) Class: 5384K(5884K)->5384K(5884K)
[2020-04-01T00:08:17.605+0500][249.406s] GC(6) Pause Young (Normal) (G1 Evacuation Pause) 321M->35M(512M) 8.291ms
[2020-04-01T00:08:17.605+0500][249.406s] GC(6) User=0.06s Sys=0.00s Real=0.01s
[2020-04-01T00:10:07.151+0500][358.952s] GC(7) Pause Young (Normal) (G1 Evacuation Pause)
[2020-04-01T00:10:07.152+0500][358.952s] GC(7) Using 8 workers of 8 for evacuation
[2020-04-01T00:10:07.160+0500][358.961s] GC(7)   Pre Evacuate Collection Set: 0.1ms
[2020-04-01T00:10:07.160+0500][358.961s] GC(7)   Merge Heap Roots: 0.1ms
[2020-04-01T00:10:07.160+0500][358.961s] GC(7)   Evacuate Collection Set: 7.0ms
[2020-04-01T00:10:07.160+0500][358.961s] GC(7)   Post Evacuate Collection Set: 1.3ms
[2020-04-01T00:10:07.160+0500][358.961s] GC(7)   Other: 0.8ms
[2020-04-01T00:10:07.160+0500][358.961s] GC(7) Eden regions: 286->0(286)
[2020-04-01T00:10:07.160+0500][358.961s] GC(7) Survivor regions: 21->21(39)
[2020-04-01T00:10:07.160+0500][358.961s] GC(7) Old regions: 10->12
[2020-04-01T00:10:07.160+0500][358.961s] GC(7) Archive regions: 2->2
[2020-04-01T00:10:07.160+0500][358.961s] GC(7) Humongous regions: 9->7
[2020-04-01T00:10:07.160+0500][358.961s] GC(7) Metaspace: 47712K(48892K)->47712K(48892K) NonClass: 42113K(42752K)->42113K(42752K) Class: 5598K(6140K)->5598K(6140K)
[2020-04-01T00:10:07.160+0500][358.961s] GC(7) Pause Young (Normal) (G1 Evacuation Pause) 326M->40M(512M) 9.380ms
[2020-04-01T00:10:07.160+0500][358.961s] GC(7) User=0.06s Sys=0.00s Real=0.01s
[2020-04-01T00:23:32.079+0500][1163.843s] Heap
[2020-04-01T00:23:32.079+0500][1163.844s]  garbage-first heap   total 524288K, used 73781K [0x00000007e0000000, 0x0000000800000000)
[2020-04-01T00:23:32.080+0500][1163.844s]   region size 1024K, 54 young (55296K), 21 survivors (21504K)
[2020-04-01T00:23:32.080+0500][1163.844s]  Metaspace       used 49184K, capacity 50295K, committed 50556K, reserved 1093632K
[2020-04-01T00:23:32.080+0500][1163.844s]   class space    used 5767K, capacity 6197K, committed 6268K, reserved 1048576K
