[2020-05-03T15:58:26.557+0500][0.008s] Heap region size: 1M
[2020-05-03T15:58:26.557+0500][0.008s] Heap address: 0x00000007e0000000, size: 512 MB, Compressed Oops mode: Zero based, Oop shift amount: 3
[2020-05-03T15:58:26.751+0500][0.201s] Using G1
[2020-05-03T15:58:26.751+0500][0.202s] Mark closed archive regions in map: [0x00000007fff00000, 0x00000007fff7aff8]
[2020-05-03T15:58:26.751+0500][0.202s] Mark open archive regions in map: [0x00000007ffe00000, 0x00000007ffe50ff8]
[2020-05-03T15:58:26.772+0500][0.223s] Periodic GC disabled
[2020-05-03T15:58:27.586+0500][1.036s] GC(0) Pause Young (Normal) (G1 Evacuation Pause)
[2020-05-03T15:58:27.586+0500][1.037s] GC(0) Using 8 workers of 8 for evacuation
[2020-05-03T15:58:27.588+0500][1.039s] GC(0)   Pre Evacuate Collection Set: 0.1ms
[2020-05-03T15:58:27.588+0500][1.039s] GC(0)   Merge Heap Roots: 0.0ms
[2020-05-03T15:58:27.588+0500][1.039s] GC(0)   Evacuate Collection Set: 1.6ms
[2020-05-03T15:58:27.588+0500][1.039s] GC(0)   Post Evacuate Collection Set: 0.3ms
[2020-05-03T15:58:27.588+0500][1.039s] GC(0)   Other: 0.5ms
[2020-05-03T15:58:27.588+0500][1.039s] GC(0) Eden regions: 29->0(55)
[2020-05-03T15:58:27.588+0500][1.039s] GC(0) Survivor regions: 0->4(4)
[2020-05-03T15:58:27.588+0500][1.039s] GC(0) Old regions: 0->0
[2020-05-03T15:58:27.588+0500][1.039s] GC(0) Archive regions: 2->2
[2020-05-03T15:58:27.588+0500][1.039s] GC(0) Humongous regions: 0->0
[2020-05-03T15:58:27.588+0500][1.039s] GC(0) Metaspace: 7999K(8576K)->7999K(8576K) NonClass: 7047K(7424K)->7047K(7424K) Class: 951K(1152K)->951K(1152K)
[2020-05-03T15:58:27.588+0500][1.039s] GC(0) Pause Young (Normal) (G1 Evacuation Pause) 29M->3M(512M) 2.766ms
[2020-05-03T15:58:27.588+0500][1.039s] GC(0) User=0.01s Sys=0.00s Real=0.00s
[2020-05-03T15:58:28.353+0500][1.803s] GC(1) Pause Young (Normal) (G1 Evacuation Pause)
[2020-05-03T15:58:28.353+0500][1.803s] GC(1) Using 8 workers of 8 for evacuation
[2020-05-03T15:58:28.360+0500][1.810s] GC(1)   Pre Evacuate Collection Set: 0.1ms
[2020-05-03T15:58:28.360+0500][1.810s] GC(1)   Merge Heap Roots: 0.1ms
[2020-05-03T15:58:28.360+0500][1.810s] GC(1)   Evacuate Collection Set: 5.9ms
[2020-05-03T15:58:28.360+0500][1.810s] GC(1)   Post Evacuate Collection Set: 0.6ms
[2020-05-03T15:58:28.360+0500][1.810s] GC(1)   Other: 0.2ms
[2020-05-03T15:58:28.360+0500][1.810s] GC(1) Eden regions: 54->0(123)
[2020-05-03T15:58:28.360+0500][1.810s] GC(1) Survivor regions: 4->8(8)
[2020-05-03T15:58:28.360+0500][1.810s] GC(1) Old regions: 0->10
[2020-05-03T15:58:28.360+0500][1.810s] GC(1) Archive regions: 2->2
[2020-05-03T15:58:28.360+0500][1.810s] GC(1) Humongous regions: 4->4
[2020-05-03T15:58:28.360+0500][1.810s] GC(1) Metaspace: 15505K(16384K)->15505K(16384K) NonClass: 13664K(14336K)->13664K(14336K) Class: 1841K(2048K)->1841K(2048K)
[2020-05-03T15:58:28.360+0500][1.810s] GC(1) Pause Young (Normal) (G1 Evacuation Pause) 61M->22M(512M) 6.945ms
[2020-05-03T15:58:28.360+0500][1.810s] GC(1) User=0.05s Sys=0.00s Real=0.01s
[2020-05-03T15:58:28.844+0500][2.295s] GC(2) Pause Young (Concurrent Start) (Metadata GC Threshold)
[2020-05-03T15:58:28.844+0500][2.295s] GC(2) Using 8 workers of 8 for evacuation
[2020-05-03T15:58:28.848+0500][2.299s] GC(2)   Pre Evacuate Collection Set: 0.1ms
[2020-05-03T15:58:28.848+0500][2.299s] GC(2)   Merge Heap Roots: 0.1ms
[2020-05-03T15:58:28.848+0500][2.299s] GC(2)   Evacuate Collection Set: 3.5ms
[2020-05-03T15:58:28.848+0500][2.299s] GC(2)   Post Evacuate Collection Set: 0.6ms
[2020-05-03T15:58:28.848+0500][2.299s] GC(2)   Other: 0.3ms
[2020-05-03T15:58:28.848+0500][2.299s] GC(2) Eden regions: 49->0(231)
[2020-05-03T15:58:28.849+0500][2.299s] GC(2) Survivor regions: 8->9(16)
[2020-05-03T15:58:28.849+0500][2.299s] GC(2) Old regions: 10->10
[2020-05-03T15:58:28.849+0500][2.299s] GC(2) Archive regions: 2->2
[2020-05-03T15:58:28.849+0500][2.299s] GC(2) Humongous regions: 4->4
[2020-05-03T15:58:28.849+0500][2.299s] GC(2) Metaspace: 20464K(21248K)->20464K(21248K) NonClass: 18115K(18688K)->18115K(18688K) Class: 2348K(2560K)->2348K(2560K)
[2020-05-03T15:58:28.849+0500][2.299s] GC(2) Pause Young (Concurrent Start) (Metadata GC Threshold) 71M->23M(512M) 4.633ms
[2020-05-03T15:58:28.849+0500][2.299s] GC(2) User=0.03s Sys=0.00s Real=0.00s
[2020-05-03T15:58:28.849+0500][2.299s] GC(3) Concurrent Cycle
[2020-05-03T15:58:28.849+0500][2.299s] GC(3) Concurrent Clear Claimed Marks
[2020-05-03T15:58:28.849+0500][2.299s] GC(3) Concurrent Clear Claimed Marks 0.033ms
[2020-05-03T15:58:28.849+0500][2.299s] GC(3) Concurrent Scan Root Regions
[2020-05-03T15:58:28.851+0500][2.302s] GC(3) Concurrent Scan Root Regions 2.568ms
[2020-05-03T15:58:28.851+0500][2.302s] GC(3) Concurrent Mark (2.302s)
[2020-05-03T15:58:28.851+0500][2.302s] GC(3) Concurrent Mark From Roots
[2020-05-03T15:58:28.851+0500][2.302s] GC(3) Using 2 workers of 2 for marking
[2020-05-03T15:58:28.861+0500][2.312s] GC(3) Concurrent Mark From Roots 9.540ms
[2020-05-03T15:58:28.861+0500][2.312s] GC(3) Concurrent Preclean
[2020-05-03T15:58:28.861+0500][2.312s] GC(3) Concurrent Preclean 0.095ms
[2020-05-03T15:58:28.861+0500][2.312s] GC(3) Concurrent Mark (2.302s, 2.312s) 9.699ms
[2020-05-03T15:58:28.861+0500][2.312s] GC(3) Pause Remark
[2020-05-03T15:58:28.863+0500][2.313s] GC(3) Pause Remark 24M->24M(512M) 1.393ms
[2020-05-03T15:58:28.863+0500][2.313s] GC(3) User=0.00s Sys=0.00s Real=0.00s
[2020-05-03T15:58:28.863+0500][2.314s] GC(3) Concurrent Rebuild Remembered Sets
[2020-05-03T15:58:28.869+0500][2.319s] GC(3) Concurrent Rebuild Remembered Sets 5.653ms
[2020-05-03T15:58:28.869+0500][2.319s] GC(3) Pause Cleanup
[2020-05-03T15:58:28.869+0500][2.319s] GC(3) Pause Cleanup 25M->25M(512M) 0.081ms
[2020-05-03T15:58:28.869+0500][2.319s] GC(3) User=0.00s Sys=0.00s Real=0.00s
[2020-05-03T15:58:28.869+0500][2.319s] GC(3) Concurrent Cleanup for Next Mark
[2020-05-03T15:58:28.869+0500][2.320s] GC(3) Concurrent Cleanup for Next Mark 0.675ms
[2020-05-03T15:58:28.870+0500][2.320s] GC(3) Concurrent Cycle 20.885ms
[2020-05-03T15:58:30.137+0500][3.587s] GC(4) Pause Young (Concurrent Start) (Metadata GC Threshold)
[2020-05-03T15:58:30.137+0500][3.587s] GC(4) Using 8 workers of 8 for evacuation
[2020-05-03T15:58:30.144+0500][3.595s] GC(4)   Pre Evacuate Collection Set: 0.1ms
[2020-05-03T15:58:30.144+0500][3.595s] GC(4)   Merge Heap Roots: 0.1ms
[2020-05-03T15:58:30.144+0500][3.595s] GC(4)   Evacuate Collection Set: 6.1ms
[2020-05-03T15:58:30.144+0500][3.595s] GC(4)   Post Evacuate Collection Set: 0.9ms
[2020-05-03T15:58:30.144+0500][3.595s] GC(4)   Other: 0.2ms
[2020-05-03T15:58:30.144+0500][3.595s] GC(4) Eden regions: 226->0(291)
[2020-05-03T15:58:30.144+0500][3.595s] GC(4) Survivor regions: 9->16(34)
[2020-05-03T15:58:30.144+0500][3.595s] GC(4) Old regions: 10->10
[2020-05-03T15:58:30.144+0500][3.595s] GC(4) Archive regions: 2->2
[2020-05-03T15:58:30.144+0500][3.595s] GC(4) Humongous regions: 5->4
[2020-05-03T15:58:30.144+0500][3.595s] GC(4) Metaspace: 35027K(35964K)->35027K(35964K) NonClass: 30901K(31488K)->30901K(31488K) Class: 4126K(4476K)->4126K(4476K)
[2020-05-03T15:58:30.144+0500][3.595s] GC(4) Pause Young (Concurrent Start) (Metadata GC Threshold) 249M->29M(512M) 7.533ms
[2020-05-03T15:58:30.144+0500][3.595s] GC(4) User=0.05s Sys=0.00s Real=0.01s
[2020-05-03T15:58:30.144+0500][3.595s] GC(5) Concurrent Cycle
[2020-05-03T15:58:30.144+0500][3.595s] GC(5) Concurrent Clear Claimed Marks
[2020-05-03T15:58:30.144+0500][3.595s] GC(5) Concurrent Clear Claimed Marks 0.037ms
[2020-05-03T15:58:30.144+0500][3.595s] GC(5) Concurrent Scan Root Regions
[2020-05-03T15:58:30.149+0500][3.599s] GC(5) Concurrent Scan Root Regions 4.384ms
[2020-05-03T15:58:30.149+0500][3.599s] GC(5) Concurrent Mark (3.599s)
[2020-05-03T15:58:30.149+0500][3.599s] GC(5) Concurrent Mark From Roots
[2020-05-03T15:58:30.149+0500][3.599s] GC(5) Using 2 workers of 2 for marking
[2020-05-03T15:58:30.158+0500][3.608s] GC(5) Concurrent Mark From Roots 8.999ms
[2020-05-03T15:58:30.158+0500][3.608s] GC(5) Concurrent Preclean
[2020-05-03T15:58:30.158+0500][3.608s] GC(5) Concurrent Preclean 0.050ms
[2020-05-03T15:58:30.158+0500][3.608s] GC(5) Concurrent Mark (3.599s, 3.608s) 9.128ms
[2020-05-03T15:58:30.158+0500][3.609s] GC(5) Pause Remark
[2020-05-03T15:58:30.160+0500][3.611s] GC(5) Pause Remark 32M->32M(512M) 1.808ms
[2020-05-03T15:58:30.160+0500][3.611s] GC(5) User=0.01s Sys=0.00s Real=0.01s
[2020-05-03T15:58:30.160+0500][3.611s] GC(5) Concurrent Rebuild Remembered Sets
[2020-05-03T15:58:30.165+0500][3.616s] GC(5) Concurrent Rebuild Remembered Sets 4.958ms
[2020-05-03T15:58:30.165+0500][3.616s] GC(5) Pause Cleanup
[2020-05-03T15:58:30.165+0500][3.616s] GC(5) Pause Cleanup 33M->33M(512M) 0.104ms
[2020-05-03T15:58:30.165+0500][3.616s] GC(5) User=0.00s Sys=0.00s Real=0.00s
[2020-05-03T15:58:30.165+0500][3.616s] GC(5) Concurrent Cleanup for Next Mark
[2020-05-03T15:58:30.166+0500][3.617s] GC(5) Concurrent Cleanup for Next Mark 0.703ms
[2020-05-03T15:58:30.166+0500][3.617s] GC(5) Concurrent Cycle 21.969ms
[2020-05-03T15:59:26.693+0500][60.143s] GC(6) Pause Young (Normal) (G1 Evacuation Pause)
[2020-05-03T15:59:26.693+0500][60.143s] GC(6) Using 8 workers of 8 for evacuation
[2020-05-03T15:59:26.703+0500][60.153s] GC(6)   Pre Evacuate Collection Set: 0.1ms
[2020-05-03T15:59:26.703+0500][60.153s] GC(6)   Merge Heap Roots: 0.1ms
[2020-05-03T15:59:26.703+0500][60.153s] GC(6)   Evacuate Collection Set: 8.0ms
[2020-05-03T15:59:26.703+0500][60.153s] GC(6)   Post Evacuate Collection Set: 1.2ms
[2020-05-03T15:59:26.703+0500][60.153s] GC(6)   Other: 0.5ms
[2020-05-03T15:59:26.703+0500][60.153s] GC(6) Eden regions: 291->0(284)
[2020-05-03T15:59:26.703+0500][60.153s] GC(6) Survivor regions: 16->23(39)
[2020-05-03T15:59:26.703+0500][60.153s] GC(6) Old regions: 10->10
[2020-05-03T15:59:26.703+0500][60.153s] GC(6) Archive regions: 2->2
[2020-05-03T15:59:26.703+0500][60.153s] GC(6) Humongous regions: 4->4
[2020-05-03T15:59:26.703+0500][60.153s] GC(6) Metaspace: 45415K(46588K)->45415K(46588K) NonClass: 39953K(40704K)->39953K(40704K) Class: 5461K(5884K)->5461K(5884K)
[2020-05-03T15:59:26.703+0500][60.153s] GC(6) Pause Young (Normal) (G1 Evacuation Pause) 320M->37M(512M) 9.944ms
[2020-05-03T15:59:26.703+0500][60.153s] GC(6) User=0.07s Sys=0.00s Real=0.01s
[2020-05-03T19:15:09.554+0500][11802.781s] GC(7) Pause Young (Normal) (G1 Evacuation Pause)
[2020-05-03T19:15:09.555+0500][11802.782s] GC(7) Using 8 workers of 8 for evacuation
[2020-05-03T19:15:09.639+0500][11802.867s] GC(7)   Pre Evacuate Collection Set: 0.5ms
[2020-05-03T19:15:09.748+0500][11802.975s] GC(7)   Merge Heap Roots: 0.2ms
[2020-05-03T19:15:09.749+0500][11802.976s] GC(7)   Evacuate Collection Set: 77.7ms
[2020-05-03T19:15:09.749+0500][11802.977s] GC(7)   Post Evacuate Collection Set: 3.8ms
[2020-05-03T19:15:09.749+0500][11802.977s] GC(7)   Other: 1.1ms
[2020-05-03T19:15:09.750+0500][11802.977s] GC(7) Eden regions: 284->0(269)
[2020-05-03T19:15:09.750+0500][11802.977s] GC(7) Survivor regions: 23->38(39)
[2020-05-03T19:15:09.750+0500][11802.977s] GC(7) Old regions: 10->18
[2020-05-03T19:15:09.750+0500][11802.978s] GC(7) Archive regions: 2->2
[2020-05-03T19:15:09.750+0500][11802.978s] GC(7) Humongous regions: 16->11
[2020-05-03T19:15:09.751+0500][11802.978s] GC(7) Metaspace: 50667K(51964K)->50667K(51964K) NonClass: 44811K(45568K)->44811K(45568K) Class: 5856K(6396K)->5856K(6396K)
[2020-05-03T19:15:09.751+0500][11802.978s] GC(7) Pause Young (Normal) (G1 Evacuation Pause) 333M->67M(512M) 197.292ms
[2020-05-03T19:15:09.751+0500][11802.978s] GC(7) User=0.10s Sys=0.31s Real=0.20s
[2020-05-03T19:15:15.483+0500][11808.710s] GC(8) Pause Young (Normal) (G1 Evacuation Pause)
[2020-05-03T19:15:15.484+0500][11808.711s] GC(8) Using 8 workers of 8 for evacuation
[2020-05-03T19:15:15.499+0500][11808.726s] GC(8) To-space exhausted
[2020-05-03T19:15:15.499+0500][11808.726s] GC(8)   Pre Evacuate Collection Set: 0.1ms
[2020-05-03T19:15:15.499+0500][11808.726s] GC(8)   Merge Heap Roots: 0.1ms
[2020-05-03T19:15:15.499+0500][11808.726s] GC(8)   Evacuate Collection Set: 7.8ms
[2020-05-03T19:15:15.499+0500][11808.726s] GC(8)   Post Evacuate Collection Set: 7.0ms
[2020-05-03T19:15:15.499+0500][11808.726s] GC(8)   Other: 1.3ms
[2020-05-03T19:15:15.499+0500][11808.726s] GC(8) Eden regions: 269->0(67)
[2020-05-03T19:15:15.499+0500][11808.726s] GC(8) Survivor regions: 38->4(16)
[2020-05-03T19:15:15.499+0500][11808.726s] GC(8) Old regions: 18->322
[2020-05-03T19:15:15.499+0500][11808.726s] GC(8) Archive regions: 2->2
[2020-05-03T19:15:15.499+0500][11808.726s] GC(8) Humongous regions: 169->46
[2020-05-03T19:15:15.499+0500][11808.726s] GC(8) Metaspace: 50674K(51964K)->50674K(51964K) NonClass: 44818K(45568K)->44818K(45568K) Class: 5856K(6396K)->5856K(6396K)
[2020-05-03T19:15:15.499+0500][11808.726s] GC(8) Pause Young (Normal) (G1 Evacuation Pause) 494M->372M(512M) 16.344ms
[2020-05-03T19:15:15.499+0500][11808.726s] GC(8) User=0.09s Sys=0.01s Real=0.01s
[2020-05-03T19:15:16.177+0500][11809.404s] GC(9) Pause Young (Concurrent Start) (G1 Humongous Allocation)
[2020-05-03T19:15:16.177+0500][11809.404s] GC(9) Using 8 workers of 8 for evacuation
[2020-05-03T19:15:16.180+0500][11809.407s] GC(9)   Pre Evacuate Collection Set: 0.2ms
[2020-05-03T19:15:16.180+0500][11809.408s] GC(9)   Merge Heap Roots: 0.1ms
[2020-05-03T19:15:16.180+0500][11809.408s] GC(9)   Evacuate Collection Set: 2.4ms
[2020-05-03T19:15:16.180+0500][11809.408s] GC(9)   Post Evacuate Collection Set: 0.6ms
[2020-05-03T19:15:16.180+0500][11809.408s] GC(9)   Other: 0.3ms
[2020-05-03T19:15:16.180+0500][11809.408s] GC(9) Eden regions: 33->0(57)
[2020-05-03T19:15:16.180+0500][11809.408s] GC(9) Survivor regions: 4->8(9)
[2020-05-03T19:15:16.180+0500][11809.408s] GC(9) Old regions: 322->322
[2020-05-03T19:15:16.180+0500][11809.408s] GC(9) Archive regions: 2->2
[2020-05-03T19:15:16.180+0500][11809.408s] GC(9) Humongous regions: 46->46
[2020-05-03T19:15:16.180+0500][11809.408s] GC(9) Metaspace: 50684K(51964K)->50684K(51964K) NonClass: 44827K(45568K)->44827K(45568K) Class: 5857K(6396K)->5857K(6396K)
[2020-05-03T19:15:16.181+0500][11809.408s] GC(9) Pause Young (Concurrent Start) (G1 Humongous Allocation) 405M->376M(512M) 3.611ms
[2020-05-03T19:15:16.181+0500][11809.408s] GC(9) User=0.01s Sys=0.01s Real=0.01s
[2020-05-03T19:15:16.181+0500][11809.408s] GC(10) Concurrent Cycle
[2020-05-03T19:15:16.181+0500][11809.408s] GC(10) Concurrent Clear Claimed Marks
[2020-05-03T19:15:16.181+0500][11809.408s] GC(10) Concurrent Clear Claimed Marks 0.053ms
[2020-05-03T19:15:16.181+0500][11809.408s] GC(10) Concurrent Scan Root Regions
[2020-05-03T19:15:16.183+0500][11809.410s] GC(10) Concurrent Scan Root Regions 2.595ms
[2020-05-03T19:15:16.183+0500][11809.410s] GC(10) Concurrent Mark (11809.410s)
[2020-05-03T19:15:16.183+0500][11809.410s] GC(10) Concurrent Mark From Roots
[2020-05-03T19:15:16.183+0500][11809.410s] GC(10) Using 2 workers of 2 for marking
[2020-05-03T19:15:16.206+0500][11809.434s] GC(10) Concurrent Mark From Roots 23.104ms
[2020-05-03T19:15:16.207+0500][11809.434s] GC(10) Concurrent Preclean
[2020-05-03T19:15:16.207+0500][11809.434s] GC(10) Concurrent Preclean 0.184ms
[2020-05-03T19:15:16.207+0500][11809.434s] GC(10) Concurrent Mark (11809.410s, 11809.434s) 23.378ms
[2020-05-03T19:15:16.207+0500][11809.434s] GC(10) Pause Remark
[2020-05-03T19:15:16.246+0500][11809.473s] GC(10) Pause Remark 391M->391M(512M) 38.703ms
[2020-05-03T19:15:16.246+0500][11809.473s] GC(10) User=0.03s Sys=0.14s Real=0.04s
[2020-05-03T19:15:16.246+0500][11809.473s] GC(10) Concurrent Rebuild Remembered Sets
[2020-05-03T19:15:16.259+0500][11809.486s] GC(10) Concurrent Rebuild Remembered Sets 13.179ms
[2020-05-03T19:15:16.260+0500][11809.487s] GC(10) Pause Cleanup
[2020-05-03T19:15:16.260+0500][11809.487s] GC(10) Pause Cleanup 406M->406M(512M) 0.197ms
[2020-05-03T19:15:16.260+0500][11809.487s] GC(10) User=0.00s Sys=0.00s Real=0.00s
[2020-05-03T19:15:16.260+0500][11809.487s] GC(10) Concurrent Cleanup for Next Mark
[2020-05-03T19:15:16.261+0500][11809.488s] GC(10) Concurrent Cleanup for Next Mark 1.306ms
[2020-05-03T19:15:16.261+0500][11809.488s] GC(10) Concurrent Cycle 80.614ms
[2020-05-03T19:15:17.845+0500][11811.072s] GC(11) Pause Young (Prepare Mixed) (G1 Evacuation Pause)
[2020-05-03T19:15:17.845+0500][11811.072s] GC(11) Using 8 workers of 8 for evacuation
[2020-05-03T19:15:17.848+0500][11811.076s] GC(11)   Pre Evacuate Collection Set: 0.1ms
[2020-05-03T19:15:17.849+0500][11811.076s] GC(11)   Merge Heap Roots: 0.1ms
[2020-05-03T19:15:17.849+0500][11811.076s] GC(11)   Evacuate Collection Set: 2.9ms
[2020-05-03T19:15:17.849+0500][11811.076s] GC(11)   Post Evacuate Collection Set: 0.5ms
[2020-05-03T19:15:17.849+0500][11811.076s] GC(11)   Other: 0.1ms
[2020-05-03T19:15:17.849+0500][11811.076s] GC(11) Eden regions: 57->0(16)
[2020-05-03T19:15:17.849+0500][11811.076s] GC(11) Survivor regions: 8->9(9)
[2020-05-03T19:15:17.849+0500][11811.076s] GC(11) Old regions: 322->329
[2020-05-03T19:15:17.849+0500][11811.076s] GC(11) Archive regions: 2->2
[2020-05-03T19:15:17.849+0500][11811.076s] GC(11) Humongous regions: 74->74
[2020-05-03T19:15:17.849+0500][11811.076s] GC(11) Metaspace: 50580K(51964K)->50580K(51964K) NonClass: 44748K(45568K)->44748K(45568K) Class: 5831K(6396K)->5831K(6396K)
[2020-05-03T19:15:17.849+0500][11811.076s] GC(11) Pause Young (Prepare Mixed) (G1 Evacuation Pause) 461M->411M(512M) 3.807ms
[2020-05-03T19:15:17.849+0500][11811.076s] GC(11) User=0.02s Sys=0.01s Real=0.00s
[2020-05-03T19:15:18.081+0500][11811.308s] GC(12) Pause Young (Mixed) (G1 Evacuation Pause)
[2020-05-03T19:15:18.081+0500][11811.308s] GC(12) Using 8 workers of 8 for evacuation
[2020-05-03T19:15:18.085+0500][11811.312s] GC(12)   Pre Evacuate Collection Set: 0.1ms
[2020-05-03T19:15:18.085+0500][11811.312s] GC(12)   Merge Heap Roots: 0.1ms
[2020-05-03T19:15:18.085+0500][11811.312s] GC(12)   Evacuate Collection Set: 2.5ms
[2020-05-03T19:15:18.085+0500][11811.312s] GC(12)   Post Evacuate Collection Set: 0.6ms
[2020-05-03T19:15:18.085+0500][11811.312s] GC(12)   Other: 0.2ms
[2020-05-03T19:15:18.085+0500][11811.312s] GC(12) Eden regions: 16->0(22)
[2020-05-03T19:15:18.085+0500][11811.312s] GC(12) Survivor regions: 9->3(4)
[2020-05-03T19:15:18.085+0500][11811.312s] GC(12) Old regions: 329->287
[2020-05-03T19:15:18.085+0500][11811.312s] GC(12) Archive regions: 2->2
[2020-05-03T19:15:18.085+0500][11811.312s] GC(12) Humongous regions: 75->74
[2020-05-03T19:15:18.085+0500][11811.312s] GC(12) Metaspace: 50580K(51964K)->50580K(51964K) NonClass: 44748K(45568K)->44748K(45568K) Class: 5831K(6396K)->5831K(6396K)
[2020-05-03T19:15:18.085+0500][11811.312s] GC(12) Pause Young (Mixed) (G1 Evacuation Pause) 428M->364M(512M) 3.605ms
[2020-05-03T19:15:18.085+0500][11811.312s] GC(12) User=0.01s Sys=0.01s Real=0.00s
[2020-05-03T19:15:18.417+0500][11811.644s] GC(13) Pause Young (Mixed) (G1 Evacuation Pause)
[2020-05-03T19:15:18.417+0500][11811.644s] GC(13) Using 8 workers of 8 for evacuation
[2020-05-03T19:15:18.419+0500][11811.646s] GC(13)   Pre Evacuate Collection Set: 0.1ms
[2020-05-03T19:15:18.419+0500][11811.646s] GC(13)   Merge Heap Roots: 0.1ms
[2020-05-03T19:15:18.419+0500][11811.646s] GC(13)   Evacuate Collection Set: 1.5ms
[2020-05-03T19:15:18.419+0500][11811.646s] GC(13)   Post Evacuate Collection Set: 0.5ms
[2020-05-03T19:15:18.419+0500][11811.646s] GC(13)   Other: 0.2ms
[2020-05-03T19:15:18.419+0500][11811.646s] GC(13) Eden regions: 22->0(21)
[2020-05-03T19:15:18.419+0500][11811.646s] GC(13) Survivor regions: 3->4(4)
[2020-05-03T19:15:18.419+0500][11811.646s] GC(13) Old regions: 287->244
[2020-05-03T19:15:18.419+0500][11811.646s] GC(13) Archive regions: 2->2
[2020-05-03T19:15:18.419+0500][11811.646s] GC(13) Humongous regions: 103->102
[2020-05-03T19:15:18.419+0500][11811.646s] GC(13) Metaspace: 50580K(51964K)->50580K(51964K) NonClass: 44748K(45568K)->44748K(45568K) Class: 5831K(6396K)->5831K(6396K)
[2020-05-03T19:15:18.419+0500][11811.646s] GC(13) Pause Young (Mixed) (G1 Evacuation Pause) 415M->349M(512M) 2.529ms
[2020-05-03T19:15:18.419+0500][11811.646s] GC(13) User=0.01s Sys=0.01s Real=0.00s
[2020-05-03T19:15:19.175+0500][11812.402s] GC(14) Pause Young (Mixed) (G1 Evacuation Pause)
[2020-05-03T19:15:19.175+0500][11812.402s] GC(14) Using 8 workers of 8 for evacuation
[2020-05-03T19:15:19.178+0500][11812.405s] GC(14)   Pre Evacuate Collection Set: 0.1ms
[2020-05-03T19:15:19.178+0500][11812.405s] GC(14)   Merge Heap Roots: 0.1ms
[2020-05-03T19:15:19.178+0500][11812.405s] GC(14)   Evacuate Collection Set: 1.8ms
[2020-05-03T19:15:19.178+0500][11812.405s] GC(14)   Post Evacuate Collection Set: 0.4ms
[2020-05-03T19:15:19.178+0500][11812.405s] GC(14)   Other: 0.2ms
[2020-05-03T19:15:19.178+0500][11812.405s] GC(14) Eden regions: 21->0(22)
[2020-05-03T19:15:19.178+0500][11812.405s] GC(14) Survivor regions: 4->3(4)
[2020-05-03T19:15:19.178+0500][11812.405s] GC(14) Old regions: 244->203
[2020-05-03T19:15:19.178+0500][11812.405s] GC(14) Archive regions: 2->2
[2020-05-03T19:15:19.178+0500][11812.405s] GC(14) Humongous regions: 102->102
[2020-05-03T19:15:19.178+0500][11812.405s] GC(14) Metaspace: 50587K(51964K)->50587K(51964K) NonClass: 44755K(45568K)->44755K(45568K) Class: 5832K(6396K)->5832K(6396K)
[2020-05-03T19:15:19.178+0500][11812.405s] GC(14) Pause Young (Mixed) (G1 Evacuation Pause) 370M->307M(512M) 2.667ms
[2020-05-03T19:15:19.178+0500][11812.405s] GC(14) User=0.01s Sys=0.00s Real=0.00s
[2020-05-03T19:15:19.461+0500][11812.688s] GC(15) Pause Young (Mixed) (G1 Evacuation Pause)
[2020-05-03T19:15:19.461+0500][11812.688s] GC(15) Using 8 workers of 8 for evacuation
[2020-05-03T19:15:19.463+0500][11812.691s] GC(15)   Pre Evacuate Collection Set: 0.1ms
[2020-05-03T19:15:19.463+0500][11812.691s] GC(15)   Merge Heap Roots: 0.1ms
[2020-05-03T19:15:19.463+0500][11812.691s] GC(15)   Evacuate Collection Set: 1.5ms
[2020-05-03T19:15:19.463+0500][11812.691s] GC(15)   Post Evacuate Collection Set: 0.5ms
[2020-05-03T19:15:19.464+0500][11812.691s] GC(15)   Other: 0.1ms
[2020-05-03T19:15:19.464+0500][11812.691s] GC(15) Eden regions: 22->0(21)
[2020-05-03T19:15:19.464+0500][11812.691s] GC(15) Survivor regions: 3->4(4)
[2020-05-03T19:15:19.464+0500][11812.691s] GC(15) Old regions: 203->162
[2020-05-03T19:15:19.464+0500][11812.691s] GC(15) Archive regions: 2->2
[2020-05-03T19:15:19.464+0500][11812.691s] GC(15) Humongous regions: 102->74
[2020-05-03T19:15:19.464+0500][11812.691s] GC(15) Metaspace: 50587K(51964K)->50587K(51964K) NonClass: 44755K(45568K)->44755K(45568K) Class: 5832K(6396K)->5832K(6396K)
[2020-05-03T19:15:19.464+0500][11812.691s] GC(15) Pause Young (Mixed) (G1 Evacuation Pause) 329M->239M(512M) 2.402ms
[2020-05-03T19:15:19.464+0500][11812.691s] GC(15) User=0.02s Sys=0.00s Real=0.00s
[2020-05-03T19:15:20.053+0500][11813.280s] GC(16) Pause Young (Mixed) (G1 Evacuation Pause)
[2020-05-03T19:15:20.053+0500][11813.281s] GC(16) Using 8 workers of 8 for evacuation
[2020-05-03T19:15:20.056+0500][11813.283s] GC(16)   Pre Evacuate Collection Set: 0.1ms
[2020-05-03T19:15:20.056+0500][11813.283s] GC(16)   Merge Heap Roots: 0.1ms
[2020-05-03T19:15:20.056+0500][11813.283s] GC(16)   Evacuate Collection Set: 1.8ms
[2020-05-03T19:15:20.056+0500][11813.283s] GC(16)   Post Evacuate Collection Set: 0.5ms
[2020-05-03T19:15:20.056+0500][11813.283s] GC(16)   Other: 0.2ms
[2020-05-03T19:15:20.056+0500][11813.283s] GC(16) Eden regions: 21->0(181)
[2020-05-03T19:15:20.056+0500][11813.283s] GC(16) Survivor regions: 4->4(4)
[2020-05-03T19:15:20.056+0500][11813.283s] GC(16) Old regions: 162->124
[2020-05-03T19:15:20.056+0500][11813.283s] GC(16) Archive regions: 2->2
[2020-05-03T19:15:20.056+0500][11813.283s] GC(16) Humongous regions: 74->74
[2020-05-03T19:15:20.056+0500][11813.283s] GC(16) Metaspace: 50773K(52220K)->50773K(52220K) NonClass: 44923K(45824K)->44923K(45824K) Class: 5850K(6396K)->5850K(6396K)
[2020-05-03T19:15:20.056+0500][11813.283s] GC(16) Pause Young (Mixed) (G1 Evacuation Pause) 260M->201M(512M) 2.747ms
[2020-05-03T19:15:20.056+0500][11813.283s] GC(16) User=0.01s Sys=0.00s Real=0.00s
[2020-05-03T19:15:21.281+0500][11814.508s] GC(17) Pause Young (Normal) (G1 Evacuation Pause)
[2020-05-03T19:15:21.281+0500][11814.508s] GC(17) Using 8 workers of 8 for evacuation
[2020-05-03T19:15:21.283+0500][11814.510s] GC(17)   Pre Evacuate Collection Set: 0.1ms
[2020-05-03T19:15:21.283+0500][11814.510s] GC(17)   Merge Heap Roots: 0.1ms
[2020-05-03T19:15:21.283+0500][11814.510s] GC(17)   Evacuate Collection Set: 1.0ms
[2020-05-03T19:15:21.283+0500][11814.510s] GC(17)   Post Evacuate Collection Set: 0.4ms
[2020-05-03T19:15:21.283+0500][11814.510s] GC(17)   Other: 0.7ms
[2020-05-03T19:15:21.283+0500][11814.510s] GC(17) Eden regions: 181->0(193)
[2020-05-03T19:15:21.283+0500][11814.510s] GC(17) Survivor regions: 4->4(24)
[2020-05-03T19:15:21.283+0500][11814.510s] GC(17) Old regions: 124->124
[2020-05-03T19:15:21.283+0500][11814.510s] GC(17) Archive regions: 2->2
[2020-05-03T19:15:21.283+0500][11814.510s] GC(17) Humongous regions: 74->74
[2020-05-03T19:15:21.283+0500][11814.510s] GC(17) Metaspace: 51125K(52476K)->51125K(52476K) NonClass: 45254K(46080K)->45254K(46080K) Class: 5871K(6396K)->5871K(6396K)
[2020-05-03T19:15:21.283+0500][11814.510s] GC(17) Pause Young (Normal) (G1 Evacuation Pause) 382M->201M(512M) 2.393ms
[2020-05-03T19:15:21.283+0500][11814.510s] GC(17) User=0.01s Sys=0.00s Real=0.00s
[2020-05-03T19:15:22.178+0500][11815.405s] GC(18) Pause Young (Normal) (G1 Evacuation Pause)
[2020-05-03T19:15:22.178+0500][11815.405s] GC(18) Using 8 workers of 8 for evacuation
[2020-05-03T19:15:22.179+0500][11815.406s] GC(18)   Pre Evacuate Collection Set: 0.1ms
[2020-05-03T19:15:22.179+0500][11815.406s] GC(18)   Merge Heap Roots: 0.0ms
[2020-05-03T19:15:22.179+0500][11815.406s] GC(18)   Evacuate Collection Set: 0.7ms
[2020-05-03T19:15:22.179+0500][11815.406s] GC(18)   Post Evacuate Collection Set: 0.4ms
[2020-05-03T19:15:22.179+0500][11815.406s] GC(18)   Other: 0.1ms
[2020-05-03T19:15:22.179+0500][11815.406s] GC(18) Eden regions: 193->0(204)
[2020-05-03T19:15:22.179+0500][11815.406s] GC(18) Survivor regions: 4->4(25)
[2020-05-03T19:15:22.179+0500][11815.406s] GC(18) Old regions: 124->124
[2020-05-03T19:15:22.179+0500][11815.406s] GC(18) Archive regions: 2->2
[2020-05-03T19:15:22.179+0500][11815.406s] GC(18) Humongous regions: 74->74
[2020-05-03T19:15:22.179+0500][11815.406s] GC(18) Metaspace: 51130K(52476K)->51130K(52476K) NonClass: 45258K(46080K)->45258K(46080K) Class: 5871K(6396K)->5871K(6396K)
[2020-05-03T19:15:22.179+0500][11815.406s] GC(18) Pause Young (Normal) (G1 Evacuation Pause) 394M->201M(512M) 1.431ms
[2020-05-03T19:15:22.179+0500][11815.406s] GC(18) User=0.01s Sys=0.00s Real=0.00s
[2020-05-03T19:15:23.330+0500][11816.557s] GC(19) Pause Young (Normal) (G1 Evacuation Pause)
[2020-05-03T19:15:23.330+0500][11816.557s] GC(19) Using 8 workers of 8 for evacuation
[2020-05-03T19:15:23.332+0500][11816.559s] GC(19)   Pre Evacuate Collection Set: 0.1ms
[2020-05-03T19:15:23.332+0500][11816.559s] GC(19)   Merge Heap Roots: 0.1ms
[2020-05-03T19:15:23.332+0500][11816.559s] GC(19)   Evacuate Collection Set: 0.7ms
[2020-05-03T19:15:23.332+0500][11816.559s] GC(19)   Post Evacuate Collection Set: 0.5ms
[2020-05-03T19:15:23.332+0500][11816.559s] GC(19)   Other: 0.2ms
[2020-05-03T19:15:23.332+0500][11816.559s] GC(19) Eden regions: 204->0(214)
[2020-05-03T19:15:23.332+0500][11816.559s] GC(19) Survivor regions: 4->4(26)
[2020-05-03T19:15:23.332+0500][11816.559s] GC(19) Old regions: 124->124
[2020-05-03T19:15:23.332+0500][11816.559s] GC(19) Archive regions: 2->2
[2020-05-03T19:15:23.332+0500][11816.559s] GC(19) Humongous regions: 74->74
[2020-05-03T19:15:23.332+0500][11816.559s] GC(19) Metaspace: 51135K(52476K)->51135K(52476K) NonClass: 45264K(46080K)->45264K(46080K) Class: 5871K(6396K)->5871K(6396K)
[2020-05-03T19:15:23.332+0500][11816.559s] GC(19) Pause Young (Normal) (G1 Evacuation Pause) 405M->201M(512M) 1.588ms
[2020-05-03T19:15:23.332+0500][11816.559s] GC(19) User=0.01s Sys=0.00s Real=0.00s
[2020-05-03T19:15:25.043+0500][11818.270s] GC(20) Pause Young (Normal) (G1 Evacuation Pause)
[2020-05-03T19:15:25.043+0500][11818.270s] GC(20) Using 8 workers of 8 for evacuation
[2020-05-03T19:15:25.045+0500][11818.272s] GC(20)   Pre Evacuate Collection Set: 0.1ms
[2020-05-03T19:15:25.045+0500][11818.272s] GC(20)   Merge Heap Roots: 0.1ms
[2020-05-03T19:15:25.045+0500][11818.272s] GC(20)   Evacuate Collection Set: 1.1ms
[2020-05-03T19:15:25.045+0500][11818.272s] GC(20)   Post Evacuate Collection Set: 0.6ms
[2020-05-03T19:15:25.045+0500][11818.272s] GC(20)   Other: 0.2ms
[2020-05-03T19:15:25.045+0500][11818.272s] GC(20) Eden regions: 214->0(210)
[2020-05-03T19:15:25.045+0500][11818.272s] GC(20) Survivor regions: 4->12(28)
[2020-05-03T19:15:25.045+0500][11818.272s] GC(20) Old regions: 124->124
[2020-05-03T19:15:25.045+0500][11818.272s] GC(20) Archive regions: 2->2
[2020-05-03T19:15:25.045+0500][11818.272s] GC(20) Humongous regions: 74->74
[2020-05-03T19:15:25.045+0500][11818.272s] GC(20) Metaspace: 51259K(52732K)->51259K(52732K) NonClass: 45375K(46336K)->45375K(46336K) Class: 5884K(6396K)->5884K(6396K)
[2020-05-03T19:15:25.045+0500][11818.272s] GC(20) Pause Young (Normal) (G1 Evacuation Pause) 415M->209M(512M) 2.056ms
[2020-05-03T19:15:25.045+0500][11818.272s] GC(20) User=0.01s Sys=0.00s Real=0.00s
[2020-05-03T19:15:28.330+0500][11821.557s] GC(21) Pause Young (Normal) (G1 Evacuation Pause)
[2020-05-03T19:15:28.330+0500][11821.557s] GC(21) Using 8 workers of 8 for evacuation
[2020-05-03T19:15:28.335+0500][11821.562s] GC(21)   Pre Evacuate Collection Set: 0.1ms
[2020-05-03T19:15:28.335+0500][11821.562s] GC(21)   Merge Heap Roots: 0.1ms
[2020-05-03T19:15:28.335+0500][11821.562s] GC(21)   Evacuate Collection Set: 3.6ms
[2020-05-03T19:15:28.335+0500][11821.562s] GC(21)   Post Evacuate Collection Set: 0.7ms
[2020-05-03T19:15:28.335+0500][11821.562s] GC(21)   Other: 0.6ms
[2020-05-03T19:15:28.335+0500][11821.562s] GC(21) Eden regions: 210->0(178)
[2020-05-03T19:15:28.335+0500][11821.562s] GC(21) Survivor regions: 12->28(28)
[2020-05-03T19:15:28.335+0500][11821.562s] GC(21) Old regions: 124->131
[2020-05-03T19:15:28.335+0500][11821.562s] GC(21) Archive regions: 2->2
[2020-05-03T19:15:28.335+0500][11821.562s] GC(21) Humongous regions: 82->78
[2020-05-03T19:15:28.335+0500][11821.562s] GC(21) Metaspace: 51261K(52732K)->51261K(52732K) NonClass: 45377K(46336K)->45377K(46336K) Class: 5884K(6396K)->5884K(6396K)
[2020-05-03T19:15:28.335+0500][11821.562s] GC(21) Pause Young (Normal) (G1 Evacuation Pause) 427M->237M(512M) 5.117ms
[2020-05-03T19:15:28.335+0500][11821.562s] GC(21) User=0.02s Sys=0.01s Real=0.00s
[2020-05-03T19:15:31.341+0500][11824.568s] GC(22) Pause Young (Normal) (G1 Evacuation Pause)
[2020-05-03T19:15:31.341+0500][11824.568s] GC(22) Using 8 workers of 8 for evacuation
[2020-05-03T19:15:31.345+0500][11824.572s] GC(22)   Pre Evacuate Collection Set: 0.1ms
[2020-05-03T19:15:31.345+0500][11824.572s] GC(22)   Merge Heap Roots: 0.1ms
[2020-05-03T19:15:31.345+0500][11824.572s] GC(22)   Evacuate Collection Set: 3.3ms
[2020-05-03T19:15:31.346+0500][11824.573s] GC(22)   Post Evacuate Collection Set: 0.5ms
[2020-05-03T19:15:31.346+0500][11824.573s] GC(22)   Other: 0.2ms
[2020-05-03T19:15:31.346+0500][11824.573s] GC(22) Eden regions: 178->0(155)
[2020-05-03T19:15:31.346+0500][11824.573s] GC(22) Survivor regions: 28->19(26)
[2020-05-03T19:15:31.346+0500][11824.573s] GC(22) Old regions: 131->152
[2020-05-03T19:15:31.346+0500][11824.573s] GC(22) Archive regions: 2->2
[2020-05-03T19:15:31.346+0500][11824.573s] GC(22) Humongous regions: 92->92
[2020-05-03T19:15:31.346+0500][11824.573s] GC(22) Metaspace: 51272K(52732K)->51272K(52732K) NonClass: 45387K(46336K)->45387K(46336K) Class: 5884K(6396K)->5884K(6396K)
[2020-05-03T19:15:31.346+0500][11824.573s] GC(22) Pause Young (Normal) (G1 Evacuation Pause) 429M->263M(512M) 4.329ms
[2020-05-03T19:15:31.346+0500][11824.573s] GC(22) User=0.02s Sys=0.00s Real=0.00s
[2020-05-03T19:15:31.495+0500][11824.722s] GC(23) Pause Young (Concurrent Start) (G1 Humongous Allocation)
[2020-05-03T19:15:31.495+0500][11824.722s] GC(23) Using 8 workers of 8 for evacuation
[2020-05-03T19:15:31.497+0500][11824.724s] GC(23)   Pre Evacuate Collection Set: 0.1ms
[2020-05-03T19:15:31.497+0500][11824.724s] GC(23)   Merge Heap Roots: 0.1ms
[2020-05-03T19:15:31.497+0500][11824.724s] GC(23)   Evacuate Collection Set: 1.4ms
[2020-05-03T19:15:31.497+0500][11824.724s] GC(23)   Post Evacuate Collection Set: 0.4ms
[2020-05-03T19:15:31.497+0500][11824.724s] GC(23)   Other: 0.2ms
[2020-05-03T19:15:31.497+0500][11824.724s] GC(23) Eden regions: 9->0(149)
[2020-05-03T19:15:31.497+0500][11824.724s] GC(23) Survivor regions: 19->2(22)
[2020-05-03T19:15:31.497+0500][11824.724s] GC(23) Old regions: 152->171
[2020-05-03T19:15:31.497+0500][11824.724s] GC(23) Archive regions: 2->2
[2020-05-03T19:15:31.497+0500][11824.724s] GC(23) Humongous regions: 92->92
[2020-05-03T19:15:31.497+0500][11824.724s] GC(23) Metaspace: 51272K(52732K)->51272K(52732K) NonClass: 45387K(46336K)->45387K(46336K) Class: 5884K(6396K)->5884K(6396K)
[2020-05-03T19:15:31.497+0500][11824.724s] GC(23) Pause Young (Concurrent Start) (G1 Humongous Allocation) 272M->264M(512M) 2.339ms
[2020-05-03T19:15:31.497+0500][11824.724s] GC(23) User=0.01s Sys=0.01s Real=0.00s
[2020-05-03T19:15:31.497+0500][11824.724s] GC(24) Concurrent Cycle
[2020-05-03T19:15:31.497+0500][11824.724s] GC(24) Concurrent Clear Claimed Marks
[2020-05-03T19:15:31.498+0500][11824.725s] GC(24) Concurrent Clear Claimed Marks 0.094ms
[2020-05-03T19:15:31.498+0500][11824.725s] GC(24) Concurrent Scan Root Regions
[2020-05-03T19:15:31.498+0500][11824.725s] GC(24) Concurrent Scan Root Regions 0.653ms
[2020-05-03T19:15:31.498+0500][11824.725s] GC(24) Concurrent Mark (11824.725s)
[2020-05-03T19:15:31.498+0500][11824.725s] GC(24) Concurrent Mark From Roots
[2020-05-03T19:15:31.498+0500][11824.725s] GC(24) Using 2 workers of 2 for marking
[2020-05-03T19:15:31.518+0500][11824.745s] GC(24) Concurrent Mark From Roots 19.536ms
[2020-05-03T19:15:31.518+0500][11824.745s] GC(24) Concurrent Preclean
[2020-05-03T19:15:31.518+0500][11824.745s] GC(24) Concurrent Preclean 0.081ms
[2020-05-03T19:15:31.518+0500][11824.745s] GC(24) Concurrent Mark (11824.725s, 11824.745s) 19.690ms
[2020-05-03T19:15:31.518+0500][11824.745s] GC(24) Pause Remark
[2020-05-03T19:15:31.521+0500][11824.748s] GC(24) Pause Remark 267M->149M(512M) 2.625ms
[2020-05-03T19:15:31.521+0500][11824.748s] GC(24) User=0.01s Sys=0.00s Real=0.01s
[2020-05-03T19:15:31.521+0500][11824.748s] GC(24) Concurrent Rebuild Remembered Sets
[2020-05-03T19:15:31.533+0500][11824.760s] GC(24) Concurrent Rebuild Remembered Sets 12.294ms
[2020-05-03T19:15:31.534+0500][11824.761s] GC(24) Pause Cleanup
[2020-05-03T19:15:31.534+0500][11824.761s] GC(24) Pause Cleanup 150M->150M(512M) 0.162ms
[2020-05-03T19:15:31.534+0500][11824.761s] GC(24) User=0.00s Sys=0.00s Real=0.00s
[2020-05-03T19:15:31.534+0500][11824.761s] GC(24) Concurrent Cleanup for Next Mark
[2020-05-03T19:15:31.535+0500][11824.762s] GC(24) Concurrent Cleanup for Next Mark 1.374ms
[2020-05-03T19:15:31.535+0500][11824.762s] GC(24) Concurrent Cycle 37.749ms
[2020-05-03T19:15:34.147+0500][11827.374s] GC(25) Pause Young (Prepare Mixed) (G1 Evacuation Pause)
[2020-05-03T19:15:34.148+0500][11827.375s] GC(25) Using 8 workers of 8 for evacuation
[2020-05-03T19:15:34.150+0500][11827.377s] GC(25)   Pre Evacuate Collection Set: 0.1ms
[2020-05-03T19:15:34.150+0500][11827.377s] GC(25)   Merge Heap Roots: 0.1ms
[2020-05-03T19:15:34.150+0500][11827.377s] GC(25)   Evacuate Collection Set: 1.7ms
[2020-05-03T19:15:34.150+0500][11827.377s] GC(25)   Post Evacuate Collection Set: 0.3ms
[2020-05-03T19:15:34.150+0500][11827.377s] GC(25)   Other: 0.9ms
[2020-05-03T19:15:34.150+0500][11827.377s] GC(25) Eden regions: 149->0(6)
[2020-05-03T19:15:34.150+0500][11827.377s] GC(25) Survivor regions: 2->19(19)
[2020-05-03T19:15:34.150+0500][11827.377s] GC(25) Old regions: 120->120
[2020-05-03T19:15:34.150+0500][11827.377s] GC(25) Archive regions: 2->2
[2020-05-03T19:15:34.150+0500][11827.377s] GC(25) Humongous regions: 69->46
[2020-05-03T19:15:34.150+0500][11827.377s] GC(25) Metaspace: 51274K(52732K)->51274K(52732K) NonClass: 45389K(46336K)->45389K(46336K) Class: 5884K(6396K)->5884K(6396K)
[2020-05-03T19:15:34.150+0500][11827.377s] GC(25) Pause Young (Prepare Mixed) (G1 Evacuation Pause) 339M->184M(512M) 3.221ms
[2020-05-03T19:15:34.150+0500][11827.377s] GC(25) User=0.02s Sys=0.00s Real=0.01s
[2020-05-03T19:15:34.231+0500][11827.458s] GC(26) Pause Young (Mixed) (G1 Evacuation Pause)
[2020-05-03T19:15:34.231+0500][11827.458s] GC(26) Using 8 workers of 8 for evacuation
[2020-05-03T19:15:34.243+0500][11827.470s] GC(26)   Pre Evacuate Collection Set: 0.1ms
[2020-05-03T19:15:34.243+0500][11827.470s] GC(26)   Merge Heap Roots: 0.2ms
[2020-05-03T19:15:34.243+0500][11827.470s] GC(26)   Evacuate Collection Set: 10.2ms
[2020-05-03T19:15:34.243+0500][11827.470s] GC(26)   Post Evacuate Collection Set: 1.0ms
[2020-05-03T19:15:34.243+0500][11827.470s] GC(26)   Other: 0.2ms
[2020-05-03T19:15:34.243+0500][11827.470s] GC(26) Eden regions: 6->0(243)
[2020-05-03T19:15:34.243+0500][11827.470s] GC(26) Survivor regions: 19->2(4)
[2020-05-03T19:15:34.243+0500][11827.470s] GC(26) Old regions: 120->97
[2020-05-03T19:15:34.243+0500][11827.470s] GC(26) Archive regions: 2->2
[2020-05-03T19:15:34.243+0500][11827.470s] GC(26) Humongous regions: 53->46
[2020-05-03T19:15:34.243+0500][11827.470s] GC(26) Metaspace: 51274K(52732K)->51274K(52732K) NonClass: 45389K(46336K)->45389K(46336K) Class: 5884K(6396K)->5884K(6396K)
[2020-05-03T19:15:34.243+0500][11827.470s] GC(26) Pause Young (Mixed) (G1 Evacuation Pause) 197M->144M(512M) 11.774ms
[2020-05-03T19:15:34.243+0500][11827.470s] GC(26) User=0.06s Sys=0.01s Real=0.01s
[2020-05-03T19:15:35.972+0500][11829.199s] GC(27) Pause Young (Normal) (G1 Evacuation Pause)
[2020-05-03T19:15:35.972+0500][11829.199s] GC(27) Using 8 workers of 8 for evacuation
[2020-05-03T19:15:35.974+0500][11829.201s] GC(27)   Pre Evacuate Collection Set: 0.1ms
[2020-05-03T19:15:35.974+0500][11829.201s] GC(27)   Merge Heap Roots: 0.1ms
[2020-05-03T19:15:35.974+0500][11829.201s] GC(27)   Evacuate Collection Set: 1.0ms
[2020-05-03T19:15:35.974+0500][11829.201s] GC(27)   Post Evacuate Collection Set: 0.5ms
[2020-05-03T19:15:35.974+0500][11829.201s] GC(27)   Other: 0.2ms
[2020-05-03T19:15:35.974+0500][11829.201s] GC(27) Eden regions: 243->0(243)
[2020-05-03T19:15:35.974+0500][11829.201s] GC(27) Survivor regions: 2->7(31)
[2020-05-03T19:15:35.974+0500][11829.201s] GC(27) Old regions: 97->97
[2020-05-03T19:15:35.974+0500][11829.201s] GC(27) Archive regions: 2->2
[2020-05-03T19:15:35.974+0500][11829.201s] GC(27) Humongous regions: 53->53
[2020-05-03T19:15:35.974+0500][11829.201s] GC(27) Metaspace: 51291K(52732K)->51291K(52732K) NonClass: 45406K(46336K)->45406K(46336K) Class: 5884K(6396K)->5884K(6396K)
[2020-05-03T19:15:35.974+0500][11829.201s] GC(27) Pause Young (Normal) (G1 Evacuation Pause) 394M->156M(512M) 1.935ms
[2020-05-03T19:15:35.974+0500][11829.201s] GC(27) User=0.01s Sys=0.00s Real=0.00s
[2020-05-03T22:08:42.343+0500][16630.582s] GC(28) Pause Young (Normal) (G1 Evacuation Pause)
[2020-05-03T22:08:42.345+0500][16630.583s] GC(28) Using 8 workers of 8 for evacuation
[2020-05-03T22:08:42.382+0500][16630.621s] GC(28)   Pre Evacuate Collection Set: 2.0ms
[2020-05-03T22:08:42.382+0500][16630.621s] GC(28)   Merge Heap Roots: 0.4ms
[2020-05-03T22:08:42.382+0500][16630.621s] GC(28)   Evacuate Collection Set: 32.9ms
[2020-05-03T22:08:42.382+0500][16630.621s] GC(28)   Post Evacuate Collection Set: 1.9ms
[2020-05-03T22:08:42.382+0500][16630.621s] GC(28)   Other: 2.2ms
[2020-05-03T22:08:42.382+0500][16630.621s] GC(28) Eden regions: 243->0(251)
[2020-05-03T22:08:42.382+0500][16630.621s] GC(28) Survivor regions: 7->8(32)
[2020-05-03T22:08:42.382+0500][16630.621s] GC(28) Old regions: 97->97
[2020-05-03T22:08:42.383+0500][16630.621s] GC(28) Archive regions: 2->2
[2020-05-03T22:08:42.383+0500][16630.621s] GC(28) Humongous regions: 53->53
[2020-05-03T22:08:42.383+0500][16630.621s] GC(28) Metaspace: 51940K(53244K)->51940K(53244K) NonClass: 46038K(46848K)->46038K(46848K) Class: 5901K(6396K)->5901K(6396K)
[2020-05-03T22:08:42.383+0500][16630.621s] GC(28) Pause Young (Normal) (G1 Evacuation Pause) 399M->157M(512M) 39.413ms
[2020-05-03T22:08:42.383+0500][16630.621s] GC(28) User=0.03s Sys=0.16s Real=0.04s
[2020-05-04T00:39:42.142+0500][25690.224s] GC(29) Pause Young (Normal) (G1 Evacuation Pause)
[2020-05-04T00:39:42.142+0500][25690.225s] GC(29) Using 8 workers of 8 for evacuation
[2020-05-04T00:39:42.202+0500][25690.285s] GC(29)   Pre Evacuate Collection Set: 0.5ms
[2020-05-04T00:39:42.202+0500][25690.285s] GC(29)   Merge Heap Roots: 0.2ms
[2020-05-04T00:39:42.202+0500][25690.285s] GC(29)   Evacuate Collection Set: 57.9ms
[2020-05-04T00:39:42.202+0500][25690.285s] GC(29)   Post Evacuate Collection Set: 1.4ms
[2020-05-04T00:39:42.202+0500][25690.285s] GC(29)   Other: 0.9ms
[2020-05-04T00:39:42.202+0500][25690.285s] GC(29) Eden regions: 251->0(221)
[2020-05-04T00:39:42.202+0500][25690.285s] GC(29) Survivor regions: 8->32(33)
[2020-05-04T00:39:42.202+0500][25690.285s] GC(29) Old regions: 97->97
[2020-05-04T00:39:42.202+0500][25690.285s] GC(29) Archive regions: 2->2
[2020-05-04T00:39:42.202+0500][25690.285s] GC(29) Humongous regions: 59->57
[2020-05-04T00:39:42.202+0500][25690.285s] GC(29) Metaspace: 52023K(53244K)->52023K(53244K) NonClass: 46121K(46848K)->46121K(46848K) Class: 5901K(6396K)->5901K(6396K)
[2020-05-04T00:39:42.203+0500][25690.285s] GC(29) Pause Young (Normal) (G1 Evacuation Pause) 414M->185M(512M) 61.009ms
[2020-05-04T00:39:42.203+0500][25690.285s] GC(29) User=0.03s Sys=0.18s Real=0.06s
[2020-05-04T00:39:43.932+0500][25692.015s] GC(30) Pause Young (Concurrent Start) (G1 Humongous Allocation)
[2020-05-04T00:39:43.932+0500][25692.015s] GC(30) Using 8 workers of 8 for evacuation
[2020-05-04T00:39:43.941+0500][25692.024s] GC(30)   Pre Evacuate Collection Set: 0.5ms
[2020-05-04T00:39:43.941+0500][25692.024s] GC(30)   Merge Heap Roots: 0.1ms
[2020-05-04T00:39:43.941+0500][25692.024s] GC(30)   Evacuate Collection Set: 7.2ms
[2020-05-04T00:39:43.941+0500][25692.024s] GC(30)   Post Evacuate Collection Set: 1.0ms
[2020-05-04T00:39:43.941+0500][25692.024s] GC(30)   Other: 0.3ms
[2020-05-04T00:39:43.941+0500][25692.024s] GC(30) Eden regions: 88->0(192)
[2020-05-04T00:39:43.941+0500][25692.024s] GC(30) Survivor regions: 32->15(32)
[2020-05-04T00:39:43.941+0500][25692.024s] GC(30) Old regions: 97->121
[2020-05-04T00:39:43.941+0500][25692.024s] GC(30) Archive regions: 2->2
[2020-05-04T00:39:43.941+0500][25692.024s] GC(30) Humongous regions: 131->78
[2020-05-04T00:39:43.941+0500][25692.024s] GC(30) Metaspace: 52023K(53244K)->52023K(53244K) NonClass: 46121K(46848K)->46121K(46848K) Class: 5901K(6396K)->5901K(6396K)
[2020-05-04T00:39:43.941+0500][25692.024s] GC(30) Pause Young (Concurrent Start) (G1 Humongous Allocation) 347M->213M(512M) 9.113ms
[2020-05-04T00:39:43.941+0500][25692.024s] GC(30) User=0.03s Sys=0.02s Real=0.01s
[2020-05-04T00:39:43.941+0500][25692.024s] GC(31) Concurrent Cycle
[2020-05-04T00:39:43.941+0500][25692.024s] GC(31) Concurrent Clear Claimed Marks
[2020-05-04T00:39:43.941+0500][25692.024s] GC(31) Concurrent Clear Claimed Marks 0.070ms
[2020-05-04T00:39:43.941+0500][25692.024s] GC(31) Concurrent Scan Root Regions
[2020-05-04T00:39:43.989+0500][25692.072s] GC(31) Concurrent Scan Root Regions 47.911ms
[2020-05-04T00:39:43.989+0500][25692.072s] GC(31) Concurrent Mark (25692.072s)
[2020-05-04T00:39:43.989+0500][25692.072s] GC(31) Concurrent Mark From Roots
[2020-05-04T00:39:43.989+0500][25692.072s] GC(31) Using 2 workers of 2 for marking
[2020-05-04T00:39:44.025+0500][25692.107s] GC(31) Concurrent Mark From Roots 35.323ms
[2020-05-04T00:39:44.025+0500][25692.107s] GC(31) Concurrent Preclean
[2020-05-04T00:39:44.025+0500][25692.107s] GC(31) Concurrent Preclean 0.080ms
[2020-05-04T00:39:44.025+0500][25692.107s] GC(31) Concurrent Mark (25692.072s, 25692.107s) 35.477ms
[2020-05-04T00:39:44.025+0500][25692.108s] GC(31) Pause Remark
[2020-05-04T00:39:44.046+0500][25692.128s] GC(31) Pause Remark 219M->187M(512M) 20.648ms
[2020-05-04T00:39:44.046+0500][25692.128s] GC(31) User=0.03s Sys=0.08s Real=0.02s
[2020-05-04T00:39:44.046+0500][25692.128s] GC(31) Concurrent Rebuild Remembered Sets
[2020-05-04T00:39:44.060+0500][25692.142s] GC(31) Concurrent Rebuild Remembered Sets 13.595ms
[2020-05-04T00:39:44.060+0500][25692.142s] GC(31) Pause Cleanup
[2020-05-04T00:39:44.060+0500][25692.143s] GC(31) Pause Cleanup 187M->187M(512M) 0.218ms
[2020-05-04T00:39:44.060+0500][25692.143s] GC(31) User=0.00s Sys=0.00s Real=0.00s
[2020-05-04T00:39:44.060+0500][25692.143s] GC(31) Concurrent Cleanup for Next Mark
[2020-05-04T00:39:44.063+0500][25692.146s] GC(31) Concurrent Cleanup for Next Mark 3.305ms
[2020-05-04T00:39:44.064+0500][25692.146s] GC(31) Concurrent Cycle 122.190ms
[2020-05-04T00:39:46.858+0500][25694.940s] GC(32) Pause Young (Concurrent Start) (G1 Humongous Allocation)
[2020-05-04T00:39:46.858+0500][25694.940s] GC(32) Using 8 workers of 8 for evacuation
[2020-05-04T00:39:46.870+0500][25694.953s] GC(32)   Pre Evacuate Collection Set: 0.2ms
[2020-05-04T00:39:46.870+0500][25694.953s] GC(32)   Merge Heap Roots: 0.1ms
[2020-05-04T00:39:46.870+0500][25694.953s] GC(32)   Evacuate Collection Set: 12.0ms
[2020-05-04T00:39:46.870+0500][25694.953s] GC(32)   Post Evacuate Collection Set: 0.3ms
[2020-05-04T00:39:46.870+0500][25694.953s] GC(32)   Other: 0.2ms
[2020-05-04T00:39:46.870+0500][25694.953s] GC(32) Eden regions: 105->0(183)
[2020-05-04T00:39:46.870+0500][25694.953s] GC(32) Survivor regions: 15->17(26)
[2020-05-04T00:39:46.870+0500][25694.953s] GC(32) Old regions: 121->135
[2020-05-04T00:39:46.870+0500][25694.953s] GC(32) Archive regions: 2->2
[2020-05-04T00:39:46.870+0500][25694.953s] GC(32) Humongous regions: 108->67
[2020-05-04T00:39:46.870+0500][25694.953s] GC(32) Metaspace: 52023K(53244K)->52023K(53244K) NonClass: 46121K(46848K)->46121K(46848K) Class: 5901K(6396K)->5901K(6396K)
[2020-05-04T00:39:46.870+0500][25694.953s] GC(32) Pause Young (Concurrent Start) (G1 Humongous Allocation) 348M->218M(512M) 12.895ms
[2020-05-04T00:39:46.870+0500][25694.953s] GC(32) User=0.01s Sys=0.05s Real=0.02s
[2020-05-04T00:39:46.870+0500][25694.953s] GC(33) Concurrent Cycle
[2020-05-04T00:39:46.870+0500][25694.953s] GC(33) Concurrent Clear Claimed Marks
[2020-05-04T00:39:46.871+0500][25694.953s] GC(33) Concurrent Clear Claimed Marks 0.062ms
[2020-05-04T00:39:46.871+0500][25694.953s] GC(33) Concurrent Scan Root Regions
[2020-05-04T00:39:46.871+0500][25694.954s] GC(33) Concurrent Scan Root Regions 0.589ms
[2020-05-04T00:39:46.871+0500][25694.954s] GC(33) Concurrent Mark (25694.954s)
[2020-05-04T00:39:46.871+0500][25694.954s] GC(33) Concurrent Mark From Roots
[2020-05-04T00:39:46.871+0500][25694.954s] GC(33) Using 2 workers of 2 for marking
[2020-05-04T00:39:46.891+0500][25694.973s] GC(33) Concurrent Mark From Roots 19.707ms
[2020-05-04T00:39:46.891+0500][25694.973s] GC(33) Concurrent Preclean
[2020-05-04T00:39:46.891+0500][25694.973s] GC(33) Concurrent Preclean 0.087ms
[2020-05-04T00:39:46.891+0500][25694.973s] GC(33) Concurrent Mark (25694.954s, 25694.973s) 19.882ms
[2020-05-04T00:39:46.891+0500][25694.974s] GC(33) Pause Remark
[2020-05-04T00:39:46.941+0500][25695.024s] GC(33) Pause Remark 227M->160M(512M) 50.002ms
[2020-05-04T00:39:46.941+0500][25695.024s] GC(33) User=0.04s Sys=0.18s Real=0.05s
[2020-05-04T00:39:46.941+0500][25695.024s] GC(33) Concurrent Rebuild Remembered Sets
[2020-05-04T00:39:46.958+0500][25695.041s] GC(33) Concurrent Rebuild Remembered Sets 16.617ms
[2020-05-04T00:39:46.959+0500][25695.042s] GC(33) Pause Cleanup
[2020-05-04T00:39:46.959+0500][25695.042s] GC(33) Pause Cleanup 169M->169M(512M) 0.209ms
[2020-05-04T00:39:46.959+0500][25695.042s] GC(33) User=0.00s Sys=0.00s Real=0.00s
[2020-05-04T00:39:46.959+0500][25695.042s] GC(33) Concurrent Cleanup for Next Mark
[2020-05-04T00:39:46.962+0500][25695.045s] GC(33) Concurrent Cleanup for Next Mark 2.642ms
[2020-05-04T00:39:46.962+0500][25695.045s] GC(33) Concurrent Cycle 91.736ms
[2020-05-04T00:39:51.317+0500][25699.399s] GC(34) Pause Young (Normal) (G1 Evacuation Pause)
[2020-05-04T00:39:51.318+0500][25699.400s] GC(34) Using 8 workers of 8 for evacuation
[2020-05-04T00:39:51.343+0500][25699.426s] GC(34)   Pre Evacuate Collection Set: 0.1ms
[2020-05-04T00:39:51.343+0500][25699.426s] GC(34)   Merge Heap Roots: 0.1ms
[2020-05-04T00:39:51.343+0500][25699.426s] GC(34)   Evacuate Collection Set: 25.1ms
[2020-05-04T00:39:51.343+0500][25699.426s] GC(34)   Post Evacuate Collection Set: 0.3ms
[2020-05-04T00:39:51.343+0500][25699.426s] GC(34)   Other: 0.9ms
[2020-05-04T00:39:51.344+0500][25699.426s] GC(34) Eden regions: 183->0(217)
[2020-05-04T00:39:51.344+0500][25699.426s] GC(34) Survivor regions: 17->25(25)
[2020-05-04T00:39:51.344+0500][25699.426s] GC(34) Old regions: 83->101
[2020-05-04T00:39:51.344+0500][25699.426s] GC(34) Archive regions: 2->2
[2020-05-04T00:39:51.344+0500][25699.426s] GC(34) Humongous regions: 131->46
[2020-05-04T00:39:51.344+0500][25699.426s] GC(34) Metaspace: 51956K(53244K)->51956K(53244K) NonClass: 46065K(46848K)->46065K(46848K) Class: 5891K(6396K)->5891K(6396K)
[2020-05-04T00:39:51.344+0500][25699.426s] GC(34) Pause Young (Normal) (G1 Evacuation Pause) 413M->171M(512M) 26.580ms
[2020-05-04T00:39:51.344+0500][25699.426s] GC(34) User=0.02s Sys=0.10s Real=0.03s
[2020-05-04T00:39:52.417+0500][25700.499s] GC(35) Pause Young (Normal) (G1 Evacuation Pause)
[2020-05-04T00:39:52.417+0500][25700.499s] GC(35) Using 8 workers of 8 for evacuation
[2020-05-04T00:39:52.432+0500][25700.515s] GC(35)   Pre Evacuate Collection Set: 0.1ms
[2020-05-04T00:39:52.432+0500][25700.515s] GC(35)   Merge Heap Roots: 0.1ms
[2020-05-04T00:39:52.432+0500][25700.515s] GC(35)   Evacuate Collection Set: 15.1ms
[2020-05-04T00:39:52.432+0500][25700.515s] GC(35)   Post Evacuate Collection Set: 0.3ms
[2020-05-04T00:39:52.432+0500][25700.515s] GC(35)   Other: 0.1ms
[2020-05-04T00:39:52.432+0500][25700.515s] GC(35) Eden regions: 217->0(226)
[2020-05-04T00:39:52.432+0500][25700.515s] GC(35) Survivor regions: 25->2(31)
[2020-05-04T00:39:52.432+0500][25700.515s] GC(35) Old regions: 101->125
[2020-05-04T00:39:52.432+0500][25700.515s] GC(35) Archive regions: 2->2
[2020-05-04T00:39:52.432+0500][25700.515s] GC(35) Humongous regions: 74->46
[2020-05-04T00:39:52.432+0500][25700.515s] GC(35) Metaspace: 51963K(53244K)->51963K(53244K) NonClass: 46072K(46848K)->46072K(46848K) Class: 5891K(6396K)->5891K(6396K)
[2020-05-04T00:39:52.432+0500][25700.515s] GC(35) Pause Young (Normal) (G1 Evacuation Pause) 416M->172M(512M) 15.783ms
[2020-05-04T00:39:52.432+0500][25700.515s] GC(35) User=0.02s Sys=0.07s Real=0.02s
[2020-05-04T00:39:52.998+0500][25701.080s] GC(36) Pause Young (Normal) (G1 Evacuation Pause)
[2020-05-04T00:39:52.998+0500][25701.080s] GC(36) Using 8 workers of 8 for evacuation
[2020-05-04T00:39:52.999+0500][25701.081s] GC(36)   Pre Evacuate Collection Set: 0.1ms
[2020-05-04T00:39:52.999+0500][25701.081s] GC(36)   Merge Heap Roots: 0.1ms
[2020-05-04T00:39:52.999+0500][25701.081s] GC(36)   Evacuate Collection Set: 0.6ms
[2020-05-04T00:39:52.999+0500][25701.081s] GC(36)   Post Evacuate Collection Set: 0.4ms
[2020-05-04T00:39:52.999+0500][25701.081s] GC(36)   Other: 0.2ms
[2020-05-04T00:39:52.999+0500][25701.081s] GC(36) Eden regions: 226->0(238)
[2020-05-04T00:39:52.999+0500][25701.081s] GC(36) Survivor regions: 2->1(29)
[2020-05-04T00:39:52.999+0500][25701.081s] GC(36) Old regions: 125->125
[2020-05-04T00:39:52.999+0500][25701.081s] GC(36) Archive regions: 2->2
[2020-05-04T00:39:52.999+0500][25701.081s] GC(36) Humongous regions: 46->46
[2020-05-04T00:39:52.999+0500][25701.081s] GC(36) Metaspace: 51963K(53244K)->51963K(53244K) NonClass: 46072K(46848K)->46072K(46848K) Class: 5891K(6396K)->5891K(6396K)
[2020-05-04T00:39:52.999+0500][25701.081s] GC(36) Pause Young (Normal) (G1 Evacuation Pause) 398M->172M(512M) 1.423ms
[2020-05-04T00:39:52.999+0500][25701.081s] GC(36) User=0.00s Sys=0.00s Real=0.00s
[2020-05-04T00:39:53.685+0500][25701.767s] GC(37) Pause Young (Normal) (G1 Evacuation Pause)
[2020-05-04T00:39:53.685+0500][25701.767s] GC(37) Using 8 workers of 8 for evacuation
[2020-05-04T00:39:53.686+0500][25701.768s] GC(37)   Pre Evacuate Collection Set: 0.1ms
[2020-05-04T00:39:53.686+0500][25701.768s] GC(37)   Merge Heap Roots: 0.0ms
[2020-05-04T00:39:53.686+0500][25701.768s] GC(37)   Evacuate Collection Set: 0.4ms
[2020-05-04T00:39:53.686+0500][25701.768s] GC(37)   Post Evacuate Collection Set: 0.3ms
[2020-05-04T00:39:53.686+0500][25701.768s] GC(37)   Other: 0.1ms
[2020-05-04T00:39:53.686+0500][25701.768s] GC(37) Eden regions: 238->0(244)
[2020-05-04T00:39:53.686+0500][25701.768s] GC(37) Survivor regions: 1->3(30)
[2020-05-04T00:39:53.686+0500][25701.768s] GC(37) Old regions: 125->125
[2020-05-04T00:39:53.686+0500][25701.768s] GC(37) Archive regions: 2->2
[2020-05-04T00:39:53.686+0500][25701.768s] GC(37) Humongous regions: 46->46
[2020-05-04T00:39:53.686+0500][25701.768s] GC(37) Metaspace: 51967K(53244K)->51967K(53244K) NonClass: 46076K(46848K)->46076K(46848K) Class: 5891K(6396K)->5891K(6396K)
[2020-05-04T00:39:53.686+0500][25701.768s] GC(37) Pause Young (Normal) (G1 Evacuation Pause) 410M->174M(512M) 1.076ms
[2020-05-04T00:39:53.686+0500][25701.768s] GC(37) User=0.00s Sys=0.01s Real=0.00s
[2020-05-04T00:39:55.636+0500][25703.718s] GC(38) Pause Young (Normal) (G1 Evacuation Pause)
[2020-05-04T00:39:55.636+0500][25703.718s] GC(38) Using 8 workers of 8 for evacuation
[2020-05-04T00:39:55.646+0500][25703.729s] GC(38)   Pre Evacuate Collection Set: 0.1ms
[2020-05-04T00:39:55.646+0500][25703.729s] GC(38)   Merge Heap Roots: 0.1ms
[2020-05-04T00:39:55.646+0500][25703.729s] GC(38)   Evacuate Collection Set: 9.9ms
[2020-05-04T00:39:55.646+0500][25703.729s] GC(38)   Post Evacuate Collection Set: 0.3ms
[2020-05-04T00:39:55.646+0500][25703.729s] GC(38)   Other: 0.1ms
[2020-05-04T00:39:55.646+0500][25703.729s] GC(38) Eden regions: 244->0(234)
[2020-05-04T00:39:55.646+0500][25703.729s] GC(38) Survivor regions: 3->12(31)
[2020-05-04T00:39:55.646+0500][25703.729s] GC(38) Old regions: 125->125
[2020-05-04T00:39:55.646+0500][25703.729s] GC(38) Archive regions: 2->2
[2020-05-04T00:39:55.646+0500][25703.729s] GC(38) Humongous regions: 50->48
[2020-05-04T00:39:55.646+0500][25703.729s] GC(38) Metaspace: 51983K(53500K)->51983K(53500K) NonClass: 46092K(47104K)->46092K(47104K) Class: 5891K(6396K)->5891K(6396K)
[2020-05-04T00:39:55.646+0500][25703.729s] GC(38) Pause Young (Normal) (G1 Evacuation Pause) 422M->185M(512M) 10.617ms
[2020-05-04T00:39:55.646+0500][25703.729s] GC(38) User=0.01s Sys=0.04s Real=0.01s
[2020-05-04T00:39:59.300+0500][25707.382s] GC(39) Pause Young (Normal) (G1 Evacuation Pause)
[2020-05-04T00:39:59.300+0500][25707.383s] GC(39) Using 8 workers of 8 for evacuation
[2020-05-04T00:39:59.310+0500][25707.393s] GC(39)   Pre Evacuate Collection Set: 0.1ms
[2020-05-04T00:39:59.311+0500][25707.393s] GC(39)   Merge Heap Roots: 0.1ms
[2020-05-04T00:39:59.311+0500][25707.393s] GC(39)   Evacuate Collection Set: 9.3ms
[2020-05-04T00:39:59.311+0500][25707.393s] GC(39)   Post Evacuate Collection Set: 0.5ms
[2020-05-04T00:39:59.311+0500][25707.393s] GC(39)   Other: 0.6ms
[2020-05-04T00:39:59.311+0500][25707.393s] GC(39) Eden regions: 234->0(193)
[2020-05-04T00:39:59.311+0500][25707.393s] GC(39) Survivor regions: 12->31(31)
[2020-05-04T00:39:59.311+0500][25707.393s] GC(39) Old regions: 125->127
[2020-05-04T00:39:59.311+0500][25707.393s] GC(39) Archive regions: 2->2
[2020-05-04T00:39:59.311+0500][25707.393s] GC(39) Humongous regions: 88->67
[2020-05-04T00:39:59.311+0500][25707.393s] GC(39) Metaspace: 51984K(53500K)->51984K(53500K) NonClass: 46093K(47104K)->46093K(47104K) Class: 5891K(6396K)->5891K(6396K)
[2020-05-04T00:39:59.311+0500][25707.393s] GC(39) Pause Young (Normal) (G1 Evacuation Pause) 459M->225M(512M) 10.625ms
[2020-05-04T00:39:59.311+0500][25707.393s] GC(39) User=0.02s Sys=0.04s Real=0.01s
[2020-05-04T00:40:00.947+0500][25709.029s] GC(40) Pause Young (Concurrent Start) (G1 Humongous Allocation)
[2020-05-04T00:40:00.947+0500][25709.029s] GC(40) Using 8 workers of 8 for evacuation
[2020-05-04T00:40:00.954+0500][25709.037s] GC(40)   Pre Evacuate Collection Set: 0.2ms
[2020-05-04T00:40:00.954+0500][25709.037s] GC(40)   Merge Heap Roots: 0.1ms
[2020-05-04T00:40:00.954+0500][25709.037s] GC(40)   Evacuate Collection Set: 6.8ms
[2020-05-04T00:40:00.954+0500][25709.037s] GC(40)   Post Evacuate Collection Set: 0.4ms
[2020-05-04T00:40:00.954+0500][25709.037s] GC(40)   Other: 0.2ms
[2020-05-04T00:40:00.954+0500][25709.037s] GC(40) Eden regions: 80->0(174)
[2020-05-04T00:40:00.954+0500][25709.037s] GC(40) Survivor regions: 31->11(28)
[2020-05-04T00:40:00.954+0500][25709.037s] GC(40) Old regions: 127->156
[2020-05-04T00:40:00.954+0500][25709.037s] GC(40) Archive regions: 2->2
[2020-05-04T00:40:00.954+0500][25709.037s] GC(40) Humongous regions: 101->72
[2020-05-04T00:40:00.954+0500][25709.037s] GC(40) Metaspace: 51984K(53500K)->51984K(53500K) NonClass: 46093K(47104K)->46093K(47104K) Class: 5891K(6396K)->5891K(6396K)
[2020-05-04T00:40:00.954+0500][25709.037s] GC(40) Pause Young (Concurrent Start) (G1 Humongous Allocation) 339M->238M(512M) 7.774ms
[2020-05-04T00:40:00.954+0500][25709.037s] GC(40) User=0.02s Sys=0.02s Real=0.01s
[2020-05-04T00:40:00.955+0500][25709.037s] GC(41) Concurrent Cycle
[2020-05-04T00:40:00.955+0500][25709.037s] GC(41) Concurrent Clear Claimed Marks
[2020-05-04T00:40:00.955+0500][25709.037s] GC(41) Concurrent Clear Claimed Marks 0.093ms
[2020-05-04T00:40:00.955+0500][25709.037s] GC(41) Concurrent Scan Root Regions
[2020-05-04T00:40:00.956+0500][25709.038s] GC(41) Concurrent Scan Root Regions 0.850ms
[2020-05-04T00:40:00.956+0500][25709.038s] GC(41) Concurrent Mark (25709.038s)
[2020-05-04T00:40:00.956+0500][25709.038s] GC(41) Concurrent Mark From Roots
[2020-05-04T00:40:00.956+0500][25709.038s] GC(41) Using 2 workers of 2 for marking
[2020-05-04T00:40:00.975+0500][25709.057s] GC(41) Concurrent Mark From Roots 18.948ms
[2020-05-04T00:40:00.975+0500][25709.057s] GC(41) Concurrent Preclean
[2020-05-04T00:40:00.975+0500][25709.057s] GC(41) Concurrent Preclean 0.067ms
[2020-05-04T00:40:00.975+0500][25709.057s] GC(41) Concurrent Mark (25709.038s, 25709.057s) 19.088ms
[2020-05-04T00:40:00.975+0500][25709.057s] GC(41) Pause Remark
[2020-05-04T00:40:00.978+0500][25709.060s] GC(41) Pause Remark 245M->173M(512M) 3.018ms
[2020-05-04T00:40:00.978+0500][25709.060s] GC(41) User=0.02s Sys=0.00s Real=0.00s
[2020-05-04T00:40:00.978+0500][25709.061s] GC(41) Concurrent Rebuild Remembered Sets
[2020-05-04T00:40:00.991+0500][25709.073s] GC(41) Concurrent Rebuild Remembered Sets 12.689ms
[2020-05-04T00:40:00.991+0500][25709.073s] GC(41) Pause Cleanup
[2020-05-04T00:40:00.991+0500][25709.074s] GC(41) Pause Cleanup 173M->173M(512M) 0.144ms
[2020-05-04T00:40:00.991+0500][25709.074s] GC(41) User=0.00s Sys=0.00s Real=0.00s
[2020-05-04T00:40:00.991+0500][25709.074s] GC(41) Concurrent Cleanup for Next Mark
[2020-05-04T00:40:00.992+0500][25709.074s] GC(41) Concurrent Cleanup for Next Mark 0.512ms
[2020-05-04T00:40:00.992+0500][25709.074s] GC(41) Concurrent Cycle 37.196ms
[2020-05-04T00:40:04.285+0500][25712.367s] GC(42) Pause Young (Prepare Mixed) (G1 Evacuation Pause)
[2020-05-04T00:40:04.285+0500][25712.367s] GC(42) Using 8 workers of 8 for evacuation
[2020-05-04T00:40:04.288+0500][25712.370s] GC(42)   Pre Evacuate Collection Set: 0.1ms
[2020-05-04T00:40:04.288+0500][25712.370s] GC(42)   Merge Heap Roots: 0.1ms
[2020-05-04T00:40:04.288+0500][25712.370s] GC(42)   Evacuate Collection Set: 2.2ms
[2020-05-04T00:40:04.288+0500][25712.370s] GC(42)   Post Evacuate Collection Set: 0.5ms
[2020-05-04T00:40:04.288+0500][25712.370s] GC(42)   Other: 0.1ms
[2020-05-04T00:40:04.288+0500][25712.370s] GC(42) Eden regions: 174->0(1)
[2020-05-04T00:40:04.288+0500][25712.370s] GC(42) Survivor regions: 11->24(24)
[2020-05-04T00:40:04.288+0500][25712.370s] GC(42) Old regions: 95->99
[2020-05-04T00:40:04.288+0500][25712.370s] GC(42) Archive regions: 2->2
[2020-05-04T00:40:04.288+0500][25712.370s] GC(42) Humongous regions: 81->56
[2020-05-04T00:40:04.288+0500][25712.370s] GC(42) Metaspace: 51984K(53500K)->51984K(53500K) NonClass: 46093K(47104K)->46093K(47104K) Class: 5891K(6396K)->5891K(6396K)
[2020-05-04T00:40:04.288+0500][25712.370s] GC(42) Pause Young (Prepare Mixed) (G1 Evacuation Pause) 360M->179M(512M) 3.055ms
[2020-05-04T00:40:04.288+0500][25712.370s] GC(42) User=0.02s Sys=0.00s Real=0.00s
[2020-05-04T00:40:04.301+0500][25712.384s] GC(43) Pause Young (Mixed) (G1 Evacuation Pause)
[2020-05-04T00:40:04.301+0500][25712.384s] GC(43) Using 8 workers of 8 for evacuation
[2020-05-04T00:40:04.319+0500][25712.401s] GC(43)   Pre Evacuate Collection Set: 0.1ms
[2020-05-04T00:40:04.319+0500][25712.401s] GC(43)   Merge Heap Roots: 0.2ms
[2020-05-04T00:40:04.319+0500][25712.401s] GC(43)   Evacuate Collection Set: 16.0ms
[2020-05-04T00:40:04.319+0500][25712.401s] GC(43)   Post Evacuate Collection Set: 1.4ms
[2020-05-04T00:40:04.319+0500][25712.401s] GC(43)   Other: 0.1ms
[2020-05-04T00:40:04.319+0500][25712.401s] GC(43) Eden regions: 1->0(244)
[2020-05-04T00:40:04.319+0500][25712.401s] GC(43) Survivor regions: 24->1(4)
[2020-05-04T00:40:04.319+0500][25712.401s] GC(43) Old regions: 99->93
[2020-05-04T00:40:04.319+0500][25712.401s] GC(43) Archive regions: 2->2
[2020-05-04T00:40:04.319+0500][25712.401s] GC(43) Humongous regions: 56->56
[2020-05-04T00:40:04.319+0500][25712.401s] GC(43) Metaspace: 51984K(53500K)->51984K(53500K) NonClass: 46093K(47104K)->46093K(47104K) Class: 5891K(6396K)->5891K(6396K)
[2020-05-04T00:40:04.319+0500][25712.401s] GC(43) Pause Young (Mixed) (G1 Evacuation Pause) 180M->149M(512M) 17.889ms
[2020-05-04T00:40:04.319+0500][25712.401s] GC(43) User=0.05s Sys=0.03s Real=0.01s
[2020-05-04T00:40:09.026+0500][25717.109s] GC(44) Pause Young (Normal) (G1 Evacuation Pause)
[2020-05-04T00:40:09.027+0500][25717.109s] GC(44) Using 8 workers of 8 for evacuation
[2020-05-04T00:40:09.034+0500][25717.116s] GC(44)   Pre Evacuate Collection Set: 0.1ms
[2020-05-04T00:40:09.034+0500][25717.117s] GC(44)   Merge Heap Roots: 0.1ms
[2020-05-04T00:40:09.034+0500][25717.117s] GC(44)   Evacuate Collection Set: 6.5ms
[2020-05-04T00:40:09.034+0500][25717.117s] GC(44)   Post Evacuate Collection Set: 0.3ms
[2020-05-04T00:40:09.034+0500][25717.117s] GC(44)   Other: 0.9ms
[2020-05-04T00:40:09.034+0500][25717.117s] GC(44) Eden regions: 244->0(197)
[2020-05-04T00:40:09.034+0500][25717.117s] GC(44) Survivor regions: 1->27(31)
[2020-05-04T00:40:09.034+0500][25717.117s] GC(44) Old regions: 93->93
[2020-05-04T00:40:09.034+0500][25717.117s] GC(44) Archive regions: 2->2
[2020-05-04T00:40:09.034+0500][25717.117s] GC(44) Humongous regions: 109->88
[2020-05-04T00:40:09.034+0500][25717.117s] GC(44) Metaspace: 51987K(53500K)->51987K(53500K) NonClass: 46096K(47104K)->46096K(47104K) Class: 5891K(6396K)->5891K(6396K)
[2020-05-04T00:40:09.034+0500][25717.117s] GC(44) Pause Young (Normal) (G1 Evacuation Pause) 446M->207M(512M) 8.021ms
[2020-05-04T00:40:09.034+0500][25717.117s] GC(44) User=0.02s Sys=0.02s Real=0.01s
[2020-05-04T00:40:09.825+0500][25717.908s] GC(45) Pause Young (Normal) (G1 Evacuation Pause)
[2020-05-04T00:40:09.825+0500][25717.908s] GC(45) Using 8 workers of 8 for evacuation
[2020-05-04T00:40:09.829+0500][25717.911s] GC(45)   Pre Evacuate Collection Set: 0.1ms
[2020-05-04T00:40:09.829+0500][25717.911s] GC(45)   Merge Heap Roots: 0.1ms
[2020-05-04T00:40:09.829+0500][25717.911s] GC(45)   Evacuate Collection Set: 3.0ms
[2020-05-04T00:40:09.829+0500][25717.911s] GC(45)   Post Evacuate Collection Set: 0.3ms
[2020-05-04T00:40:09.829+0500][25717.911s] GC(45)   Other: 0.1ms
[2020-05-04T00:40:09.829+0500][25717.911s] GC(45) Eden regions: 197->0(206)
[2020-05-04T00:40:09.829+0500][25717.911s] GC(45) Survivor regions: 27->1(28)
[2020-05-04T00:40:09.829+0500][25717.911s] GC(45) Old regions: 93->119
[2020-05-04T00:40:09.829+0500][25717.911s] GC(45) Archive regions: 2->2
[2020-05-04T00:40:09.829+0500][25717.911s] GC(45) Humongous regions: 88->88
[2020-05-04T00:40:09.829+0500][25717.911s] GC(45) Metaspace: 51987K(53500K)->51987K(53500K) NonClass: 46096K(47104K)->46096K(47104K) Class: 5891K(6396K)->5891K(6396K)
[2020-05-04T00:40:09.829+0500][25717.912s] GC(45) Pause Young (Normal) (G1 Evacuation Pause) 404M->207M(512M) 3.649ms
[2020-05-04T00:40:09.829+0500][25717.912s] GC(45) User=0.01s Sys=0.01s Real=0.00s
[2020-05-04T00:40:10.519+0500][25718.601s] GC(46) Pause Young (Concurrent Start) (G1 Evacuation Pause)
[2020-05-04T00:40:10.519+0500][25718.601s] GC(46) Using 8 workers of 8 for evacuation
[2020-05-04T00:40:10.520+0500][25718.603s] GC(46)   Pre Evacuate Collection Set: 0.2ms
[2020-05-04T00:40:10.520+0500][25718.603s] GC(46)   Merge Heap Roots: 0.1ms
[2020-05-04T00:40:10.520+0500][25718.603s] GC(46)   Evacuate Collection Set: 0.7ms
[2020-05-04T00:40:10.520+0500][25718.603s] GC(46)   Post Evacuate Collection Set: 0.4ms
[2020-05-04T00:40:10.521+0500][25718.603s] GC(46)   Other: 0.2ms
[2020-05-04T00:40:10.521+0500][25718.603s] GC(46) Eden regions: 206->0(214)
[2020-05-04T00:40:10.521+0500][25718.603s] GC(46) Survivor regions: 1->1(26)
[2020-05-04T00:40:10.521+0500][25718.603s] GC(46) Old regions: 119->119
[2020-05-04T00:40:10.521+0500][25718.603s] GC(46) Archive regions: 2->2
[2020-05-04T00:40:10.521+0500][25718.603s] GC(46) Humongous regions: 88->88
[2020-05-04T00:40:10.521+0500][25718.603s] GC(46) Metaspace: 51987K(53500K)->51987K(53500K) NonClass: 46096K(47104K)->46096K(47104K) Class: 5891K(6396K)->5891K(6396K)
[2020-05-04T00:40:10.521+0500][25718.603s] GC(46) Pause Young (Concurrent Start) (G1 Evacuation Pause) 413M->208M(512M) 1.791ms
[2020-05-04T00:40:10.521+0500][25718.603s] GC(46) User=0.01s Sys=0.00s Real=0.01s
[2020-05-04T00:40:10.521+0500][25718.603s] GC(47) Concurrent Cycle
[2020-05-04T00:40:10.521+0500][25718.603s] GC(47) Concurrent Clear Claimed Marks
[2020-05-04T00:40:10.521+0500][25718.603s] GC(47) Concurrent Clear Claimed Marks 0.047ms
[2020-05-04T00:40:10.521+0500][25718.603s] GC(47) Concurrent Scan Root Regions
[2020-05-04T00:40:10.521+0500][25718.604s] GC(47) Concurrent Scan Root Regions 0.473ms
[2020-05-04T00:40:10.521+0500][25718.604s] GC(47) Concurrent Mark (25718.604s)
[2020-05-04T00:40:10.521+0500][25718.604s] GC(47) Concurrent Mark From Roots
[2020-05-04T00:40:10.521+0500][25718.604s] GC(47) Using 2 workers of 2 for marking
[2020-05-04T00:40:10.543+0500][25718.626s] GC(47) Concurrent Mark From Roots 21.793ms
[2020-05-04T00:40:10.543+0500][25718.626s] GC(47) Concurrent Preclean
[2020-05-04T00:40:10.543+0500][25718.626s] GC(47) Concurrent Preclean 0.076ms
[2020-05-04T00:40:10.543+0500][25718.626s] GC(47) Concurrent Mark (25718.604s, 25718.626s) 21.930ms
[2020-05-04T00:40:10.544+0500][25718.626s] GC(47) Pause Remark
[2020-05-04T00:40:10.546+0500][25718.629s] GC(47) Pause Remark 213M->170M(512M) 2.916ms
[2020-05-04T00:40:10.546+0500][25718.629s] GC(47) User=0.02s Sys=0.00s Real=0.00s
[2020-05-04T00:40:10.547+0500][25718.629s] GC(47) Concurrent Rebuild Remembered Sets
[2020-05-04T00:40:10.560+0500][25718.643s] GC(47) Concurrent Rebuild Remembered Sets 13.674ms
[2020-05-04T00:40:10.561+0500][25718.643s] GC(47) Pause Cleanup
[2020-05-04T00:40:10.561+0500][25718.643s] GC(47) Pause Cleanup 173M->173M(512M) 0.194ms
[2020-05-04T00:40:10.561+0500][25718.643s] GC(47) User=0.00s Sys=0.00s Real=0.00s
[2020-05-04T00:40:10.561+0500][25718.643s] GC(47) Concurrent Cleanup for Next Mark
[2020-05-04T00:40:10.561+0500][25718.644s] GC(47) Concurrent Cleanup for Next Mark 0.465ms
[2020-05-04T00:40:10.561+0500][25718.644s] GC(47) Concurrent Cycle 40.676ms
[2020-05-04T00:40:12.129+0500][25720.212s] GC(48) Pause Young (Normal) (G1 Evacuation Pause)
[2020-05-04T00:40:12.129+0500][25720.212s] GC(48) Using 8 workers of 8 for evacuation
[2020-05-04T00:40:12.131+0500][25720.213s] GC(48)   Pre Evacuate Collection Set: 0.1ms
[2020-05-04T00:40:12.131+0500][25720.213s] GC(48)   Merge Heap Roots: 0.0ms
[2020-05-04T00:40:12.131+0500][25720.213s] GC(48)   Evacuate Collection Set: 0.8ms
[2020-05-04T00:40:12.131+0500][25720.213s] GC(48)   Post Evacuate Collection Set: 0.3ms
[2020-05-04T00:40:12.131+0500][25720.213s] GC(48)   Other: 0.1ms
[2020-05-04T00:40:12.131+0500][25720.213s] GC(48) Eden regions: 214->0(242)
[2020-05-04T00:40:12.131+0500][25720.213s] GC(48) Survivor regions: 1->11(27)
[2020-05-04T00:40:12.131+0500][25720.213s] GC(48) Old regions: 119->119
[2020-05-04T00:40:12.131+0500][25720.213s] GC(48) Archive regions: 2->2
[2020-05-04T00:40:12.131+0500][25720.213s] GC(48) Humongous regions: 47->47
[2020-05-04T00:40:12.131+0500][25720.213s] GC(48) Metaspace: 52002K(53500K)->52002K(53500K) NonClass: 46111K(47104K)->46111K(47104K) Class: 5891K(6396K)->5891K(6396K)
[2020-05-04T00:40:12.131+0500][25720.213s] GC(48) Pause Young (Normal) (G1 Evacuation Pause) 381M->177M(512M) 1.520ms
[2020-05-04T00:40:12.131+0500][25720.213s] GC(48) User=0.00s Sys=0.00s Real=0.01s
[2020-05-04T00:40:13.225+0500][25721.308s] GC(49) Pause Young (Concurrent Start) (G1 Humongous Allocation)
[2020-05-04T00:40:13.225+0500][25721.308s] GC(49) Using 8 workers of 8 for evacuation
[2020-05-04T00:40:13.227+0500][25721.310s] GC(49)   Pre Evacuate Collection Set: 0.2ms
[2020-05-04T00:40:13.227+0500][25721.310s] GC(49)   Merge Heap Roots: 0.1ms
[2020-05-04T00:40:13.227+0500][25721.310s] GC(49)   Evacuate Collection Set: 1.5ms
[2020-05-04T00:40:13.227+0500][25721.310s] GC(49)   Post Evacuate Collection Set: 0.4ms
[2020-05-04T00:40:13.227+0500][25721.310s] GC(49)   Other: 0.2ms
[2020-05-04T00:40:13.227+0500][25721.310s] GC(49) Eden regions: 77->0(221)
[2020-05-04T00:40:13.227+0500][25721.310s] GC(49) Survivor regions: 11->20(32)
[2020-05-04T00:40:13.227+0500][25721.310s] GC(49) Old regions: 119->119
[2020-05-04T00:40:13.227+0500][25721.310s] GC(49) Archive regions: 2->2
[2020-05-04T00:40:13.227+0500][25721.310s] GC(49) Humongous regions: 47->47
[2020-05-04T00:40:13.227+0500][25721.310s] GC(49) Metaspace: 52002K(53500K)->52002K(53500K) NonClass: 46111K(47104K)->46111K(47104K) Class: 5891K(6396K)->5891K(6396K)
[2020-05-04T00:40:13.228+0500][25721.310s] GC(49) Pause Young (Concurrent Start) (G1 Humongous Allocation) 253M->185M(512M) 2.341ms
[2020-05-04T00:40:13.228+0500][25721.310s] GC(49) User=0.01s Sys=0.00s Real=0.00s
[2020-05-04T00:40:13.228+0500][25721.310s] GC(50) Concurrent Cycle
[2020-05-04T00:40:13.228+0500][25721.310s] GC(50) Concurrent Clear Claimed Marks
[2020-05-04T00:40:13.228+0500][25721.310s] GC(50) Concurrent Clear Claimed Marks 0.071ms
[2020-05-04T00:40:13.228+0500][25721.310s] GC(50) Concurrent Scan Root Regions
[2020-05-04T00:40:13.228+0500][25721.311s] GC(50) Concurrent Scan Root Regions 0.527ms
[2020-05-04T00:40:13.228+0500][25721.311s] GC(50) Concurrent Mark (25721.311s)
[2020-05-04T00:40:13.228+0500][25721.311s] GC(50) Concurrent Mark From Roots
[2020-05-04T00:40:13.228+0500][25721.311s] GC(50) Using 2 workers of 2 for marking
[2020-05-04T00:40:13.248+0500][25721.331s] GC(50) Concurrent Mark From Roots 20.021ms
[2020-05-04T00:40:13.248+0500][25721.331s] GC(50) Concurrent Preclean
[2020-05-04T00:40:13.248+0500][25721.331s] GC(50) Concurrent Preclean 0.084ms
[2020-05-04T00:40:13.248+0500][25721.331s] GC(50) Concurrent Mark (25721.311s, 25721.331s) 20.212ms
[2020-05-04T00:40:13.249+0500][25721.331s] GC(50) Pause Remark
[2020-05-04T00:40:13.252+0500][25721.334s] GC(50) Pause Remark 192M->192M(512M) 3.091ms
[2020-05-04T00:40:13.252+0500][25721.334s] GC(50) User=0.01s Sys=0.00s Real=0.01s
[2020-05-04T00:40:13.252+0500][25721.334s] GC(50) Concurrent Rebuild Remembered Sets
[2020-05-04T00:40:13.265+0500][25721.347s] GC(50) Concurrent Rebuild Remembered Sets 12.768ms
[2020-05-04T00:40:13.265+0500][25721.348s] GC(50) Pause Cleanup
[2020-05-04T00:40:13.265+0500][25721.348s] GC(50) Pause Cleanup 195M->195M(512M) 0.204ms
[2020-05-04T00:40:13.265+0500][25721.348s] GC(50) User=0.00s Sys=0.00s Real=0.00s
[2020-05-04T00:40:13.265+0500][25721.348s] GC(50) Concurrent Cleanup for Next Mark
[2020-05-04T00:40:13.266+0500][25721.348s] GC(50) Concurrent Cleanup for Next Mark 0.471ms
[2020-05-04T00:40:13.266+0500][25721.348s] GC(50) Concurrent Cycle 38.350ms
[2020-05-04T00:40:14.242+0500][25722.324s] GC(51) Pause Young (Normal) (G1 Evacuation Pause)
[2020-05-04T00:40:14.242+0500][25722.324s] GC(51) Using 8 workers of 8 for evacuation
[2020-05-04T00:40:14.245+0500][25722.327s] GC(51)   Pre Evacuate Collection Set: 0.1ms
[2020-05-04T00:40:14.245+0500][25722.327s] GC(51)   Merge Heap Roots: 0.1ms
[2020-05-04T00:40:14.245+0500][25722.327s] GC(51)   Evacuate Collection Set: 2.1ms
[2020-05-04T00:40:14.245+0500][25722.327s] GC(51)   Post Evacuate Collection Set: 0.5ms
[2020-05-04T00:40:14.245+0500][25722.327s] GC(51)   Other: 0.2ms
[2020-05-04T00:40:14.245+0500][25722.327s] GC(51) Eden regions: 221->0(215)
[2020-05-04T00:40:14.245+0500][25722.327s] GC(51) Survivor regions: 20->20(31)
[2020-05-04T00:40:14.245+0500][25722.327s] GC(51) Old regions: 119->126
[2020-05-04T00:40:14.245+0500][25722.327s] GC(51) Archive regions: 2->2
[2020-05-04T00:40:14.245+0500][25722.327s] GC(51) Humongous regions: 51->49
[2020-05-04T00:40:14.245+0500][25722.327s] GC(51) Metaspace: 52003K(53500K)->52003K(53500K) NonClass: 46111K(47104K)->46111K(47104K) Class: 5891K(6396K)->5891K(6396K)
[2020-05-04T00:40:14.245+0500][25722.327s] GC(51) Pause Young (Normal) (G1 Evacuation Pause) 410M->195M(512M) 3.052ms
[2020-05-04T00:40:14.245+0500][25722.328s] GC(51) User=0.02s Sys=0.00s Real=0.00s
[2020-05-04T03:54:03.582+0500][37351.502s] GC(52) Pause Young (Concurrent Start) (G1 Humongous Allocation)
[2020-05-04T03:54:03.583+0500][37351.503s] GC(52) Using 8 workers of 8 for evacuation
[2020-05-04T03:54:03.586+0500][37351.507s] GC(52)   Pre Evacuate Collection Set: 0.2ms
[2020-05-04T03:54:03.586+0500][37351.507s] GC(52)   Merge Heap Roots: 0.1ms
[2020-05-04T03:54:03.586+0500][37351.507s] GC(52)   Evacuate Collection Set: 2.7ms
[2020-05-04T03:54:03.586+0500][37351.507s] GC(52)   Post Evacuate Collection Set: 0.4ms
[2020-05-04T03:54:03.586+0500][37351.507s] GC(52)   Other: 1.2ms
[2020-05-04T03:54:03.586+0500][37351.507s] GC(52) Eden regions: 195->0(210)
[2020-05-04T03:54:03.586+0500][37351.507s] GC(52) Survivor regions: 20->22(30)
[2020-05-04T03:54:03.586+0500][37351.507s] GC(52) Old regions: 126->133
[2020-05-04T03:54:03.586+0500][37351.507s] GC(52) Archive regions: 2->2
[2020-05-04T03:54:03.586+0500][37351.507s] GC(52) Humongous regions: 49->49
[2020-05-04T03:54:03.586+0500][37351.507s] GC(52) Metaspace: 52147K(53500K)->52147K(53500K) NonClass: 46254K(47104K)->46254K(47104K) Class: 5892K(6396K)->5892K(6396K)
[2020-05-04T03:54:03.586+0500][37351.507s] GC(52) Pause Young (Concurrent Start) (G1 Humongous Allocation) 389M->204M(512M) 4.693ms
[2020-05-04T03:54:03.586+0500][37351.507s] GC(52) User=0.03s Sys=0.00s Real=0.00s
[2020-05-04T03:54:03.586+0500][37351.507s] GC(53) Concurrent Cycle
[2020-05-04T03:54:03.586+0500][37351.507s] GC(53) Concurrent Clear Claimed Marks
[2020-05-04T03:54:03.586+0500][37351.507s] GC(53) Concurrent Clear Claimed Marks 0.060ms
[2020-05-04T03:54:03.586+0500][37351.507s] GC(53) Concurrent Scan Root Regions
[2020-05-04T03:54:03.587+0500][37351.508s] GC(53) Concurrent Scan Root Regions 0.841ms
[2020-05-04T03:54:03.587+0500][37351.508s] GC(53) Concurrent Mark (37351.508s)
[2020-05-04T03:54:03.587+0500][37351.508s] GC(53) Concurrent Mark From Roots
[2020-05-04T03:54:03.587+0500][37351.508s] GC(53) Using 2 workers of 2 for marking
[2020-05-04T03:54:03.605+0500][37351.526s] GC(53) Concurrent Mark From Roots 18.204ms
[2020-05-04T03:54:03.606+0500][37351.526s] GC(53) Concurrent Preclean
[2020-05-04T03:54:03.606+0500][37351.526s] GC(53) Concurrent Preclean 0.079ms
[2020-05-04T03:54:03.606+0500][37351.526s] GC(53) Concurrent Mark (37351.508s, 37351.526s) 18.379ms
[2020-05-04T03:54:03.606+0500][37351.527s] GC(53) Pause Remark
[2020-05-04T03:54:03.609+0500][37351.530s] GC(53) Pause Remark 208M->119M(512M) 3.390ms
[2020-05-04T03:54:03.609+0500][37351.530s] GC(53) User=0.02s Sys=0.00s Real=0.00s
[2020-05-04T03:54:03.609+0500][37351.530s] GC(53) Concurrent Rebuild Remembered Sets
[2020-05-04T03:54:03.621+0500][37351.542s] GC(53) Concurrent Rebuild Remembered Sets 11.864ms
[2020-05-04T03:54:03.622+0500][37351.542s] GC(53) Pause Cleanup
[2020-05-04T03:54:03.622+0500][37351.542s] GC(53) Pause Cleanup 119M->119M(512M) 0.168ms
[2020-05-04T03:54:03.622+0500][37351.542s] GC(53) User=0.00s Sys=0.00s Real=0.00s
[2020-05-04T03:54:03.622+0500][37351.543s] GC(53) Concurrent Cleanup for Next Mark
[2020-05-04T03:54:03.622+0500][37351.543s] GC(53) Concurrent Cleanup for Next Mark 0.554ms
[2020-05-04T03:54:03.623+0500][37351.543s] GC(53) Concurrent Cycle 36.227ms
[2020-05-04T03:54:07.380+0500][37355.301s] GC(54) Pause Young (Prepare Mixed) (G1 Evacuation Pause)
[2020-05-04T03:54:07.380+0500][37355.301s] GC(54) Using 8 workers of 8 for evacuation
[2020-05-04T03:54:07.384+0500][37355.305s] GC(54)   Pre Evacuate Collection Set: 0.1ms
[2020-05-04T03:54:07.384+0500][37355.305s] GC(54)   Merge Heap Roots: 0.1ms
[2020-05-04T03:54:07.384+0500][37355.305s] GC(54)   Evacuate Collection Set: 2.6ms
[2020-05-04T03:54:07.384+0500][37355.305s] GC(54)   Post Evacuate Collection Set: 0.7ms
[2020-05-04T03:54:07.384+0500][37355.305s] GC(54)   Other: 0.2ms
[2020-05-04T03:54:07.384+0500][37355.305s] GC(54) Eden regions: 210->0(1)
[2020-05-04T03:54:07.384+0500][37355.305s] GC(54) Survivor regions: 22->29(29)
[2020-05-04T03:54:07.384+0500][37355.305s] GC(54) Old regions: 86->89
[2020-05-04T03:54:07.384+0500][37355.305s] GC(54) Archive regions: 2->2
[2020-05-04T03:54:07.384+0500][37355.305s] GC(54) Humongous regions: 70->27
[2020-05-04T03:54:07.384+0500][37355.305s] GC(54) Metaspace: 52148K(53500K)->52148K(53500K) NonClass: 46255K(47104K)->46255K(47104K) Class: 5892K(6396K)->5892K(6396K)
[2020-05-04T03:54:07.384+0500][37355.305s] GC(54) Pause Young (Prepare Mixed) (G1 Evacuation Pause) 388M->145M(512M) 3.756ms
[2020-05-04T03:54:07.384+0500][37355.305s] GC(54) User=0.03s Sys=0.00s Real=0.00s
[2020-05-04T03:54:07.409+0500][37355.330s] GC(55) Pause Young (Mixed) (G1 Evacuation Pause)
[2020-05-04T03:54:07.409+0500][37355.330s] GC(55) Using 8 workers of 8 for evacuation
[2020-05-04T03:54:07.421+0500][37355.341s] GC(55)   Pre Evacuate Collection Set: 0.1ms
[2020-05-04T03:54:07.421+0500][37355.341s] GC(55)   Merge Heap Roots: 0.2ms
[2020-05-04T03:54:07.421+0500][37355.341s] GC(55)   Evacuate Collection Set: 9.9ms
[2020-05-04T03:54:07.421+0500][37355.341s] GC(55)   Post Evacuate Collection Set: 1.1ms
[2020-05-04T03:54:07.421+0500][37355.341s] GC(55)   Other: 0.2ms
[2020-05-04T03:54:07.421+0500][37355.341s] GC(55) Eden regions: 1->0(287)
[2020-05-04T03:54:07.421+0500][37355.341s] GC(55) Survivor regions: 29->1(4)
[2020-05-04T03:54:07.421+0500][37355.341s] GC(55) Old regions: 89->78
[2020-05-04T03:54:07.421+0500][37355.341s] GC(55) Archive regions: 2->2
[2020-05-04T03:54:07.421+0500][37355.341s] GC(55) Humongous regions: 34->27
[2020-05-04T03:54:07.421+0500][37355.341s] GC(55) Metaspace: 52148K(53500K)->52148K(53500K) NonClass: 46255K(47104K)->46255K(47104K) Class: 5892K(6396K)->5892K(6396K)
[2020-05-04T03:54:07.421+0500][37355.341s] GC(55) Pause Young (Mixed) (G1 Evacuation Pause) 152M->105M(512M) 11.523ms
[2020-05-04T03:54:07.421+0500][37355.341s] GC(55) User=0.05s Sys=0.01s Real=0.02s
[2020-05-04T03:54:13.018+0500][37360.938s] GC(56) Pause Young (Normal) (G1 Evacuation Pause)
[2020-05-04T03:54:13.018+0500][37360.939s] GC(56) Using 8 workers of 8 for evacuation
[2020-05-04T03:54:13.022+0500][37360.943s] GC(56) To-space exhausted
[2020-05-04T03:54:13.022+0500][37360.943s] GC(56)   Pre Evacuate Collection Set: 0.1ms
[2020-05-04T03:54:13.022+0500][37360.943s] GC(56)   Merge Heap Roots: 0.1ms
[2020-05-04T03:54:13.022+0500][37360.943s] GC(56)   Evacuate Collection Set: 0.8ms
[2020-05-04T03:54:13.022+0500][37360.943s] GC(56)   Post Evacuate Collection Set: 2.7ms
[2020-05-04T03:54:13.022+0500][37360.943s] GC(56)   Other: 0.7ms
[2020-05-04T03:54:13.022+0500][37360.943s] GC(56) Eden regions: 252->0(57)
[2020-05-04T03:54:13.022+0500][37360.943s] GC(56) Survivor regions: 1->0(0)
[2020-05-04T03:54:13.022+0500][37360.943s] GC(56) Old regions: 78->331
[2020-05-04T03:54:13.022+0500][37360.943s] GC(56) Archive regions: 2->2
[2020-05-04T03:54:13.022+0500][37360.943s] GC(56) Humongous regions: 179->54
[2020-05-04T03:54:13.022+0500][37360.943s] GC(56) Metaspace: 52148K(53500K)->52148K(53500K) NonClass: 46255K(47104K)->46255K(47104K) Class: 5892K(6396K)->5892K(6396K)
[2020-05-04T03:54:13.022+0500][37360.943s] GC(56) Pause Young (Normal) (G1 Evacuation Pause) 509M->385M(512M) 4.372ms
[2020-05-04T03:54:13.022+0500][37360.943s] GC(56) User=0.02s Sys=0.00s Real=0.01s
[2020-05-04T03:54:14.417+0500][37362.338s] GC(57) Pause Young (Normal) (G1 Evacuation Pause)
[2020-05-04T03:54:14.417+0500][37362.338s] GC(57) Using 8 workers of 8 for evacuation
[2020-05-04T03:54:14.419+0500][37362.340s] GC(57)   Pre Evacuate Collection Set: 0.1ms
[2020-05-04T03:54:14.419+0500][37362.340s] GC(57)   Merge Heap Roots: 0.1ms
[2020-05-04T03:54:14.419+0500][37362.340s] GC(57)   Evacuate Collection Set: 1.0ms
[2020-05-04T03:54:14.419+0500][37362.340s] GC(57)   Post Evacuate Collection Set: 0.5ms
[2020-05-04T03:54:14.419+0500][37362.340s] GC(57)   Other: 0.2ms
[2020-05-04T03:54:14.419+0500][37362.340s] GC(57) Eden regions: 57->0(48)
[2020-05-04T03:54:14.419+0500][37362.340s] GC(57) Survivor regions: 0->8(8)
[2020-05-04T03:54:14.419+0500][37362.340s] GC(57) Old regions: 331->332
[2020-05-04T03:54:14.419+0500][37362.340s] GC(57) Archive regions: 2->2
[2020-05-04T03:54:14.419+0500][37362.340s] GC(57) Humongous regions: 54->54
[2020-05-04T03:54:14.419+0500][37362.340s] GC(57) Metaspace: 52149K(53500K)->52149K(53500K) NonClass: 46256K(47104K)->46256K(47104K) Class: 5892K(6396K)->5892K(6396K)
[2020-05-04T03:54:14.419+0500][37362.340s] GC(57) Pause Young (Normal) (G1 Evacuation Pause) 442M->393M(512M) 1.957ms
[2020-05-04T03:54:14.419+0500][37362.340s] GC(57) User=0.01s Sys=0.00s Real=0.00s
[2020-05-04T03:54:14.502+0500][37362.422s] GC(58) Pause Young (Concurrent Start) (G1 Evacuation Pause)
[2020-05-04T03:54:14.502+0500][37362.423s] GC(58) Using 8 workers of 8 for evacuation
[2020-05-04T03:54:14.503+0500][37362.424s] GC(58)   Pre Evacuate Collection Set: 0.1ms
[2020-05-04T03:54:14.504+0500][37362.424s] GC(58)   Merge Heap Roots: 0.1ms
[2020-05-04T03:54:14.504+0500][37362.424s] GC(58)   Evacuate Collection Set: 0.9ms
[2020-05-04T03:54:14.504+0500][37362.424s] GC(58)   Post Evacuate Collection Set: 0.4ms
[2020-05-04T03:54:14.504+0500][37362.424s] GC(58)   Other: 0.2ms
[2020-05-04T03:54:14.504+0500][37362.424s] GC(58) Eden regions: 48->0(50)
[2020-05-04T03:54:14.504+0500][37362.424s] GC(58) Survivor regions: 8->1(7)
[2020-05-04T03:54:14.504+0500][37362.424s] GC(58) Old regions: 332->339
[2020-05-04T03:54:14.504+0500][37362.424s] GC(58) Archive regions: 2->2
[2020-05-04T03:54:14.504+0500][37362.424s] GC(58) Humongous regions: 54->54
[2020-05-04T03:54:14.504+0500][37362.424s] GC(58) Metaspace: 52149K(53500K)->52149K(53500K) NonClass: 46256K(47104K)->46256K(47104K) Class: 5892K(6396K)->5892K(6396K)
[2020-05-04T03:54:14.504+0500][37362.424s] GC(58) Pause Young (Concurrent Start) (G1 Evacuation Pause) 441M->393M(512M) 1.866ms
[2020-05-04T03:54:14.504+0500][37362.424s] GC(58) User=0.01s Sys=0.00s Real=0.00s
[2020-05-04T03:54:14.504+0500][37362.424s] GC(59) Concurrent Cycle
[2020-05-04T03:54:14.504+0500][37362.424s] GC(59) Concurrent Clear Claimed Marks
[2020-05-04T03:54:14.504+0500][37362.424s] GC(59) Concurrent Clear Claimed Marks 0.095ms
[2020-05-04T03:54:14.504+0500][37362.425s] GC(59) Concurrent Scan Root Regions
[2020-05-04T03:54:14.504+0500][37362.425s] GC(59) Concurrent Scan Root Regions 0.504ms
[2020-05-04T03:54:14.504+0500][37362.425s] GC(59) Concurrent Mark (37362.425s)
[2020-05-04T03:54:14.504+0500][37362.425s] GC(59) Concurrent Mark From Roots
[2020-05-04T03:54:14.504+0500][37362.425s] GC(59) Using 2 workers of 2 for marking
[2020-05-04T03:54:14.524+0500][37362.445s] GC(59) Concurrent Mark From Roots 20.156ms
[2020-05-04T03:54:14.525+0500][37362.445s] GC(59) Concurrent Preclean
[2020-05-04T03:54:14.525+0500][37362.445s] GC(59) Concurrent Preclean 0.078ms
[2020-05-04T03:54:14.525+0500][37362.445s] GC(59) Concurrent Mark (37362.425s, 37362.445s) 20.305ms
[2020-05-04T03:54:14.525+0500][37362.446s] GC(59) Pause Remark
[2020-05-04T03:54:14.530+0500][37362.450s] GC(59) Pause Remark 404M->385M(512M) 4.808ms
[2020-05-04T03:54:14.530+0500][37362.451s] GC(59) User=0.03s Sys=0.00s Real=0.01s
[2020-05-04T03:54:14.530+0500][37362.451s] GC(59) Concurrent Rebuild Remembered Sets
[2020-05-04T03:54:14.544+0500][37362.464s] GC(59) Concurrent Rebuild Remembered Sets 13.734ms
[2020-05-04T03:54:14.544+0500][37362.465s] GC(59) Pause Cleanup
[2020-05-04T03:54:14.544+0500][37362.465s] GC(59) Pause Cleanup 389M->389M(512M) 0.203ms
[2020-05-04T03:54:14.544+0500][37362.465s] GC(59) User=0.00s Sys=0.00s Real=0.00s
[2020-05-04T03:54:14.544+0500][37362.465s] GC(59) Concurrent Cleanup for Next Mark
[2020-05-04T03:54:14.545+0500][37362.465s] GC(59) Concurrent Cleanup for Next Mark 0.454ms
[2020-05-04T03:54:14.545+0500][37362.465s] GC(59) Concurrent Cycle 41.062ms
[2020-05-04T03:54:14.638+0500][37362.558s] GC(60) Pause Young (Prepare Mixed) (G1 Evacuation Pause)
[2020-05-04T03:54:14.638+0500][37362.558s] GC(60) Using 8 workers of 8 for evacuation
[2020-05-04T03:54:14.639+0500][37362.560s] GC(60)   Pre Evacuate Collection Set: 0.1ms
[2020-05-04T03:54:14.639+0500][37362.560s] GC(60)   Merge Heap Roots: 0.1ms
[2020-05-04T03:54:14.639+0500][37362.560s] GC(60)   Evacuate Collection Set: 0.7ms
[2020-05-04T03:54:14.639+0500][37362.560s] GC(60)   Post Evacuate Collection Set: 0.4ms
[2020-05-04T03:54:14.639+0500][37362.560s] GC(60)   Other: 0.1ms
[2020-05-04T03:54:14.639+0500][37362.560s] GC(60) Eden regions: 50->0(24)
[2020-05-04T03:54:14.639+0500][37362.560s] GC(60) Survivor regions: 1->1(7)
[2020-05-04T03:54:14.639+0500][37362.560s] GC(60) Old regions: 328->328
[2020-05-04T03:54:14.639+0500][37362.560s] GC(60) Archive regions: 2->2
[2020-05-04T03:54:14.639+0500][37362.560s] GC(60) Humongous regions: 46->46
[2020-05-04T03:54:14.639+0500][37362.560s] GC(60) Metaspace: 52142K(53500K)->52142K(53500K) NonClass: 46250K(47104K)->46250K(47104K) Class: 5891K(6396K)->5891K(6396K)
[2020-05-04T03:54:14.639+0500][37362.560s] GC(60) Pause Young (Prepare Mixed) (G1 Evacuation Pause) 424M->374M(512M) 1.436ms
[2020-05-04T03:54:14.639+0500][37362.560s] GC(60) User=0.01s Sys=0.00s Real=0.00s
[2020-05-04T03:54:14.711+0500][37362.632s] GC(61) Pause Young (Mixed) (G1 Evacuation Pause)
[2020-05-04T03:54:14.711+0500][37362.632s] GC(61) Using 8 workers of 8 for evacuation
[2020-05-04T03:54:14.712+0500][37362.633s] GC(61)   Pre Evacuate Collection Set: 0.1ms
[2020-05-04T03:54:14.712+0500][37362.633s] GC(61)   Merge Heap Roots: 0.1ms
[2020-05-04T03:54:14.712+0500][37362.633s] GC(61)   Evacuate Collection Set: 0.8ms
[2020-05-04T03:54:14.712+0500][37362.633s] GC(61)   Post Evacuate Collection Set: 0.4ms
[2020-05-04T03:54:14.712+0500][37362.633s] GC(61)   Other: 0.2ms
[2020-05-04T03:54:14.712+0500][37362.633s] GC(61) Eden regions: 24->0(24)
[2020-05-04T03:54:14.712+0500][37362.633s] GC(61) Survivor regions: 1->1(4)
[2020-05-04T03:54:14.712+0500][37362.633s] GC(61) Old regions: 328->281
[2020-05-04T03:54:14.712+0500][37362.633s] GC(61) Archive regions: 2->2
[2020-05-04T03:54:14.713+0500][37362.633s] GC(61) Humongous regions: 46->46
[2020-05-04T03:54:14.713+0500][37362.633s] GC(61) Metaspace: 52142K(53500K)->52142K(53500K) NonClass: 46250K(47104K)->46250K(47104K) Class: 5891K(6396K)->5891K(6396K)
[2020-05-04T03:54:14.713+0500][37362.633s] GC(61) Pause Young (Mixed) (G1 Evacuation Pause) 398M->327M(512M) 1.723ms
[2020-05-04T03:54:14.713+0500][37362.633s] GC(61) User=0.01s Sys=0.00s Real=0.00s
[2020-05-04T03:54:14.779+0500][37362.700s] GC(62) Pause Young (Mixed) (G1 Evacuation Pause)
[2020-05-04T03:54:14.779+0500][37362.700s] GC(62) Using 8 workers of 8 for evacuation
[2020-05-04T03:54:14.780+0500][37362.701s] GC(62)   Pre Evacuate Collection Set: 0.1ms
[2020-05-04T03:54:14.780+0500][37362.701s] GC(62)   Merge Heap Roots: 0.1ms
[2020-05-04T03:54:14.780+0500][37362.701s] GC(62)   Evacuate Collection Set: 0.7ms
[2020-05-04T03:54:14.780+0500][37362.701s] GC(62)   Post Evacuate Collection Set: 0.5ms
[2020-05-04T03:54:14.780+0500][37362.701s] GC(62)   Other: 0.2ms
[2020-05-04T03:54:14.780+0500][37362.701s] GC(62) Eden regions: 24->0(24)
[2020-05-04T03:54:14.780+0500][37362.701s] GC(62) Survivor regions: 1->1(4)
[2020-05-04T03:54:14.780+0500][37362.701s] GC(62) Old regions: 281->236
[2020-05-04T03:54:14.780+0500][37362.701s] GC(62) Archive regions: 2->2
[2020-05-04T03:54:14.780+0500][37362.701s] GC(62) Humongous regions: 46->46
[2020-05-04T03:54:14.780+0500][37362.701s] GC(62) Metaspace: 52142K(53500K)->52142K(53500K) NonClass: 46250K(47104K)->46250K(47104K) Class: 5891K(6396K)->5891K(6396K)
[2020-05-04T03:54:14.780+0500][37362.701s] GC(62) Pause Young (Mixed) (G1 Evacuation Pause) 351M->281M(512M) 1.612ms
[2020-05-04T03:54:14.780+0500][37362.701s] GC(62) User=0.01s Sys=0.00s Real=0.01s
[2020-05-04T03:54:14.850+0500][37362.770s] GC(63) Pause Young (Mixed) (G1 Evacuation Pause)
[2020-05-04T03:54:14.850+0500][37362.770s] GC(63) Using 8 workers of 8 for evacuation
[2020-05-04T03:54:14.851+0500][37362.772s] GC(63)   Pre Evacuate Collection Set: 0.1ms
[2020-05-04T03:54:14.851+0500][37362.772s] GC(63)   Merge Heap Roots: 0.1ms
[2020-05-04T03:54:14.851+0500][37362.772s] GC(63)   Evacuate Collection Set: 0.9ms
[2020-05-04T03:54:14.851+0500][37362.772s] GC(63)   Post Evacuate Collection Set: 0.4ms
[2020-05-04T03:54:14.851+0500][37362.772s] GC(63)   Other: 0.2ms
[2020-05-04T03:54:14.851+0500][37362.772s] GC(63) Eden regions: 24->0(24)
[2020-05-04T03:54:14.851+0500][37362.772s] GC(63) Survivor regions: 1->1(4)
[2020-05-04T03:54:14.851+0500][37362.772s] GC(63) Old regions: 236->192
[2020-05-04T03:54:14.851+0500][37362.772s] GC(63) Archive regions: 2->2
[2020-05-04T03:54:14.851+0500][37362.772s] GC(63) Humongous regions: 46->46
[2020-05-04T03:54:14.851+0500][37362.772s] GC(63) Metaspace: 52142K(53500K)->52142K(53500K) NonClass: 46250K(47104K)->46250K(47104K) Class: 5891K(6396K)->5891K(6396K)
[2020-05-04T03:54:14.851+0500][37362.772s] GC(63) Pause Young (Mixed) (G1 Evacuation Pause) 305M->237M(512M) 1.787ms
[2020-05-04T03:54:14.851+0500][37362.772s] GC(63) User=0.01s Sys=0.01s Real=0.00s
[2020-05-04T03:54:14.903+0500][37362.824s] GC(64) Pause Young (Mixed) (G1 Evacuation Pause)
[2020-05-04T03:54:14.904+0500][37362.824s] GC(64) Using 8 workers of 8 for evacuation
[2020-05-04T03:54:14.906+0500][37362.826s] GC(64)   Pre Evacuate Collection Set: 0.1ms
[2020-05-04T03:54:14.906+0500][37362.826s] GC(64)   Merge Heap Roots: 0.1ms
[2020-05-04T03:54:14.906+0500][37362.826s] GC(64)   Evacuate Collection Set: 1.4ms
[2020-05-04T03:54:14.906+0500][37362.826s] GC(64)   Post Evacuate Collection Set: 0.5ms
[2020-05-04T03:54:14.906+0500][37362.826s] GC(64)   Other: 0.2ms
[2020-05-04T03:54:14.906+0500][37362.826s] GC(64) Eden regions: 24->0(24)
[2020-05-04T03:54:14.906+0500][37362.826s] GC(64) Survivor regions: 1->1(4)
[2020-05-04T03:54:14.906+0500][37362.826s] GC(64) Old regions: 192->148
[2020-05-04T03:54:14.906+0500][37362.826s] GC(64) Archive regions: 2->2
[2020-05-04T03:54:14.906+0500][37362.826s] GC(64) Humongous regions: 46->46
[2020-05-04T03:54:14.906+0500][37362.826s] GC(64) Metaspace: 52142K(53500K)->52142K(53500K) NonClass: 46250K(47104K)->46250K(47104K) Class: 5891K(6396K)->5891K(6396K)
[2020-05-04T03:54:14.906+0500][37362.827s] GC(64) Pause Young (Mixed) (G1 Evacuation Pause) 261M->194M(512M) 2.312ms
[2020-05-04T03:54:14.906+0500][37362.827s] GC(64) User=0.01s Sys=0.00s Real=0.00s
[2020-05-04T03:54:14.974+0500][37362.895s] GC(65) Pause Young (Mixed) (G1 Evacuation Pause)
[2020-05-04T03:54:14.974+0500][37362.895s] GC(65) Using 8 workers of 8 for evacuation
[2020-05-04T03:54:14.977+0500][37362.897s] GC(65)   Pre Evacuate Collection Set: 0.1ms
[2020-05-04T03:54:14.977+0500][37362.898s] GC(65)   Merge Heap Roots: 0.1ms
[2020-05-04T03:54:14.977+0500][37362.898s] GC(65)   Evacuate Collection Set: 1.5ms
[2020-05-04T03:54:14.977+0500][37362.898s] GC(65)   Post Evacuate Collection Set: 0.5ms
[2020-05-04T03:54:14.977+0500][37362.898s] GC(65)   Other: 0.1ms
[2020-05-04T03:54:14.977+0500][37362.898s] GC(65) Eden regions: 24->0(251)
[2020-05-04T03:54:14.977+0500][37362.898s] GC(65) Survivor regions: 1->1(4)
[2020-05-04T03:54:14.977+0500][37362.898s] GC(65) Old regions: 148->109
[2020-05-04T03:54:14.977+0500][37362.898s] GC(65) Archive regions: 2->2
[2020-05-04T03:54:14.977+0500][37362.898s] GC(65) Humongous regions: 46->46
[2020-05-04T03:54:14.977+0500][37362.898s] GC(65) Metaspace: 52142K(53500K)->52142K(53500K) NonClass: 46250K(47104K)->46250K(47104K) Class: 5891K(6396K)->5891K(6396K)
[2020-05-04T03:54:14.977+0500][37362.898s] GC(65) Pause Young (Mixed) (G1 Evacuation Pause) 218M->155M(512M) 2.451ms
[2020-05-04T03:54:14.977+0500][37362.898s] GC(65) User=0.01s Sys=0.00s Real=0.00s
[2020-05-04T03:54:15.596+0500][37363.516s] GC(66) Pause Young (Normal) (G1 Evacuation Pause)
[2020-05-04T03:54:15.596+0500][37363.516s] GC(66) Using 8 workers of 8 for evacuation
[2020-05-04T03:54:15.597+0500][37363.518s] GC(66)   Pre Evacuate Collection Set: 0.1ms
[2020-05-04T03:54:15.597+0500][37363.518s] GC(66)   Merge Heap Roots: 0.1ms
[2020-05-04T03:54:15.597+0500][37363.518s] GC(66)   Evacuate Collection Set: 0.5ms
[2020-05-04T03:54:15.597+0500][37363.518s] GC(66)   Post Evacuate Collection Set: 0.5ms
[2020-05-04T03:54:15.597+0500][37363.518s] GC(66)   Other: 0.2ms
[2020-05-04T03:54:15.597+0500][37363.518s] GC(66) Eden regions: 251->0(261)
[2020-05-04T03:54:15.597+0500][37363.518s] GC(66) Survivor regions: 1->1(32)
[2020-05-04T03:54:15.597+0500][37363.518s] GC(66) Old regions: 109->109
[2020-05-04T03:54:15.597+0500][37363.518s] GC(66) Archive regions: 2->2
[2020-05-04T03:54:15.597+0500][37363.518s] GC(66) Humongous regions: 46->46
[2020-05-04T03:54:15.597+0500][37363.518s] GC(66) Metaspace: 52143K(53500K)->52143K(53500K) NonClass: 46251K(47104K)->46251K(47104K) Class: 5891K(6396K)->5891K(6396K)
[2020-05-04T03:54:15.597+0500][37363.518s] GC(66) Pause Young (Normal) (G1 Evacuation Pause) 406M->155M(512M) 1.413ms
[2020-05-04T03:54:15.597+0500][37363.518s] GC(66) User=0.01s Sys=0.00s Real=0.00s
[2020-05-04T03:54:16.333+0500][37364.254s] GC(67) Pause Young (Concurrent Start) (G1 Humongous Allocation)
[2020-05-04T03:54:16.333+0500][37364.254s] GC(67) Using 8 workers of 8 for evacuation
[2020-05-04T03:54:16.334+0500][37364.255s] GC(67)   Pre Evacuate Collection Set: 0.1ms
[2020-05-04T03:54:16.334+0500][37364.255s] GC(67)   Merge Heap Roots: 0.0ms
[2020-05-04T03:54:16.334+0500][37364.255s] GC(67)   Evacuate Collection Set: 0.8ms
[2020-05-04T03:54:16.334+0500][37364.255s] GC(67)   Post Evacuate Collection Set: 0.3ms
[2020-05-04T03:54:16.334+0500][37364.255s] GC(67)   Other: 0.2ms
[2020-05-04T03:54:16.334+0500][37364.255s] GC(67) Eden regions: 226->0(258)
[2020-05-04T03:54:16.334+0500][37364.255s] GC(67) Survivor regions: 1->7(33)
[2020-05-04T03:54:16.334+0500][37364.255s] GC(67) Old regions: 109->109
[2020-05-04T03:54:16.334+0500][37364.255s] GC(67) Archive regions: 2->2
[2020-05-04T03:54:16.334+0500][37364.255s] GC(67) Humongous regions: 46->46
[2020-05-04T03:54:16.334+0500][37364.255s] GC(67) Metaspace: 52144K(53500K)->52144K(53500K) NonClass: 46253K(47104K)->46253K(47104K) Class: 5891K(6396K)->5891K(6396K)
[2020-05-04T03:54:16.334+0500][37364.255s] GC(67) Pause Young (Concurrent Start) (G1 Humongous Allocation) 381M->161M(512M) 1.631ms
[2020-05-04T03:54:16.334+0500][37364.255s] GC(67) User=0.00s Sys=0.00s Real=0.00s
[2020-05-04T03:54:16.334+0500][37364.255s] GC(68) Concurrent Cycle
[2020-05-04T03:54:16.335+0500][37364.255s] GC(68) Concurrent Clear Claimed Marks
[2020-05-04T03:54:16.335+0500][37364.255s] GC(68) Concurrent Clear Claimed Marks 0.068ms
[2020-05-04T03:54:16.335+0500][37364.255s] GC(68) Concurrent Scan Root Regions
[2020-05-04T03:54:16.335+0500][37364.256s] GC(68) Concurrent Scan Root Regions 0.296ms
[2020-05-04T03:54:16.335+0500][37364.256s] GC(68) Concurrent Mark (37364.256s)
[2020-05-04T03:54:16.335+0500][37364.256s] GC(68) Concurrent Mark From Roots
[2020-05-04T03:54:16.335+0500][37364.256s] GC(68) Using 2 workers of 2 for marking
[2020-05-04T03:54:16.355+0500][37364.276s] GC(68) Concurrent Mark From Roots 20.200ms
[2020-05-04T03:54:16.355+0500][37364.276s] GC(68) Concurrent Preclean
[2020-05-04T03:54:16.355+0500][37364.276s] GC(68) Concurrent Preclean 0.084ms
[2020-05-04T03:54:16.355+0500][37364.276s] GC(68) Concurrent Mark (37364.256s, 37364.276s) 20.337ms
[2020-05-04T03:54:16.355+0500][37364.276s] GC(68) Pause Remark
[2020-05-04T03:54:16.358+0500][37364.279s] GC(68) Pause Remark 164M->164M(512M) 3.067ms
[2020-05-04T03:54:16.359+0500][37364.279s] GC(68) User=0.02s Sys=0.00s Real=0.00s
[2020-05-04T03:54:16.359+0500][37364.279s] GC(68) Concurrent Rebuild Remembered Sets
[2020-05-04T03:54:16.371+0500][37364.292s] GC(68) Concurrent Rebuild Remembered Sets 12.585ms
[2020-05-04T03:54:16.371+0500][37364.292s] GC(68) Pause Cleanup
[2020-05-04T03:54:16.372+0500][37364.292s] GC(68) Pause Cleanup 165M->165M(512M) 0.174ms
[2020-05-04T03:54:16.372+0500][37364.292s] GC(68) User=0.00s Sys=0.00s Real=0.00s
[2020-05-04T03:54:16.372+0500][37364.292s] GC(68) Concurrent Cleanup for Next Mark
[2020-05-04T03:54:16.372+0500][37364.293s] GC(68) Concurrent Cleanup for Next Mark 0.488ms
[2020-05-04T03:54:16.372+0500][37364.293s] GC(68) Concurrent Cycle 37.740ms
[2020-05-04T03:54:16.378+0500][37364.298s] GC(69) Pause Young (Concurrent Start) (G1 Humongous Allocation)
[2020-05-04T03:54:16.378+0500][37364.298s] GC(69) Using 8 workers of 8 for evacuation
[2020-05-04T03:54:16.379+0500][37364.300s] GC(69)   Pre Evacuate Collection Set: 0.1ms
[2020-05-04T03:54:16.379+0500][37364.300s] GC(69)   Merge Heap Roots: 0.1ms
[2020-05-04T03:54:16.379+0500][37364.300s] GC(69)   Evacuate Collection Set: 0.7ms
[2020-05-04T03:54:16.379+0500][37364.300s] GC(69)   Post Evacuate Collection Set: 0.4ms
[2020-05-04T03:54:16.379+0500][37364.300s] GC(69)   Other: 0.2ms
[2020-05-04T03:54:16.379+0500][37364.300s] GC(69) Eden regions: 3->0(235)
[2020-05-04T03:54:16.379+0500][37364.300s] GC(69) Survivor regions: 7->7(34)
[2020-05-04T03:54:16.379+0500][37364.300s] GC(69) Old regions: 109->109
[2020-05-04T03:54:16.379+0500][37364.300s] GC(69) Archive regions: 2->2
[2020-05-04T03:54:16.379+0500][37364.300s] GC(69) Humongous regions: 48->48
[2020-05-04T03:54:16.379+0500][37364.300s] GC(69) Metaspace: 52144K(53500K)->52144K(53500K) NonClass: 46253K(47104K)->46253K(47104K) Class: 5891K(6396K)->5891K(6396K)
[2020-05-04T03:54:16.379+0500][37364.300s] GC(69) Pause Young (Concurrent Start) (G1 Humongous Allocation) 166M->163M(512M) 1.568ms
[2020-05-04T03:54:16.379+0500][37364.300s] GC(69) User=0.01s Sys=0.01s Real=0.00s
[2020-05-04T03:54:16.379+0500][37364.300s] GC(70) Concurrent Cycle
[2020-05-04T03:54:16.379+0500][37364.300s] GC(70) Concurrent Clear Claimed Marks
[2020-05-04T03:54:16.379+0500][37364.300s] GC(70) Concurrent Clear Claimed Marks 0.110ms
[2020-05-04T03:54:16.379+0500][37364.300s] GC(70) Concurrent Scan Root Regions
[2020-05-04T03:54:16.380+0500][37364.300s] GC(70) Concurrent Scan Root Regions 0.333ms
[2020-05-04T03:54:16.380+0500][37364.300s] GC(70) Concurrent Mark (37364.300s)
[2020-05-04T03:54:16.380+0500][37364.300s] GC(70) Concurrent Mark From Roots
[2020-05-04T03:54:16.380+0500][37364.300s] GC(70) Using 2 workers of 2 for marking
[2020-05-04T03:54:16.400+0500][37364.320s] GC(70) Concurrent Mark From Roots 19.863ms
[2020-05-04T03:54:16.400+0500][37364.320s] GC(70) Concurrent Preclean
[2020-05-04T03:54:16.400+0500][37364.320s] GC(70) Concurrent Preclean 0.098ms
[2020-05-04T03:54:16.400+0500][37364.320s] GC(70) Concurrent Mark (37364.300s, 37364.320s) 20.007ms
[2020-05-04T03:54:16.400+0500][37364.321s] GC(70) Pause Remark
[2020-05-04T03:54:16.403+0500][37364.324s] GC(70) Pause Remark 165M->108M(512M) 2.858ms
[2020-05-04T03:54:16.403+0500][37364.324s] GC(70) User=0.02s Sys=0.00s Real=0.00s
[2020-05-04T03:54:16.403+0500][37364.324s] GC(70) Concurrent Rebuild Remembered Sets
[2020-05-04T03:54:16.416+0500][37364.337s] GC(70) Concurrent Rebuild Remembered Sets 12.849ms
[2020-05-04T03:54:16.416+0500][37364.337s] GC(70) Pause Cleanup
[2020-05-04T03:54:16.416+0500][37364.337s] GC(70) Pause Cleanup 109M->109M(512M) 0.162ms
[2020-05-04T03:54:16.416+0500][37364.337s] GC(70) User=0.00s Sys=0.00s Real=0.00s
[2020-05-04T03:54:16.416+0500][37364.337s] GC(70) Concurrent Cleanup for Next Mark
[2020-05-04T03:54:16.417+0500][37364.338s] GC(70) Concurrent Cleanup for Next Mark 0.476ms
[2020-05-04T03:54:16.417+0500][37364.338s] GC(70) Concurrent Cycle 37.745ms
[2020-05-04T03:54:18.558+0500][37366.479s] GC(71) Pause Young (Prepare Mixed) (G1 Evacuation Pause)
[2020-05-04T03:54:18.558+0500][37366.479s] GC(71) Using 8 workers of 8 for evacuation
[2020-05-04T03:54:18.562+0500][37366.483s] GC(71)   Pre Evacuate Collection Set: 0.1ms
[2020-05-04T03:54:18.562+0500][37366.483s] GC(71)   Merge Heap Roots: 0.1ms
[2020-05-04T03:54:18.562+0500][37366.483s] GC(71)   Evacuate Collection Set: 2.8ms
[2020-05-04T03:54:18.562+0500][37366.483s] GC(71)   Post Evacuate Collection Set: 0.6ms
[2020-05-04T03:54:18.562+0500][37366.483s] GC(71)   Other: 0.2ms
[2020-05-04T03:54:18.562+0500][37366.483s] GC(71) Eden regions: 235->0(1)
[2020-05-04T03:54:18.562+0500][37366.483s] GC(71) Survivor regions: 7->29(31)
[2020-05-04T03:54:18.562+0500][37366.483s] GC(71) Old regions: 90->90
[2020-05-04T03:54:18.562+0500][37366.483s] GC(71) Archive regions: 2->2
[2020-05-04T03:54:18.562+0500][37366.483s] GC(71) Humongous regions: 17->12
[2020-05-04T03:54:18.562+0500][37366.483s] GC(71) Metaspace: 52146K(53500K)->52146K(53500K) NonClass: 46254K(47104K)->46254K(47104K) Class: 5891K(6396K)->5891K(6396K)
[2020-05-04T03:54:18.562+0500][37366.483s] GC(71) Pause Young (Prepare Mixed) (G1 Evacuation Pause) 348M->130M(512M) 3.962ms
[2020-05-04T03:54:18.562+0500][37366.483s] GC(71) User=0.02s Sys=0.00s Real=0.01s
[2020-05-04T03:54:18.564+0500][37366.484s] GC(72) Pause Young (Mixed) (G1 Evacuation Pause)
[2020-05-04T03:54:18.564+0500][37366.484s] GC(72) Using 8 workers of 8 for evacuation
[2020-05-04T03:54:18.567+0500][37366.488s] GC(72)   Pre Evacuate Collection Set: 0.1ms
[2020-05-04T03:54:18.567+0500][37366.488s] GC(72)   Merge Heap Roots: 0.1ms
[2020-05-04T03:54:18.567+0500][37366.488s] GC(72)   Evacuate Collection Set: 2.5ms
[2020-05-04T03:54:18.567+0500][37366.488s] GC(72)   Post Evacuate Collection Set: 0.5ms
[2020-05-04T03:54:18.567+0500][37366.488s] GC(72)   Other: 0.1ms
[2020-05-04T03:54:18.567+0500][37366.488s] GC(72) Eden regions: 1->0(292)
[2020-05-04T03:54:18.567+0500][37366.488s] GC(72) Survivor regions: 29->1(4)
[2020-05-04T03:54:18.567+0500][37366.488s] GC(72) Old regions: 90->67
[2020-05-04T03:54:18.567+0500][37366.488s] GC(72) Archive regions: 2->2
[2020-05-04T03:54:18.567+0500][37366.488s] GC(72) Humongous regions: 12->11
[2020-05-04T03:54:18.567+0500][37366.488s] GC(72) Metaspace: 52146K(53500K)->52146K(53500K) NonClass: 46254K(47104K)->46254K(47104K) Class: 5891K(6396K)->5891K(6396K)
[2020-05-04T03:54:18.567+0500][37366.488s] GC(72) Pause Young (Mixed) (G1 Evacuation Pause) 131M->78M(512M) 3.413ms
[2020-05-04T03:54:18.567+0500][37366.488s] GC(72) User=0.01s Sys=0.00s Real=0.00s
[2020-05-04T03:54:20.797+0500][37368.717s] GC(73) Pause Young (Normal) (G1 Evacuation Pause)
[2020-05-04T03:54:20.797+0500][37368.718s] GC(73) Using 8 workers of 8 for evacuation
[2020-05-04T03:54:20.799+0500][37368.720s] GC(73)   Pre Evacuate Collection Set: 0.1ms
[2020-05-04T03:54:20.799+0500][37368.720s] GC(73)   Merge Heap Roots: 0.1ms
[2020-05-04T03:54:20.799+0500][37368.720s] GC(73)   Evacuate Collection Set: 1.6ms
[2020-05-04T03:54:20.799+0500][37368.720s] GC(73)   Post Evacuate Collection Set: 0.3ms
[2020-05-04T03:54:20.800+0500][37368.720s] GC(73)   Other: 0.8ms
[2020-05-04T03:54:20.800+0500][37368.720s] GC(73) Eden regions: 292->0(277)
[2020-05-04T03:54:20.800+0500][37368.720s] GC(73) Survivor regions: 1->22(37)
[2020-05-04T03:54:20.800+0500][37368.720s] GC(73) Old regions: 67->67
[2020-05-04T03:54:20.800+0500][37368.720s] GC(73) Archive regions: 2->2
[2020-05-04T03:54:20.800+0500][37368.720s] GC(73) Humongous regions: 18->15
[2020-05-04T03:54:20.800+0500][37368.720s] GC(73) Metaspace: 52181K(53500K)->52181K(53500K) NonClass: 46288K(47104K)->46288K(47104K) Class: 5892K(6396K)->5892K(6396K)
[2020-05-04T03:54:20.800+0500][37368.720s] GC(73) Pause Young (Normal) (G1 Evacuation Pause) 377M->103M(512M) 3.069ms
[2020-05-04T03:54:20.800+0500][37368.720s] GC(73) User=0.01s Sys=0.00s Real=0.01s
[2020-05-04T03:54:22.232+0500][37370.153s] GC(74) Pause Young (Concurrent Start) (G1 Humongous Allocation)
[2020-05-04T03:54:22.232+0500][37370.153s] GC(74) Using 8 workers of 8 for evacuation
[2020-05-04T03:54:22.239+0500][37370.159s] GC(74)   Pre Evacuate Collection Set: 0.4ms
[2020-05-04T03:54:22.239+0500][37370.159s] GC(74)   Merge Heap Roots: 0.1ms
[2020-05-04T03:54:22.239+0500][37370.159s] GC(74)   Evacuate Collection Set: 5.5ms
[2020-05-04T03:54:22.239+0500][37370.159s] GC(74)   Post Evacuate Collection Set: 0.4ms
[2020-05-04T03:54:22.239+0500][37370.159s] GC(74)   Other: 0.4ms
[2020-05-04T03:54:22.239+0500][37370.160s] GC(74) Eden regions: 103->0(262)
[2020-05-04T03:54:22.239+0500][37370.160s] GC(74) Survivor regions: 22->15(38)
[2020-05-04T03:54:22.239+0500][37370.160s] GC(74) Old regions: 67->82
[2020-05-04T03:54:22.239+0500][37370.160s] GC(74) Archive regions: 2->2
[2020-05-04T03:54:22.239+0500][37370.160s] GC(74) Humongous regions: 25->25
[2020-05-04T03:54:22.239+0500][37370.160s] GC(74) Metaspace: 52181K(53500K)->52181K(53500K) NonClass: 46288K(47104K)->46288K(47104K) Class: 5892K(6396K)->5892K(6396K)
[2020-05-04T03:54:22.239+0500][37370.160s] GC(74) Pause Young (Concurrent Start) (G1 Humongous Allocation) 216M->122M(512M) 6.822ms
[2020-05-04T03:54:22.239+0500][37370.160s] GC(74) User=0.04s Sys=0.00s Real=0.00s
[2020-05-04T03:54:22.239+0500][37370.160s] GC(75) Concurrent Cycle
[2020-05-04T03:54:22.239+0500][37370.160s] GC(75) Concurrent Clear Claimed Marks
[2020-05-04T03:54:22.239+0500][37370.160s] GC(75) Concurrent Clear Claimed Marks 0.099ms
[2020-05-04T03:54:22.239+0500][37370.160s] GC(75) Concurrent Scan Root Regions
[2020-05-04T03:54:22.240+0500][37370.160s] GC(75) Concurrent Scan Root Regions 0.670ms
[2020-05-04T03:54:22.240+0500][37370.160s] GC(75) Concurrent Mark (37370.160s)
[2020-05-04T03:54:22.240+0500][37370.160s] GC(75) Concurrent Mark From Roots
[2020-05-04T03:54:22.240+0500][37370.160s] GC(75) Using 2 workers of 2 for marking
[2020-05-04T03:54:22.259+0500][37370.179s] GC(75) Concurrent Mark From Roots 18.899ms
[2020-05-04T03:54:22.259+0500][37370.179s] GC(75) Concurrent Preclean
[2020-05-04T03:54:22.259+0500][37370.180s] GC(75) Concurrent Preclean 0.085ms
[2020-05-04T03:54:22.259+0500][37370.180s] GC(75) Concurrent Mark (37370.160s, 37370.180s) 19.051ms
[2020-05-04T03:54:22.259+0500][37370.180s] GC(75) Pause Remark
[2020-05-04T03:54:22.262+0500][37370.183s] GC(75) Pause Remark 127M->127M(512M) 2.960ms
[2020-05-04T03:54:22.262+0500][37370.183s] GC(75) User=0.01s Sys=0.00s Real=0.01s
[2020-05-04T03:54:22.262+0500][37370.183s] GC(75) Concurrent Rebuild Remembered Sets
[2020-05-04T03:54:22.274+0500][37370.195s] GC(75) Concurrent Rebuild Remembered Sets 12.210ms
[2020-05-04T03:54:22.275+0500][37370.195s] GC(75) Pause Cleanup
[2020-05-04T03:54:22.275+0500][37370.196s] GC(75) Pause Cleanup 128M->128M(512M) 0.182ms
[2020-05-04T03:54:22.275+0500][37370.196s] GC(75) User=0.00s Sys=0.00s Real=0.00s
[2020-05-04T03:54:22.275+0500][37370.196s] GC(75) Concurrent Cleanup for Next Mark
[2020-05-04T03:54:22.275+0500][37370.196s] GC(75) Concurrent Cleanup for Next Mark 0.503ms
[2020-05-04T03:54:22.275+0500][37370.196s] GC(75) Concurrent Cycle 36.524ms
[2020-05-04T03:54:22.611+0500][37370.532s] GC(76) Pause Young (Concurrent Start) (G1 Humongous Allocation)
[2020-05-04T03:54:22.611+0500][37370.532s] GC(76) Using 8 workers of 8 for evacuation
[2020-05-04T03:54:22.613+0500][37370.534s] GC(76)   Pre Evacuate Collection Set: 0.2ms
[2020-05-04T03:54:22.613+0500][37370.534s] GC(76)   Merge Heap Roots: 0.1ms
[2020-05-04T03:54:22.613+0500][37370.534s] GC(76)   Evacuate Collection Set: 1.1ms
[2020-05-04T03:54:22.613+0500][37370.534s] GC(76)   Post Evacuate Collection Set: 0.4ms
[2020-05-04T03:54:22.613+0500][37370.534s] GC(76)   Other: 0.2ms
[2020-05-04T03:54:22.613+0500][37370.534s] GC(76) Eden regions: 27->0(250)
[2020-05-04T03:54:22.613+0500][37370.534s] GC(76) Survivor regions: 15->14(35)
[2020-05-04T03:54:22.613+0500][37370.534s] GC(76) Old regions: 82->82
[2020-05-04T03:54:22.613+0500][37370.534s] GC(76) Archive regions: 2->2
[2020-05-04T03:54:22.613+0500][37370.534s] GC(76) Humongous regions: 32->30
[2020-05-04T03:54:22.613+0500][37370.534s] GC(76) Metaspace: 52181K(53500K)->52181K(53500K) NonClass: 46288K(47104K)->46288K(47104K) Class: 5892K(6396K)->5892K(6396K)
[2020-05-04T03:54:22.613+0500][37370.534s] GC(76) Pause Young (Concurrent Start) (G1 Humongous Allocation) 155M->126M(512M) 2.048ms
[2020-05-04T03:54:22.613+0500][37370.534s] GC(76) User=0.01s Sys=0.00s Real=0.00s
[2020-05-04T03:54:22.613+0500][37370.534s] GC(77) Concurrent Cycle
[2020-05-04T03:54:22.613+0500][37370.534s] GC(77) Concurrent Clear Claimed Marks
[2020-05-04T03:54:22.613+0500][37370.534s] GC(77) Concurrent Clear Claimed Marks 0.073ms
[2020-05-04T03:54:22.613+0500][37370.534s] GC(77) Concurrent Scan Root Regions
[2020-05-04T03:54:22.614+0500][37370.535s] GC(77) Concurrent Scan Root Regions 0.534ms
[2020-05-04T03:54:22.614+0500][37370.535s] GC(77) Concurrent Mark (37370.535s)
[2020-05-04T03:54:22.614+0500][37370.535s] GC(77) Concurrent Mark From Roots
[2020-05-04T03:54:22.614+0500][37370.535s] GC(77) Using 2 workers of 2 for marking
[2020-05-04T03:54:22.633+0500][37370.554s] GC(77) Concurrent Mark From Roots 19.460ms
[2020-05-04T03:54:22.633+0500][37370.554s] GC(77) Concurrent Preclean
[2020-05-04T03:54:22.633+0500][37370.554s] GC(77) Concurrent Preclean 0.087ms
[2020-05-04T03:54:22.633+0500][37370.554s] GC(77) Concurrent Mark (37370.535s, 37370.554s) 19.629ms
[2020-05-04T03:54:22.634+0500][37370.554s] GC(77) Pause Remark
[2020-05-04T03:54:22.637+0500][37370.557s] GC(77) Pause Remark 130M->106M(512M) 3.001ms
[2020-05-04T03:54:22.637+0500][37370.557s] GC(77) User=0.02s Sys=0.00s Real=0.00s
[2020-05-04T03:54:22.637+0500][37370.558s] GC(77) Concurrent Rebuild Remembered Sets
[2020-05-04T03:54:22.649+0500][37370.570s] GC(77) Concurrent Rebuild Remembered Sets 12.105ms
[2020-05-04T03:54:22.649+0500][37370.570s] GC(77) Pause Cleanup
[2020-05-04T03:54:22.649+0500][37370.570s] GC(77) Pause Cleanup 107M->107M(512M) 0.155ms
[2020-05-04T03:54:22.649+0500][37370.570s] GC(77) User=0.00s Sys=0.00s Real=0.00s
[2020-05-04T03:54:22.649+0500][37370.570s] GC(77) Concurrent Cleanup for Next Mark
[2020-05-04T03:54:22.650+0500][37370.571s] GC(77) Concurrent Cleanup for Next Mark 0.606ms
[2020-05-04T03:54:22.650+0500][37370.571s] GC(77) Concurrent Cycle 37.003ms
[2020-05-04T03:54:24.043+0500][37371.964s] GC(78) Pause Young (Concurrent Start) (G1 Humongous Allocation)
[2020-05-04T03:54:24.043+0500][37371.964s] GC(78) Using 8 workers of 8 for evacuation
[2020-05-04T03:54:24.047+0500][37371.968s] GC(78)   Pre Evacuate Collection Set: 0.2ms
[2020-05-04T03:54:24.047+0500][37371.968s] GC(78)   Merge Heap Roots: 0.1ms
[2020-05-04T03:54:24.047+0500][37371.968s] GC(78)   Evacuate Collection Set: 3.5ms
[2020-05-04T03:54:24.047+0500][37371.968s] GC(78)   Post Evacuate Collection Set: 0.5ms
[2020-05-04T03:54:24.047+0500][37371.968s] GC(78)   Other: 0.2ms
[2020-05-04T03:54:24.047+0500][37371.968s] GC(78) Eden regions: 74->0(262)
[2020-05-04T03:54:24.047+0500][37371.968s] GC(78) Survivor regions: 14->23(33)
[2020-05-04T03:54:24.047+0500][37371.968s] GC(78) Old regions: 62->62
[2020-05-04T03:54:24.047+0500][37371.968s] GC(78) Archive regions: 2->2
[2020-05-04T03:54:24.047+0500][37371.968s] GC(78) Humongous regions: 65->28
[2020-05-04T03:54:24.047+0500][37371.968s] GC(78) Metaspace: 52181K(53500K)->52181K(53500K) NonClass: 46288K(47104K)->46288K(47104K) Class: 5892K(6396K)->5892K(6396K)
[2020-05-04T03:54:24.048+0500][37371.968s] GC(78) Pause Young (Concurrent Start) (G1 Humongous Allocation) 215M->113M(512M) 4.579ms
[2020-05-04T03:54:24.048+0500][37371.968s] GC(78) User=0.03s Sys=0.00s Real=0.00s
[2020-05-04T03:54:24.048+0500][37371.968s] GC(79) Concurrent Cycle
[2020-05-04T03:54:24.048+0500][37371.968s] GC(79) Concurrent Clear Claimed Marks
[2020-05-04T03:54:24.048+0500][37371.969s] GC(79) Concurrent Clear Claimed Marks 0.116ms
[2020-05-04T03:54:24.048+0500][37371.969s] GC(79) Concurrent Scan Root Regions
[2020-05-04T03:54:24.049+0500][37371.969s] GC(79) Concurrent Scan Root Regions 0.865ms
[2020-05-04T03:54:24.049+0500][37371.969s] GC(79) Concurrent Mark (37371.969s)
[2020-05-04T03:54:24.049+0500][37371.970s] GC(79) Concurrent Mark From Roots
[2020-05-04T03:54:24.049+0500][37371.970s] GC(79) Using 2 workers of 2 for marking
[2020-05-04T03:54:24.068+0500][37371.989s] GC(79) Concurrent Mark From Roots 19.449ms
[2020-05-04T03:54:24.068+0500][37371.989s] GC(79) Concurrent Preclean
[2020-05-04T03:54:24.068+0500][37371.989s] GC(79) Concurrent Preclean 0.119ms
[2020-05-04T03:54:24.068+0500][37371.989s] GC(79) Concurrent Mark (37371.969s, 37371.989s) 19.650ms
[2020-05-04T03:54:24.069+0500][37371.989s] GC(79) Pause Remark
[2020-05-04T03:54:24.072+0500][37371.992s] GC(79) Pause Remark 121M->121M(512M) 2.926ms
[2020-05-04T03:54:24.072+0500][37371.992s] GC(79) User=0.02s Sys=0.00s Real=0.01s
[2020-05-04T03:54:24.072+0500][37371.992s] GC(79) Concurrent Rebuild Remembered Sets
[2020-05-04T03:54:24.084+0500][37372.005s] GC(79) Concurrent Rebuild Remembered Sets 12.127ms
[2020-05-04T03:54:24.084+0500][37372.005s] GC(79) Pause Cleanup
[2020-05-04T03:54:24.084+0500][37372.005s] GC(79) Pause Cleanup 122M->122M(512M) 0.178ms
[2020-05-04T03:54:24.084+0500][37372.005s] GC(79) User=0.00s Sys=0.00s Real=0.00s
[2020-05-04T03:54:24.084+0500][37372.005s] GC(79) Concurrent Cleanup for Next Mark
[2020-05-04T03:54:24.085+0500][37372.006s] GC(79) Concurrent Cleanup for Next Mark 0.607ms
[2020-05-04T03:54:24.085+0500][37372.006s] GC(79) Concurrent Cycle 37.467ms
[2020-05-04T03:54:24.959+0500][37372.880s] GC(80) Pause Young (Concurrent Start) (G1 Humongous Allocation)
[2020-05-04T03:54:24.959+0500][37372.880s] GC(80) Using 8 workers of 8 for evacuation
[2020-05-04T03:54:24.971+0500][37372.891s] GC(80)   Pre Evacuate Collection Set: 0.2ms
[2020-05-04T03:54:24.971+0500][37372.891s] GC(80)   Merge Heap Roots: 0.1ms
[2020-05-04T03:54:24.971+0500][37372.891s] GC(80)   Evacuate Collection Set: 10.4ms
[2020-05-04T03:54:24.971+0500][37372.891s] GC(80)   Post Evacuate Collection Set: 0.5ms
[2020-05-04T03:54:24.971+0500][37372.891s] GC(80)   Other: 0.2ms
[2020-05-04T03:54:24.971+0500][37372.891s] GC(80) Eden regions: 66->0(259)
[2020-05-04T03:54:24.971+0500][37372.891s] GC(80) Survivor regions: 23->21(36)
[2020-05-04T03:54:24.971+0500][37372.891s] GC(80) Old regions: 62->72
[2020-05-04T03:54:24.971+0500][37372.891s] GC(80) Archive regions: 2->2
[2020-05-04T03:54:24.971+0500][37372.891s] GC(80) Humongous regions: 42->31
[2020-05-04T03:54:24.971+0500][37372.891s] GC(80) Metaspace: 52181K(53500K)->52181K(53500K) NonClass: 46288K(47104K)->46288K(47104K) Class: 5892K(6396K)->5892K(6396K)
[2020-05-04T03:54:24.971+0500][37372.892s] GC(80) Pause Young (Concurrent Start) (G1 Humongous Allocation) 192M->123M(512M) 11.518ms
[2020-05-04T03:54:24.971+0500][37372.892s] GC(80) User=0.07s Sys=0.00s Real=0.02s
[2020-05-04T03:54:24.971+0500][37372.892s] GC(81) Concurrent Cycle
[2020-05-04T03:54:24.971+0500][37372.892s] GC(81) Concurrent Clear Claimed Marks
[2020-05-04T03:54:24.971+0500][37372.892s] GC(81) Concurrent Clear Claimed Marks 0.226ms
[2020-05-04T03:54:24.971+0500][37372.892s] GC(81) Concurrent Scan Root Regions
[2020-05-04T03:54:24.973+0500][37372.894s] GC(81) Concurrent Scan Root Regions 2.029ms
[2020-05-04T03:54:24.973+0500][37372.894s] GC(81) Concurrent Mark (37372.894s)
[2020-05-04T03:54:24.973+0500][37372.894s] GC(81) Concurrent Mark From Roots
[2020-05-04T03:54:24.973+0500][37372.894s] GC(81) Using 2 workers of 2 for marking
[2020-05-04T03:54:24.993+0500][37372.914s] GC(81) Concurrent Mark From Roots 19.738ms
[2020-05-04T03:54:24.993+0500][37372.914s] GC(81) Concurrent Preclean
[2020-05-04T03:54:24.993+0500][37372.914s] GC(81) Concurrent Preclean 0.104ms
[2020-05-04T03:54:24.993+0500][37372.914s] GC(81) Concurrent Mark (37372.894s, 37372.914s) 19.920ms
[2020-05-04T03:54:24.993+0500][37372.914s] GC(81) Pause Remark
[2020-05-04T03:54:24.996+0500][37372.917s] GC(81) Pause Remark 131M->131M(512M) 2.974ms
[2020-05-04T03:54:24.996+0500][37372.917s] GC(81) User=0.01s Sys=0.00s Real=0.00s
[2020-05-04T03:54:24.997+0500][37372.917s] GC(81) Concurrent Rebuild Remembered Sets
[2020-05-04T03:54:25.009+0500][37372.930s] GC(81) Concurrent Rebuild Remembered Sets 12.441ms
[2020-05-04T03:54:25.009+0500][37372.930s] GC(81) Pause Cleanup
[2020-05-04T03:54:25.010+0500][37372.930s] GC(81) Pause Cleanup 132M->132M(512M) 0.168ms
[2020-05-04T03:54:25.010+0500][37372.930s] GC(81) User=0.00s Sys=0.00s Real=0.01s
[2020-05-04T03:54:25.010+0500][37372.930s] GC(81) Concurrent Cleanup for Next Mark
[2020-05-04T03:54:25.010+0500][37372.931s] GC(81) Concurrent Cleanup for Next Mark 0.451ms
[2020-05-04T03:54:25.010+0500][37372.931s] GC(81) Concurrent Cycle 39.285ms
[2020-05-04T03:54:25.134+0500][37373.055s] GC(82) Pause Young (Concurrent Start) (G1 Humongous Allocation)
[2020-05-04T03:54:25.134+0500][37373.055s] GC(82) Using 8 workers of 8 for evacuation
[2020-05-04T03:54:25.137+0500][37373.057s] GC(82)   Pre Evacuate Collection Set: 0.2ms
[2020-05-04T03:54:25.137+0500][37373.058s] GC(82)   Merge Heap Roots: 0.1ms
[2020-05-04T03:54:25.137+0500][37373.058s] GC(82)   Evacuate Collection Set: 1.5ms
[2020-05-04T03:54:25.137+0500][37373.058s] GC(82)   Post Evacuate Collection Set: 0.5ms
[2020-05-04T03:54:25.137+0500][37373.058s] GC(82)   Other: 0.2ms
[2020-05-04T03:54:25.137+0500][37373.058s] GC(82) Eden regions: 12->0(256)
[2020-05-04T03:54:25.137+0500][37373.058s] GC(82) Survivor regions: 21->19(35)
[2020-05-04T03:54:25.137+0500][37373.058s] GC(82) Old regions: 72->75
[2020-05-04T03:54:25.137+0500][37373.058s] GC(82) Archive regions: 2->2
[2020-05-04T03:54:25.137+0500][37373.058s] GC(82) Humongous regions: 38->31
[2020-05-04T03:54:25.137+0500][37373.058s] GC(82) Metaspace: 52181K(53500K)->52181K(53500K) NonClass: 46288K(47104K)->46288K(47104K) Class: 5892K(6396K)->5892K(6396K)
[2020-05-04T03:54:25.137+0500][37373.058s] GC(82) Pause Young (Concurrent Start) (G1 Humongous Allocation) 142M->124M(512M) 2.531ms
[2020-05-04T03:54:25.137+0500][37373.058s] GC(82) User=0.01s Sys=0.01s Real=0.00s
[2020-05-04T03:54:25.137+0500][37373.058s] GC(83) Concurrent Cycle
[2020-05-04T03:54:25.137+0500][37373.058s] GC(83) Concurrent Clear Claimed Marks
[2020-05-04T03:54:25.137+0500][37373.058s] GC(83) Concurrent Clear Claimed Marks 0.154ms
[2020-05-04T03:54:25.137+0500][37373.058s] GC(83) Concurrent Scan Root Regions
[2020-05-04T03:54:25.138+0500][37373.059s] GC(83) Concurrent Scan Root Regions 0.684ms
[2020-05-04T03:54:25.138+0500][37373.059s] GC(83) Concurrent Mark (37373.059s)
[2020-05-04T03:54:25.138+0500][37373.059s] GC(83) Concurrent Mark From Roots
[2020-05-04T03:54:25.138+0500][37373.059s] GC(83) Using 2 workers of 2 for marking
[2020-05-04T03:54:25.157+0500][37373.078s] GC(83) Concurrent Mark From Roots 19.252ms
[2020-05-04T03:54:25.157+0500][37373.078s] GC(83) Concurrent Preclean
[2020-05-04T03:54:25.157+0500][37373.078s] GC(83) Concurrent Preclean 0.084ms
[2020-05-04T03:54:25.157+0500][37373.078s] GC(83) Concurrent Mark (37373.059s, 37373.078s) 19.399ms
[2020-05-04T03:54:25.157+0500][37373.078s] GC(83) Pause Remark
[2020-05-04T03:54:25.160+0500][37373.081s] GC(83) Pause Remark 133M->133M(512M) 2.955ms
[2020-05-04T03:54:25.161+0500][37373.081s] GC(83) User=0.02s Sys=0.00s Real=0.01s
[2020-05-04T03:54:25.161+0500][37373.081s] GC(83) Concurrent Rebuild Remembered Sets
[2020-05-04T03:54:25.173+0500][37373.094s] GC(83) Concurrent Rebuild Remembered Sets 12.243ms
[2020-05-04T03:54:25.173+0500][37373.094s] GC(83) Pause Cleanup
[2020-05-04T03:54:25.173+0500][37373.094s] GC(83) Pause Cleanup 133M->133M(512M) 0.157ms
[2020-05-04T03:54:25.173+0500][37373.094s] GC(83) User=0.00s Sys=0.00s Real=0.00s
[2020-05-04T03:54:25.173+0500][37373.094s] GC(83) Concurrent Cleanup for Next Mark
[2020-05-04T03:54:25.174+0500][37373.095s] GC(83) Concurrent Cleanup for Next Mark 0.544ms
[2020-05-04T03:54:25.174+0500][37373.095s] GC(83) Concurrent Cycle 37.226ms
[2020-05-04T03:54:26.695+0500][37374.615s] GC(84) Pause Young (Concurrent Start) (G1 Humongous Allocation)
[2020-05-04T03:54:26.695+0500][37374.616s] GC(84) Using 8 workers of 8 for evacuation
[2020-05-04T03:54:26.698+0500][37374.619s] GC(84)   Pre Evacuate Collection Set: 0.1ms
[2020-05-04T03:54:26.698+0500][37374.619s] GC(84)   Merge Heap Roots: 0.1ms
[2020-05-04T03:54:26.698+0500][37374.619s] GC(84)   Evacuate Collection Set: 2.2ms
[2020-05-04T03:54:26.698+0500][37374.619s] GC(84)   Post Evacuate Collection Set: 0.3ms
[2020-05-04T03:54:26.698+0500][37374.619s] GC(84)   Other: 0.9ms
[2020-05-04T03:54:26.698+0500][37374.619s] GC(84) Eden regions: 90->0(254)
[2020-05-04T03:54:26.698+0500][37374.619s] GC(84) Survivor regions: 19->20(35)
[2020-05-04T03:54:26.698+0500][37374.619s] GC(84) Old regions: 75->84
[2020-05-04T03:54:26.698+0500][37374.619s] GC(84) Archive regions: 2->2
[2020-05-04T03:54:26.698+0500][37374.619s] GC(84) Humongous regions: 38->28
[2020-05-04T03:54:26.698+0500][37374.619s] GC(84) Metaspace: 52181K(53500K)->52181K(53500K) NonClass: 46288K(47104K)->46288K(47104K) Class: 5892K(6396K)->5892K(6396K)
[2020-05-04T03:54:26.698+0500][37374.619s] GC(84) Pause Young (Concurrent Start) (G1 Humongous Allocation) 220M->131M(512M) 3.726ms
[2020-05-04T03:54:26.698+0500][37374.619s] GC(84) User=0.02s Sys=0.00s Real=0.00s
[2020-05-04T03:54:26.698+0500][37374.619s] GC(85) Concurrent Cycle
[2020-05-04T03:54:26.698+0500][37374.619s] GC(85) Concurrent Clear Claimed Marks
[2020-05-04T03:54:26.698+0500][37374.619s] GC(85) Concurrent Clear Claimed Marks 0.077ms
[2020-05-04T03:54:26.698+0500][37374.619s] GC(85) Concurrent Scan Root Regions
[2020-05-04T03:54:26.699+0500][37374.620s] GC(85) Concurrent Scan Root Regions 0.883ms
[2020-05-04T03:54:26.699+0500][37374.620s] GC(85) Concurrent Mark (37374.620s)
[2020-05-04T03:54:26.699+0500][37374.620s] GC(85) Concurrent Mark From Roots
[2020-05-04T03:54:26.699+0500][37374.620s] GC(85) Using 2 workers of 2 for marking
[2020-05-04T03:54:26.719+0500][37374.640s] GC(85) Concurrent Mark From Roots 19.278ms
[2020-05-04T03:54:26.719+0500][37374.640s] GC(85) Concurrent Preclean
[2020-05-04T03:54:26.719+0500][37374.640s] GC(85) Concurrent Preclean 0.082ms
[2020-05-04T03:54:26.719+0500][37374.640s] GC(85) Concurrent Mark (37374.620s, 37374.640s) 19.432ms
[2020-05-04T03:54:26.719+0500][37374.640s] GC(85) Pause Remark
[2020-05-04T03:54:26.722+0500][37374.643s] GC(85) Pause Remark 137M->137M(512M) 2.957ms
[2020-05-04T03:54:26.722+0500][37374.643s] GC(85) User=0.02s Sys=0.00s Real=0.01s
[2020-05-04T03:54:26.722+0500][37374.643s] GC(85) Concurrent Rebuild Remembered Sets
[2020-05-04T03:54:26.735+0500][37374.656s] GC(85) Concurrent Rebuild Remembered Sets 12.522ms
[2020-05-04T03:54:26.735+0500][37374.656s] GC(85) Pause Cleanup
[2020-05-04T03:54:26.735+0500][37374.656s] GC(85) Pause Cleanup 137M->137M(512M) 0.160ms
[2020-05-04T03:54:26.735+0500][37374.656s] GC(85) User=0.00s Sys=0.00s Real=0.00s
[2020-05-04T03:54:26.735+0500][37374.656s] GC(85) Concurrent Cleanup for Next Mark
[2020-05-04T03:54:26.736+0500][37374.657s] GC(85) Concurrent Cleanup for Next Mark 0.558ms
[2020-05-04T03:54:26.736+0500][37374.657s] GC(85) Concurrent Cycle 37.616ms
[2020-05-04T03:54:26.763+0500][37374.684s] GC(86) Pause Young (Concurrent Start) (G1 Humongous Allocation)
[2020-05-04T03:54:26.763+0500][37374.684s] GC(86) Using 8 workers of 8 for evacuation
[2020-05-04T03:54:26.766+0500][37374.686s] GC(86)   Pre Evacuate Collection Set: 0.1ms
[2020-05-04T03:54:26.766+0500][37374.686s] GC(86)   Merge Heap Roots: 0.1ms
[2020-05-04T03:54:26.766+0500][37374.686s] GC(86)   Evacuate Collection Set: 1.6ms
[2020-05-04T03:54:26.766+0500][37374.686s] GC(86)   Post Evacuate Collection Set: 0.4ms
[2020-05-04T03:54:26.766+0500][37374.686s] GC(86)   Other: 0.2ms
[2020-05-04T03:54:26.766+0500][37374.687s] GC(86) Eden regions: 1->0(192)
[2020-05-04T03:54:26.766+0500][37374.687s] GC(86) Survivor regions: 20->12(35)
[2020-05-04T03:54:26.766+0500][37374.687s] GC(86) Old regions: 84->91
[2020-05-04T03:54:26.766+0500][37374.687s] GC(86) Archive regions: 2->2
[2020-05-04T03:54:26.766+0500][37374.687s] GC(86) Humongous regions: 34->33
[2020-05-04T03:54:26.766+0500][37374.687s] GC(86) Metaspace: 52181K(53500K)->52181K(53500K) NonClass: 46288K(47104K)->46288K(47104K) Class: 5892K(6396K)->5892K(6396K)
[2020-05-04T03:54:26.766+0500][37374.687s] GC(86) Pause Young (Concurrent Start) (G1 Humongous Allocation) 137M->136M(512M) 2.513ms
[2020-05-04T03:54:26.766+0500][37374.687s] GC(86) User=0.02s Sys=0.01s Real=0.00s
[2020-05-04T03:54:26.766+0500][37374.687s] GC(87) Concurrent Cycle
[2020-05-04T03:54:26.766+0500][37374.687s] GC(87) Concurrent Clear Claimed Marks
[2020-05-04T03:54:26.766+0500][37374.687s] GC(87) Concurrent Clear Claimed Marks 0.074ms
[2020-05-04T03:54:26.766+0500][37374.687s] GC(87) Concurrent Scan Root Regions
[2020-05-04T03:54:26.766+0500][37374.687s] GC(87) Concurrent Scan Root Regions 0.462ms
[2020-05-04T03:54:26.766+0500][37374.687s] GC(87) Concurrent Mark (37374.687s)
[2020-05-04T03:54:26.766+0500][37374.687s] GC(87) Concurrent Mark From Roots
[2020-05-04T03:54:26.766+0500][37374.687s] GC(87) Using 2 workers of 2 for marking
[2020-05-04T03:54:26.786+0500][37374.707s] GC(87) Concurrent Mark From Roots 19.375ms
[2020-05-04T03:54:26.786+0500][37374.707s] GC(87) Concurrent Preclean
[2020-05-04T03:54:26.786+0500][37374.707s] GC(87) Concurrent Preclean 0.089ms
[2020-05-04T03:54:26.786+0500][37374.707s] GC(87) Concurrent Mark (37374.687s, 37374.707s) 19.571ms
[2020-05-04T03:54:26.786+0500][37374.707s] GC(87) Pause Remark
[2020-05-04T03:54:26.789+0500][37374.710s] GC(87) Pause Remark 139M->139M(512M) 2.854ms
[2020-05-04T03:54:26.789+0500][37374.710s] GC(87) User=0.01s Sys=0.00s Real=0.00s
[2020-05-04T03:54:26.789+0500][37374.710s] GC(87) Concurrent Rebuild Remembered Sets
[2020-05-04T03:54:26.802+0500][37374.723s] GC(87) Concurrent Rebuild Remembered Sets 12.838ms
[2020-05-04T03:54:26.803+0500][37374.723s] GC(87) Pause Cleanup
[2020-05-04T03:54:26.803+0500][37374.724s] GC(87) Pause Cleanup 139M->139M(512M) 0.195ms
[2020-05-04T03:54:26.803+0500][37374.724s] GC(87) User=0.00s Sys=0.00s Real=0.00s
[2020-05-04T03:54:26.803+0500][37374.724s] GC(87) Concurrent Cleanup for Next Mark
[2020-05-04T03:54:26.803+0500][37374.724s] GC(87) Concurrent Cleanup for Next Mark 0.484ms
[2020-05-04T03:54:26.803+0500][37374.724s] GC(87) Concurrent Cycle 37.515ms
[2020-05-04T03:54:29.030+0500][37376.950s] GC(88) Pause Young (Concurrent Start) (G1 Humongous Allocation)
[2020-05-04T03:54:29.030+0500][37376.950s] GC(88) Using 8 workers of 8 for evacuation
[2020-05-04T03:54:29.033+0500][37376.953s] GC(88)   Pre Evacuate Collection Set: 0.2ms
[2020-05-04T03:54:29.033+0500][37376.953s] GC(88)   Merge Heap Roots: 0.1ms
[2020-05-04T03:54:29.033+0500][37376.954s] GC(88)   Evacuate Collection Set: 2.1ms
[2020-05-04T03:54:29.033+0500][37376.954s] GC(88)   Post Evacuate Collection Set: 0.5ms
[2020-05-04T03:54:29.033+0500][37376.954s] GC(88)   Other: 0.2ms
[2020-05-04T03:54:29.033+0500][37376.954s] GC(88) Eden regions: 108->0(185)
[2020-05-04T03:54:29.033+0500][37376.954s] GC(88) Survivor regions: 12->25(26)
[2020-05-04T03:54:29.033+0500][37376.954s] GC(88) Old regions: 91->91
[2020-05-04T03:54:29.033+0500][37376.954s] GC(88) Archive regions: 2->2
[2020-05-04T03:54:29.033+0500][37376.954s] GC(88) Humongous regions: 71->50
[2020-05-04T03:54:29.033+0500][37376.954s] GC(88) Metaspace: 52181K(53500K)->52181K(53500K) NonClass: 46288K(47104K)->46288K(47104K) Class: 5892K(6396K)->5892K(6396K)
[2020-05-04T03:54:29.033+0500][37376.954s] GC(88) Pause Young (Concurrent Start) (G1 Humongous Allocation) 282M->165M(512M) 3.252ms
[2020-05-04T03:54:29.033+0500][37376.954s] GC(88) User=0.01s Sys=0.00s Real=0.00s
[2020-05-04T03:54:29.033+0500][37376.954s] GC(89) Concurrent Cycle
[2020-05-04T03:54:29.033+0500][37376.954s] GC(89) Concurrent Clear Claimed Marks
[2020-05-04T03:54:29.033+0500][37376.954s] GC(89) Concurrent Clear Claimed Marks 0.071ms
[2020-05-04T03:54:29.033+0500][37376.954s] GC(89) Concurrent Scan Root Regions
[2020-05-04T03:54:29.034+0500][37376.955s] GC(89) Concurrent Scan Root Regions 1.132ms
[2020-05-04T03:54:29.034+0500][37376.955s] GC(89) Concurrent Mark (37376.955s)
[2020-05-04T03:54:29.034+0500][37376.955s] GC(89) Concurrent Mark From Roots
[2020-05-04T03:54:29.034+0500][37376.955s] GC(89) Using 2 workers of 2 for marking
[2020-05-04T03:54:29.054+0500][37376.975s] GC(89) Concurrent Mark From Roots 20.212ms
[2020-05-04T03:54:29.055+0500][37376.975s] GC(89) Concurrent Preclean
[2020-05-04T03:54:29.055+0500][37376.975s] GC(89) Concurrent Preclean 0.089ms
[2020-05-04T03:54:29.055+0500][37376.975s] GC(89) Concurrent Mark (37376.955s, 37376.975s) 20.393ms
[2020-05-04T03:54:29.055+0500][37376.976s] GC(89) Pause Remark
[2020-05-04T03:54:29.058+0500][37376.979s] GC(89) Pause Remark 173M->166M(512M) 3.032ms
[2020-05-04T03:54:29.058+0500][37376.979s] GC(89) User=0.01s Sys=0.00s Real=0.00s
[2020-05-04T03:54:29.058+0500][37376.979s] GC(89) Concurrent Rebuild Remembered Sets
[2020-05-04T03:54:29.071+0500][37376.992s] GC(89) Concurrent Rebuild Remembered Sets 12.605ms
[2020-05-04T03:54:29.071+0500][37376.992s] GC(89) Pause Cleanup
[2020-05-04T03:54:29.071+0500][37376.992s] GC(89) Pause Cleanup 166M->166M(512M) 0.262ms
[2020-05-04T03:54:29.071+0500][37376.992s] GC(89) User=0.00s Sys=0.00s Real=0.00s
[2020-05-04T03:54:29.071+0500][37376.992s] GC(89) Concurrent Cleanup for Next Mark
[2020-05-04T03:54:29.072+0500][37376.993s] GC(89) Concurrent Cleanup for Next Mark 0.518ms
[2020-05-04T03:54:29.072+0500][37376.993s] GC(89) Concurrent Cycle 39.079ms
[2020-05-04T03:54:30.732+0500][37378.653s] GC(90) Pause Young (Concurrent Start) (G1 Humongous Allocation)
[2020-05-04T03:54:30.732+0500][37378.653s] GC(90) Using 8 workers of 8 for evacuation
[2020-05-04T03:54:30.735+0500][37378.656s] GC(90)   Pre Evacuate Collection Set: 0.2ms
[2020-05-04T03:54:30.736+0500][37378.656s] GC(90)   Merge Heap Roots: 0.1ms
[2020-05-04T03:54:30.736+0500][37378.656s] GC(90)   Evacuate Collection Set: 2.7ms
[2020-05-04T03:54:30.736+0500][37378.656s] GC(90)   Post Evacuate Collection Set: 0.6ms
[2020-05-04T03:54:30.736+0500][37378.656s] GC(90)   Other: 0.2ms
[2020-05-04T03:54:30.736+0500][37378.656s] GC(90) Eden regions: 90->0(184)
[2020-05-04T03:54:30.736+0500][37378.656s] GC(90) Survivor regions: 25->24(27)
[2020-05-04T03:54:30.736+0500][37378.656s] GC(90) Old regions: 91->102
[2020-05-04T03:54:30.736+0500][37378.656s] GC(90) Archive regions: 2->2
[2020-05-04T03:54:30.736+0500][37378.656s] GC(90) Humongous regions: 64->49
[2020-05-04T03:54:30.736+0500][37378.656s] GC(90) Metaspace: 52181K(53500K)->52181K(53500K) NonClass: 46289K(47104K)->46289K(47104K) Class: 5892K(6396K)->5892K(6396K)
[2020-05-04T03:54:30.736+0500][37378.656s] GC(90) Pause Young (Concurrent Start) (G1 Humongous Allocation) 269M->174M(512M) 3.827ms
[2020-05-04T03:54:30.736+0500][37378.656s] GC(90) User=0.02s Sys=0.00s Real=0.00s
[2020-05-04T03:54:30.736+0500][37378.657s] GC(91) Concurrent Cycle
[2020-05-04T03:54:30.736+0500][37378.657s] GC(91) Concurrent Clear Claimed Marks
[2020-05-04T03:54:30.736+0500][37378.657s] GC(91) Concurrent Clear Claimed Marks 0.075ms
[2020-05-04T03:54:30.736+0500][37378.657s] GC(91) Concurrent Scan Root Regions
[2020-05-04T03:54:30.737+0500][37378.658s] GC(91) Concurrent Scan Root Regions 1.084ms
[2020-05-04T03:54:30.737+0500][37378.658s] GC(91) Concurrent Mark (37378.658s)
[2020-05-04T03:54:30.737+0500][37378.658s] GC(91) Concurrent Mark From Roots
[2020-05-04T03:54:30.737+0500][37378.658s] GC(91) Using 2 workers of 2 for marking
[2020-05-04T03:54:30.757+0500][37378.678s] GC(91) Concurrent Mark From Roots 19.924ms
[2020-05-04T03:54:30.757+0500][37378.678s] GC(91) Concurrent Preclean
[2020-05-04T03:54:30.757+0500][37378.678s] GC(91) Concurrent Preclean 0.086ms
[2020-05-04T03:54:30.757+0500][37378.678s] GC(91) Concurrent Mark (37378.658s, 37378.678s) 20.078ms
[2020-05-04T03:54:30.757+0500][37378.678s] GC(91) Pause Remark
[2020-05-04T03:54:30.760+0500][37378.681s] GC(91) Pause Remark 187M->187M(512M) 2.979ms
[2020-05-04T03:54:30.760+0500][37378.681s] GC(91) User=0.02s Sys=0.00s Real=0.01s
[2020-05-04T03:54:30.760+0500][37378.681s] GC(91) Concurrent Rebuild Remembered Sets
[2020-05-04T03:54:30.773+0500][37378.694s] GC(91) Concurrent Rebuild Remembered Sets 12.857ms
[2020-05-04T03:54:30.774+0500][37378.695s] GC(91) Pause Cleanup
[2020-05-04T03:54:30.774+0500][37378.695s] GC(91) Pause Cleanup 188M->188M(512M) 0.183ms
[2020-05-04T03:54:30.774+0500][37378.695s] GC(91) User=0.00s Sys=0.00s Real=0.00s
[2020-05-04T03:54:30.774+0500][37378.695s] GC(91) Concurrent Cleanup for Next Mark
[2020-05-04T03:54:30.775+0500][37378.695s] GC(91) Concurrent Cleanup for Next Mark 0.525ms
[2020-05-04T03:54:30.775+0500][37378.695s] GC(91) Concurrent Cycle 38.832ms
[2020-05-04T03:54:31.008+0500][37378.929s] GC(92) Pause Young (Concurrent Start) (G1 Humongous Allocation)
[2020-05-04T03:54:31.008+0500][37378.929s] GC(92) Using 8 workers of 8 for evacuation
[2020-05-04T03:54:31.011+0500][37378.932s] GC(92)   Pre Evacuate Collection Set: 0.2ms
[2020-05-04T03:54:31.011+0500][37378.932s] GC(92)   Merge Heap Roots: 0.1ms
[2020-05-04T03:54:31.011+0500][37378.932s] GC(92)   Evacuate Collection Set: 2.0ms
[2020-05-04T03:54:31.011+0500][37378.932s] GC(92)   Post Evacuate Collection Set: 0.5ms
[2020-05-04T03:54:31.011+0500][37378.932s] GC(92)   Other: 0.2ms
[2020-05-04T03:54:31.012+0500][37378.932s] GC(92) Eden regions: 21->0(193)
[2020-05-04T03:54:31.012+0500][37378.932s] GC(92) Survivor regions: 24->14(26)
[2020-05-04T03:54:31.012+0500][37378.932s] GC(92) Old regions: 102->113
[2020-05-04T03:54:31.012+0500][37378.932s] GC(92) Archive regions: 2->2
[2020-05-04T03:54:31.012+0500][37378.932s] GC(92) Humongous regions: 61->47
[2020-05-04T03:54:31.012+0500][37378.932s] GC(92) Metaspace: 52181K(53500K)->52181K(53500K) NonClass: 46289K(47104K)->46289K(47104K) Class: 5892K(6396K)->5892K(6396K)
[2020-05-04T03:54:31.012+0500][37378.932s] GC(92) Pause Young (Concurrent Start) (G1 Humongous Allocation) 206M->174M(512M) 3.110ms
[2020-05-04T03:54:31.012+0500][37378.932s] GC(92) User=0.02s Sys=0.00s Real=0.01s
[2020-05-04T03:54:31.012+0500][37378.932s] GC(93) Concurrent Cycle
[2020-05-04T03:54:31.012+0500][37378.932s] GC(93) Concurrent Clear Claimed Marks
[2020-05-04T03:54:31.012+0500][37378.933s] GC(93) Concurrent Clear Claimed Marks 0.094ms
[2020-05-04T03:54:31.012+0500][37378.933s] GC(93) Concurrent Scan Root Regions
[2020-05-04T03:54:31.013+0500][37378.934s] GC(93) Concurrent Scan Root Regions 1.132ms
[2020-05-04T03:54:31.013+0500][37378.934s] GC(93) Concurrent Mark (37378.934s)
[2020-05-04T03:54:31.013+0500][37378.934s] GC(93) Concurrent Mark From Roots
[2020-05-04T03:54:31.013+0500][37378.934s] GC(93) Using 2 workers of 2 for marking
[2020-05-04T03:54:31.035+0500][37378.956s] GC(93) Concurrent Mark From Roots 21.812ms
[2020-05-04T03:54:31.035+0500][37378.956s] GC(93) Concurrent Preclean
[2020-05-04T03:54:31.035+0500][37378.956s] GC(93) Concurrent Preclean 0.091ms
[2020-05-04T03:54:31.035+0500][37378.956s] GC(93) Concurrent Mark (37378.934s, 37378.956s) 21.968ms
[2020-05-04T03:54:31.035+0500][37378.956s] GC(93) Pause Remark
[2020-05-04T03:54:31.039+0500][37378.960s] GC(93) Pause Remark 189M->189M(512M) 3.560ms
[2020-05-04T03:54:31.039+0500][37378.960s] GC(93) User=0.02s Sys=0.00s Real=0.00s
[2020-05-04T03:54:31.039+0500][37378.960s] GC(93) Concurrent Rebuild Remembered Sets
[2020-05-04T03:54:31.052+0500][37378.973s] GC(93) Concurrent Rebuild Remembered Sets 13.431ms
[2020-05-04T03:54:31.053+0500][37378.973s] GC(93) Pause Cleanup
[2020-05-04T03:54:31.053+0500][37378.974s] GC(93) Pause Cleanup 189M->189M(512M) 0.220ms
[2020-05-04T03:54:31.053+0500][37378.974s] GC(93) User=0.00s Sys=0.00s Real=0.00s
[2020-05-04T03:54:31.053+0500][37378.974s] GC(93) Concurrent Cleanup for Next Mark
[2020-05-04T03:54:31.053+0500][37378.974s] GC(93) Concurrent Cleanup for Next Mark 0.505ms
[2020-05-04T03:54:31.053+0500][37378.974s] GC(93) Concurrent Cycle 41.803ms
[2020-05-04T03:54:31.959+0500][37379.879s] GC(94) Pause Young (Normal) (G1 Evacuation Pause)
[2020-05-04T03:54:31.959+0500][37379.879s] GC(94) Using 8 workers of 8 for evacuation
[2020-05-04T03:54:31.961+0500][37379.882s] GC(94)   Pre Evacuate Collection Set: 0.1ms
[2020-05-04T03:54:31.961+0500][37379.882s] GC(94)   Merge Heap Roots: 0.1ms
[2020-05-04T03:54:31.961+0500][37379.882s] GC(94)   Evacuate Collection Set: 1.6ms
[2020-05-04T03:54:31.961+0500][37379.882s] GC(94)   Post Evacuate Collection Set: 0.5ms
[2020-05-04T03:54:31.961+0500][37379.882s] GC(94)   Other: 0.2ms
[2020-05-04T03:54:31.961+0500][37379.882s] GC(94) Eden regions: 193->0(195)
[2020-05-04T03:54:31.961+0500][37379.882s] GC(94) Survivor regions: 14->4(26)
[2020-05-04T03:54:31.961+0500][37379.882s] GC(94) Old regions: 113->125
[2020-05-04T03:54:31.961+0500][37379.882s] GC(94) Archive regions: 2->2
[2020-05-04T03:54:31.961+0500][37379.882s] GC(94) Humongous regions: 61->61
[2020-05-04T03:54:31.961+0500][37379.882s] GC(94) Metaspace: 52189K(53500K)->52189K(53500K) NonClass: 46296K(47104K)->46296K(47104K) Class: 5892K(6396K)->5892K(6396K)
[2020-05-04T03:54:31.961+0500][37379.882s] GC(94) Pause Young (Normal) (G1 Evacuation Pause) 381M->189M(512M) 2.537ms
[2020-05-04T03:54:31.961+0500][37379.882s] GC(94) User=0.02s Sys=0.01s Real=0.01s
[2020-05-04T03:54:32.520+0500][37380.441s] GC(95) Pause Young (Concurrent Start) (G1 Evacuation Pause)
[2020-05-04T03:54:32.520+0500][37380.441s] GC(95) Using 8 workers of 8 for evacuation
[2020-05-04T03:54:32.522+0500][37380.443s] GC(95)   Pre Evacuate Collection Set: 0.1ms
[2020-05-04T03:54:32.522+0500][37380.443s] GC(95)   Merge Heap Roots: 0.1ms
[2020-05-04T03:54:32.522+0500][37380.443s] GC(95)   Evacuate Collection Set: 0.8ms
[2020-05-04T03:54:32.522+0500][37380.443s] GC(95)   Post Evacuate Collection Set: 0.4ms
[2020-05-04T03:54:32.522+0500][37380.443s] GC(95)   Other: 0.3ms
[2020-05-04T03:54:32.522+0500][37380.443s] GC(95) Eden regions: 195->0(207)
[2020-05-04T03:54:32.522+0500][37380.443s] GC(95) Survivor regions: 4->4(25)
[2020-05-04T03:54:32.522+0500][37380.443s] GC(95) Old regions: 125->125
[2020-05-04T03:54:32.522+0500][37380.443s] GC(95) Archive regions: 2->2
[2020-05-04T03:54:32.522+0500][37380.443s] GC(95) Humongous regions: 61->61
[2020-05-04T03:54:32.522+0500][37380.443s] GC(95) Metaspace: 52191K(53500K)->52191K(53500K) NonClass: 46299K(47104K)->46299K(47104K) Class: 5892K(6396K)->5892K(6396K)
[2020-05-04T03:54:32.522+0500][37380.443s] GC(95) Pause Young (Concurrent Start) (G1 Evacuation Pause) 384M->189M(512M) 1.892ms
[2020-05-04T03:54:32.522+0500][37380.443s] GC(95) User=0.01s Sys=0.00s Real=0.00s
[2020-05-04T03:54:32.522+0500][37380.443s] GC(96) Concurrent Cycle
[2020-05-04T03:54:32.522+0500][37380.443s] GC(96) Concurrent Clear Claimed Marks
[2020-05-04T03:54:32.522+0500][37380.443s] GC(96) Concurrent Clear Claimed Marks 0.094ms
[2020-05-04T03:54:32.522+0500][37380.443s] GC(96) Concurrent Scan Root Regions
[2020-05-04T03:54:32.523+0500][37380.444s] GC(96) Concurrent Scan Root Regions 0.404ms
[2020-05-04T03:54:32.523+0500][37380.444s] GC(96) Concurrent Mark (37380.444s)
[2020-05-04T03:54:32.523+0500][37380.444s] GC(96) Concurrent Mark From Roots
[2020-05-04T03:54:32.523+0500][37380.444s] GC(96) Using 2 workers of 2 for marking
[2020-05-04T03:54:32.557+0500][37380.478s] GC(96) Concurrent Mark From Roots 34.421ms
[2020-05-04T03:54:32.557+0500][37380.478s] GC(96) Concurrent Preclean
[2020-05-04T03:54:32.557+0500][37380.478s] GC(96) Concurrent Preclean 0.128ms
[2020-05-04T03:54:32.557+0500][37380.478s] GC(96) Concurrent Mark (37380.444s, 37380.478s) 34.614ms
[2020-05-04T03:54:32.557+0500][37380.478s] GC(96) Pause Remark
[2020-05-04T03:54:32.564+0500][37380.485s] GC(96) Pause Remark 195M->180M(512M) 6.316ms
[2020-05-04T03:54:32.564+0500][37380.485s] GC(96) User=0.02s Sys=0.00s Real=0.01s
[2020-05-04T03:54:32.564+0500][37380.485s] GC(96) Concurrent Rebuild Remembered Sets
[2020-05-04T03:54:32.579+0500][37380.500s] GC(96) Concurrent Rebuild Remembered Sets 15.541ms
[2020-05-04T03:54:32.580+0500][37380.501s] GC(96) Pause Cleanup
[2020-05-04T03:54:32.580+0500][37380.501s] GC(96) Pause Cleanup 185M->185M(512M) 0.214ms
[2020-05-04T03:54:32.580+0500][37380.501s] GC(96) User=0.00s Sys=0.00s Real=0.00s
[2020-05-04T03:54:32.580+0500][37380.501s] GC(96) Concurrent Cleanup for Next Mark
[2020-05-04T03:54:32.581+0500][37380.501s] GC(96) Concurrent Cleanup for Next Mark 0.498ms
[2020-05-04T03:54:32.581+0500][37380.501s] GC(96) Concurrent Cycle 58.478ms
[2020-05-04T03:54:33.214+0500][37381.135s] GC(97) Pause Young (Concurrent Start) (G1 Humongous Allocation)
[2020-05-04T03:54:33.214+0500][37381.135s] GC(97) Using 8 workers of 8 for evacuation
[2020-05-04T03:54:33.216+0500][37381.137s] GC(97)   Pre Evacuate Collection Set: 0.2ms
[2020-05-04T03:54:33.217+0500][37381.137s] GC(97)   Merge Heap Roots: 0.1ms
[2020-05-04T03:54:33.217+0500][37381.137s] GC(97)   Evacuate Collection Set: 1.7ms
[2020-05-04T03:54:33.217+0500][37381.137s] GC(97)   Post Evacuate Collection Set: 0.5ms
[2020-05-04T03:54:33.217+0500][37381.137s] GC(97)   Other: 0.2ms
[2020-05-04T03:54:33.217+0500][37381.137s] GC(97) Eden regions: 173->0(222)
[2020-05-04T03:54:33.217+0500][37381.137s] GC(97) Survivor regions: 4->9(27)
[2020-05-04T03:54:33.217+0500][37381.137s] GC(97) Old regions: 125->125
[2020-05-04T03:54:33.217+0500][37381.137s] GC(97) Archive regions: 2->2
[2020-05-04T03:54:33.217+0500][37381.137s] GC(97) Humongous regions: 46->46
[2020-05-04T03:54:33.217+0500][37381.137s] GC(97) Metaspace: 52195K(53500K)->52195K(53500K) NonClass: 46303K(47104K)->46303K(47104K) Class: 5892K(6396K)->5892K(6396K)
[2020-05-04T03:54:33.217+0500][37381.137s] GC(97) Pause Young (Concurrent Start) (G1 Humongous Allocation) 347M->179M(512M) 2.761ms
[2020-05-04T03:54:33.217+0500][37381.137s] GC(97) User=0.02s Sys=0.00s Real=0.00s
[2020-05-04T03:54:33.217+0500][37381.138s] GC(98) Concurrent Cycle
[2020-05-04T03:54:33.217+0500][37381.138s] GC(98) Concurrent Clear Claimed Marks
[2020-05-04T03:54:33.217+0500][37381.138s] GC(98) Concurrent Clear Claimed Marks 0.110ms
[2020-05-04T03:54:33.217+0500][37381.138s] GC(98) Concurrent Scan Root Regions
[2020-05-04T03:54:33.217+0500][37381.138s] GC(98) Concurrent Scan Root Regions 0.550ms
[2020-05-04T03:54:33.217+0500][37381.138s] GC(98) Concurrent Mark (37381.138s)
[2020-05-04T03:54:33.218+0500][37381.138s] GC(98) Concurrent Mark From Roots
[2020-05-04T03:54:33.218+0500][37381.138s] GC(98) Using 2 workers of 2 for marking
[2020-05-04T03:54:33.237+0500][37381.158s] GC(98) Concurrent Mark From Roots 19.764ms
[2020-05-04T03:54:33.237+0500][37381.158s] GC(98) Concurrent Preclean
[2020-05-04T03:54:33.237+0500][37381.158s] GC(98) Concurrent Preclean 0.102ms
[2020-05-04T03:54:33.237+0500][37381.158s] GC(98) Concurrent Mark (37381.138s, 37381.158s) 20.003ms
[2020-05-04T03:54:33.238+0500][37381.159s] GC(98) Pause Remark
[2020-05-04T03:54:33.241+0500][37381.162s] GC(98) Pause Remark 181M->157M(512M) 2.936ms
[2020-05-04T03:54:33.241+0500][37381.162s] GC(98) User=0.02s Sys=0.00s Real=0.01s
[2020-05-04T03:54:33.241+0500][37381.162s] GC(98) Concurrent Rebuild Remembered Sets
[2020-05-04T03:54:33.253+0500][37381.174s] GC(98) Concurrent Rebuild Remembered Sets 12.427ms
[2020-05-04T03:54:33.254+0500][37381.174s] GC(98) Pause Cleanup
[2020-05-04T03:54:33.254+0500][37381.175s] GC(98) Pause Cleanup 158M->158M(512M) 0.204ms
[2020-05-04T03:54:33.254+0500][37381.175s] GC(98) User=0.00s Sys=0.00s Real=0.00s
[2020-05-04T03:54:33.254+0500][37381.175s] GC(98) Concurrent Cleanup for Next Mark
[2020-05-04T03:54:33.255+0500][37381.175s] GC(98) Concurrent Cleanup for Next Mark 0.626ms
[2020-05-04T03:54:33.255+0500][37381.175s] GC(98) Concurrent Cycle 37.844ms
[2020-05-04T03:54:34.193+0500][37382.114s] GC(99) Pause Young (Concurrent Start) (G1 Humongous Allocation)
[2020-05-04T03:54:34.193+0500][37382.114s] GC(99) Using 8 workers of 8 for evacuation
[2020-05-04T03:54:34.195+0500][37382.116s] GC(99)   Pre Evacuate Collection Set: 0.2ms
[2020-05-04T03:54:34.195+0500][37382.116s] GC(99)   Merge Heap Roots: 0.1ms
[2020-05-04T03:54:34.195+0500][37382.116s] GC(99)   Evacuate Collection Set: 0.9ms
[2020-05-04T03:54:34.195+0500][37382.116s] GC(99)   Post Evacuate Collection Set: 0.5ms
[2020-05-04T03:54:34.195+0500][37382.116s] GC(99)   Other: 0.2ms
[2020-05-04T03:54:34.195+0500][37382.116s] GC(99) Eden regions: 137->0(258)
[2020-05-04T03:54:34.195+0500][37382.116s] GC(99) Survivor regions: 9->10(29)
[2020-05-04T03:54:34.195+0500][37382.116s] GC(99) Old regions: 125->125
[2020-05-04T03:54:34.195+0500][37382.116s] GC(99) Archive regions: 2->2
[2020-05-04T03:54:34.195+0500][37382.116s] GC(99) Humongous regions: 23->8
[2020-05-04T03:54:34.195+0500][37382.116s] GC(99) Metaspace: 52226K(53500K)->52226K(53500K) NonClass: 46333K(47104K)->46333K(47104K) Class: 5892K(6396K)->5892K(6396K)
[2020-05-04T03:54:34.195+0500][37382.116s] GC(99) Pause Young (Concurrent Start) (G1 Humongous Allocation) 292M->142M(512M) 2.005ms
[2020-05-04T03:54:34.195+0500][37382.116s] GC(99) User=0.00s Sys=0.00s Real=0.00s
[2020-05-04T03:54:34.196+0500][37382.116s] GC(100) Concurrent Cycle
[2020-05-04T03:54:34.196+0500][37382.116s] GC(100) Concurrent Clear Claimed Marks
[2020-05-04T03:54:34.196+0500][37382.117s] GC(100) Concurrent Clear Claimed Marks 0.071ms
[2020-05-04T03:54:34.196+0500][37382.117s] GC(100) Concurrent Scan Root Regions
[2020-05-04T03:54:34.196+0500][37382.117s] GC(100) Concurrent Scan Root Regions 0.479ms
[2020-05-04T03:54:34.196+0500][37382.117s] GC(100) Concurrent Mark (37382.117s)
[2020-05-04T03:54:34.196+0500][37382.117s] GC(100) Concurrent Mark From Roots
[2020-05-04T03:54:34.196+0500][37382.117s] GC(100) Using 2 workers of 2 for marking
[2020-05-04T03:54:34.216+0500][37382.136s] GC(100) Concurrent Mark From Roots 19.389ms
[2020-05-04T03:54:34.216+0500][37382.136s] GC(100) Concurrent Preclean
[2020-05-04T03:54:34.216+0500][37382.137s] GC(100) Concurrent Preclean 0.090ms
[2020-05-04T03:54:34.216+0500][37382.137s] GC(100) Concurrent Mark (37382.117s, 37382.137s) 19.553ms
[2020-05-04T03:54:34.216+0500][37382.137s] GC(100) Pause Remark
[2020-05-04T03:54:34.219+0500][37382.140s] GC(100) Pause Remark 146M->83M(512M) 3.407ms
[2020-05-04T03:54:34.219+0500][37382.140s] GC(100) User=0.02s Sys=0.00s Real=0.00s
[2020-05-04T03:54:34.220+0500][37382.140s] GC(100) Concurrent Rebuild Remembered Sets
[2020-05-04T03:54:34.232+0500][37382.153s] GC(100) Concurrent Rebuild Remembered Sets 12.756ms
[2020-05-04T03:54:34.233+0500][37382.153s] GC(100) Pause Cleanup
[2020-05-04T03:54:34.233+0500][37382.154s] GC(100) Pause Cleanup 83M->83M(512M) 0.191ms
[2020-05-04T03:54:34.233+0500][37382.154s] GC(100) User=0.00s Sys=0.00s Real=0.00s
[2020-05-04T03:54:34.233+0500][37382.154s] GC(100) Concurrent Cleanup for Next Mark
[2020-05-04T03:54:34.233+0500][37382.154s] GC(100) Concurrent Cleanup for Next Mark 0.471ms
[2020-05-04T03:54:34.233+0500][37382.154s] GC(100) Concurrent Cycle 37.893ms
[2020-05-04T03:54:37.668+0500][37385.589s] GC(101) Pause Young (Prepare Mixed) (G1 Evacuation Pause)
[2020-05-04T03:54:37.668+0500][37385.589s] GC(101) Using 8 workers of 8 for evacuation
[2020-05-04T03:54:37.671+0500][37385.592s] GC(101)   Pre Evacuate Collection Set: 0.1ms
[2020-05-04T03:54:37.671+0500][37385.592s] GC(101)   Merge Heap Roots: 0.1ms
[2020-05-04T03:54:37.671+0500][37385.592s] GC(101)   Evacuate Collection Set: 2.3ms
[2020-05-04T03:54:37.671+0500][37385.592s] GC(101)   Post Evacuate Collection Set: 0.5ms
[2020-05-04T03:54:37.671+0500][37385.592s] GC(101)   Other: 0.2ms
[2020-05-04T03:54:37.671+0500][37385.592s] GC(101) Eden regions: 258->0(1)
[2020-05-04T03:54:37.671+0500][37385.592s] GC(101) Survivor regions: 10->32(34)
[2020-05-04T03:54:37.671+0500][37385.592s] GC(101) Old regions: 62->62
[2020-05-04T03:54:37.671+0500][37385.592s] GC(101) Archive regions: 2->2
[2020-05-04T03:54:37.671+0500][37385.592s] GC(101) Humongous regions: 56->28
[2020-05-04T03:54:37.671+0500][37385.592s] GC(101) Metaspace: 52226K(53500K)->52226K(53500K) NonClass: 46333K(47104K)->46333K(47104K) Class: 5892K(6396K)->5892K(6396K)
[2020-05-04T03:54:37.671+0500][37385.592s] GC(101) Pause Young (Prepare Mixed) (G1 Evacuation Pause) 386M->122M(512M) 3.234ms
[2020-05-04T03:54:37.671+0500][37385.592s] GC(101) User=0.02s Sys=0.00s Real=0.01s
[2020-05-04T03:54:37.685+0500][37385.606s] GC(102) Pause Young (Mixed) (G1 Evacuation Pause)
[2020-05-04T03:54:37.685+0500][37385.606s] GC(102) Using 8 workers of 8 for evacuation
[2020-05-04T03:54:37.696+0500][37385.617s] GC(102)   Pre Evacuate Collection Set: 0.1ms
[2020-05-04T03:54:37.696+0500][37385.617s] GC(102)   Merge Heap Roots: 0.2ms
[2020-05-04T03:54:37.696+0500][37385.617s] GC(102)   Evacuate Collection Set: 9.6ms
[2020-05-04T03:54:37.696+0500][37385.617s] GC(102)   Post Evacuate Collection Set: 1.0ms
[2020-05-04T03:54:37.696+0500][37385.617s] GC(102)   Other: 0.2ms
[2020-05-04T03:54:37.696+0500][37385.617s] GC(102) Eden regions: 1->0(293)
[2020-05-04T03:54:37.696+0500][37385.617s] GC(102) Survivor regions: 32->1(5)
[2020-05-04T03:54:37.696+0500][37385.617s] GC(102) Old regions: 62->67
[2020-05-04T03:54:37.696+0500][37385.617s] GC(102) Archive regions: 2->2
[2020-05-04T03:54:37.696+0500][37385.617s] GC(102) Humongous regions: 28->28
[2020-05-04T03:54:37.696+0500][37385.617s] GC(102) Metaspace: 52226K(53500K)->52226K(53500K) NonClass: 46333K(47104K)->46333K(47104K) Class: 5892K(6396K)->5892K(6396K)
[2020-05-04T03:54:37.696+0500][37385.617s] GC(102) Pause Young (Mixed) (G1 Evacuation Pause) 123M->95M(512M) 11.117ms
[2020-05-04T03:54:37.696+0500][37385.617s] GC(102) User=0.04s Sys=0.00s Real=0.01s
[2020-05-04T03:54:43.946+0500][37391.867s] GC(103) Pause Young (Normal) (G1 Evacuation Pause)
[2020-05-04T03:54:43.946+0500][37391.867s] GC(103) Using 8 workers of 8 for evacuation
[2020-05-04T03:54:43.949+0500][37391.870s] GC(103)   Pre Evacuate Collection Set: 0.1ms
[2020-05-04T03:54:43.949+0500][37391.870s] GC(103)   Merge Heap Roots: 0.1ms
[2020-05-04T03:54:43.949+0500][37391.870s] GC(103)   Evacuate Collection Set: 1.7ms
[2020-05-04T03:54:43.949+0500][37391.870s] GC(103)   Post Evacuate Collection Set: 0.4ms
[2020-05-04T03:54:43.949+0500][37391.870s] GC(103)   Other: 0.2ms
[2020-05-04T03:54:43.949+0500][37391.870s] GC(103) Eden regions: 293->0(299)
[2020-05-04T03:54:43.949+0500][37391.870s] GC(103) Survivor regions: 1->5(37)
[2020-05-04T03:54:43.949+0500][37391.870s] GC(103) Old regions: 67->67
[2020-05-04T03:54:43.949+0500][37391.870s] GC(103) Archive regions: 2->2
[2020-05-04T03:54:43.949+0500][37391.870s] GC(103) Humongous regions: 28->28
[2020-05-04T03:54:43.949+0500][37391.870s] GC(103) Metaspace: 52245K(53500K)->52245K(53500K) NonClass: 46352K(47104K)->46352K(47104K) Class: 5892K(6396K)->5892K(6396K)
[2020-05-04T03:54:43.949+0500][37391.870s] GC(103) Pause Young (Normal) (G1 Evacuation Pause) 388M->99M(512M) 2.516ms
[2020-05-04T03:54:43.949+0500][37391.870s] GC(103) User=0.02s Sys=0.00s Real=0.00s
[2020-05-04T07:07:04.006+0500][48931.708s] GC(104) Pause Young (Concurrent Start) (G1 Humongous Allocation)
[2020-05-04T07:07:04.007+0500][48931.709s] GC(104) Using 8 workers of 8 for evacuation
[2020-05-04T07:07:04.009+0500][48931.711s] GC(104)   Pre Evacuate Collection Set: 0.1ms
[2020-05-04T07:07:04.009+0500][48931.711s] GC(104)   Merge Heap Roots: 0.1ms
[2020-05-04T07:07:04.009+0500][48931.711s] GC(104)   Evacuate Collection Set: 1.3ms
[2020-05-04T07:07:04.009+0500][48931.711s] GC(104)   Post Evacuate Collection Set: 0.6ms
[2020-05-04T07:07:04.009+0500][48931.711s] GC(104)   Other: 1.0ms
[2020-05-04T07:07:04.009+0500][48931.711s] GC(104) Eden regions: 164->0(297)
[2020-05-04T07:07:04.009+0500][48931.711s] GC(104) Survivor regions: 5->10(38)
[2020-05-04T07:07:04.009+0500][48931.711s] GC(104) Old regions: 67->67
[2020-05-04T07:07:04.010+0500][48931.711s] GC(104) Archive regions: 2->2
[2020-05-04T07:07:04.010+0500][48931.711s] GC(104) Humongous regions: 28->28
[2020-05-04T07:07:04.010+0500][48931.711s] GC(104) Metaspace: 52257K(53500K)->52257K(53500K) NonClass: 46364K(47104K)->46364K(47104K) Class: 5893K(6396K)->5893K(6396K)
[2020-05-04T07:07:04.010+0500][48931.711s] GC(104) Pause Young (Concurrent Start) (G1 Humongous Allocation) 262M->104M(512M) 3.119ms
[2020-05-04T07:07:04.010+0500][48931.711s] GC(104) User=0.01s Sys=0.00s Real=0.01s
[2020-05-04T07:07:04.010+0500][48931.711s] GC(105) Concurrent Cycle
[2020-05-04T07:07:04.010+0500][48931.711s] GC(105) Concurrent Clear Claimed Marks
[2020-05-04T07:07:04.010+0500][48931.711s] GC(105) Concurrent Clear Claimed Marks 0.093ms
[2020-05-04T07:07:04.010+0500][48931.711s] GC(105) Concurrent Scan Root Regions
[2020-05-04T07:07:04.010+0500][48931.712s] GC(105) Concurrent Scan Root Regions 0.702ms
[2020-05-04T07:07:04.011+0500][48931.712s] GC(105) Concurrent Mark (48931.712s)
[2020-05-04T07:07:04.011+0500][48931.712s] GC(105) Concurrent Mark From Roots
[2020-05-04T07:07:04.011+0500][48931.712s] GC(105) Using 2 workers of 2 for marking
[2020-05-04T07:07:04.029+0500][48931.731s] GC(105) Concurrent Mark From Roots 18.760ms
[2020-05-04T07:07:04.029+0500][48931.731s] GC(105) Concurrent Preclean
[2020-05-04T07:07:04.029+0500][48931.731s] GC(105) Concurrent Preclean 0.095ms
[2020-05-04T07:07:04.029+0500][48931.731s] GC(105) Concurrent Mark (48931.712s, 48931.731s) 18.939ms
[2020-05-04T07:07:04.030+0500][48931.731s] GC(105) Pause Remark
[2020-05-04T07:07:04.033+0500][48931.735s] GC(105) Pause Remark 107M->79M(512M) 3.359ms
[2020-05-04T07:07:04.033+0500][48931.735s] GC(105) User=0.02s Sys=0.00s Real=0.00s
[2020-05-04T07:07:04.033+0500][48931.735s] GC(105) Concurrent Rebuild Remembered Sets
[2020-05-04T07:07:04.045+0500][48931.746s] GC(105) Concurrent Rebuild Remembered Sets 11.665ms
[2020-05-04T07:07:04.045+0500][48931.747s] GC(105) Pause Cleanup
[2020-05-04T07:07:04.045+0500][48931.747s] GC(105) Pause Cleanup 80M->80M(512M) 0.165ms
[2020-05-04T07:07:04.045+0500][48931.747s] GC(105) User=0.00s Sys=0.00s Real=0.00s
[2020-05-04T07:07:04.045+0500][48931.747s] GC(105) Concurrent Cleanup for Next Mark
[2020-05-04T07:07:04.046+0500][48931.747s] GC(105) Concurrent Cleanup for Next Mark 0.477ms
[2020-05-04T07:07:04.046+0500][48931.747s] GC(105) Concurrent Cycle 36.351ms
[2020-05-04T07:07:04.648+0500][48932.349s] GC(106) Pause Young (Concurrent Start) (G1 Humongous Allocation)
[2020-05-04T07:07:04.648+0500][48932.349s] GC(106) Using 8 workers of 8 for evacuation
[2020-05-04T07:07:04.650+0500][48932.352s] GC(106)   Pre Evacuate Collection Set: 0.1ms
[2020-05-04T07:07:04.650+0500][48932.352s] GC(106)   Merge Heap Roots: 0.1ms
[2020-05-04T07:07:04.650+0500][48932.352s] GC(106)   Evacuate Collection Set: 1.3ms
[2020-05-04T07:07:04.650+0500][48932.352s] GC(106)   Post Evacuate Collection Set: 0.6ms
[2020-05-04T07:07:04.650+0500][48932.352s] GC(106)   Other: 0.2ms
[2020-05-04T07:07:04.650+0500][48932.352s] GC(106) Eden regions: 63->0(290)
[2020-05-04T07:07:04.650+0500][48932.352s] GC(106) Survivor regions: 10->17(39)
[2020-05-04T07:07:04.650+0500][48932.352s] GC(106) Old regions: 59->59
[2020-05-04T07:07:04.650+0500][48932.352s] GC(106) Archive regions: 2->2
[2020-05-04T07:07:04.650+0500][48932.352s] GC(106) Humongous regions: 9->9
[2020-05-04T07:07:04.650+0500][48932.352s] GC(106) Metaspace: 52257K(53500K)->52257K(53500K) NonClass: 46364K(47104K)->46364K(47104K) Class: 5893K(6396K)->5893K(6396K)
[2020-05-04T07:07:04.650+0500][48932.352s] GC(106) Pause Young (Concurrent Start) (G1 Humongous Allocation) 140M->85M(512M) 2.478ms
[2020-05-04T07:07:04.650+0500][48932.352s] GC(106) User=0.01s Sys=0.01s Real=0.01s
[2020-05-04T07:07:04.650+0500][48932.352s] GC(107) Concurrent Cycle
[2020-05-04T07:07:04.651+0500][48932.352s] GC(107) Concurrent Clear Claimed Marks
[2020-05-04T07:07:04.651+0500][48932.352s] GC(107) Concurrent Clear Claimed Marks 0.071ms
[2020-05-04T07:07:04.651+0500][48932.352s] GC(107) Concurrent Scan Root Regions
[2020-05-04T07:07:04.651+0500][48932.353s] GC(107) Concurrent Scan Root Regions 0.593ms
[2020-05-04T07:07:04.651+0500][48932.353s] GC(107) Concurrent Mark (48932.353s)
[2020-05-04T07:07:04.651+0500][48932.353s] GC(107) Concurrent Mark From Roots
[2020-05-04T07:07:04.651+0500][48932.353s] GC(107) Using 2 workers of 2 for marking
[2020-05-04T07:07:04.670+0500][48932.372s] GC(107) Concurrent Mark From Roots 18.897ms
[2020-05-04T07:07:04.670+0500][48932.372s] GC(107) Concurrent Preclean
[2020-05-04T07:07:04.670+0500][48932.372s] GC(107) Concurrent Preclean 0.095ms
[2020-05-04T07:07:04.670+0500][48932.372s] GC(107) Concurrent Mark (48932.353s, 48932.372s) 19.091ms
[2020-05-04T07:07:04.671+0500][48932.372s] GC(107) Pause Remark
[2020-05-04T07:07:04.674+0500][48932.375s] GC(107) Pause Remark 92M->91M(512M) 3.085ms
[2020-05-04T07:07:04.674+0500][48932.375s] GC(107) User=0.02s Sys=0.00s Real=0.00s
[2020-05-04T07:07:04.674+0500][48932.375s] GC(107) Concurrent Rebuild Remembered Sets
[2020-05-04T07:07:04.686+0500][48932.387s] GC(107) Concurrent Rebuild Remembered Sets 11.674ms
[2020-05-04T07:07:04.686+0500][48932.387s] GC(107) Pause Cleanup
[2020-05-04T07:07:04.686+0500][48932.388s] GC(107) Pause Cleanup 93M->93M(512M) 0.194ms
[2020-05-04T07:07:04.686+0500][48932.388s] GC(107) User=0.00s Sys=0.00s Real=0.00s
[2020-05-04T07:07:04.686+0500][48932.388s] GC(107) Concurrent Cleanup for Next Mark
[2020-05-04T07:07:04.687+0500][48932.388s] GC(107) Concurrent Cleanup for Next Mark 0.560ms
[2020-05-04T07:07:04.687+0500][48932.388s] GC(107) Concurrent Cycle 36.307ms
[2020-05-04T07:07:06.189+0500][48933.890s] GC(108) Pause Young (Concurrent Start) (G1 Humongous Allocation)
[2020-05-04T07:07:06.189+0500][48933.890s] GC(108) Using 8 workers of 8 for evacuation
[2020-05-04T07:07:06.192+0500][48933.893s] GC(108)   Pre Evacuate Collection Set: 0.2ms
[2020-05-04T07:07:06.192+0500][48933.893s] GC(108)   Merge Heap Roots: 0.1ms
[2020-05-04T07:07:06.192+0500][48933.893s] GC(108)   Evacuate Collection Set: 2.4ms
[2020-05-04T07:07:06.192+0500][48933.893s] GC(108)   Post Evacuate Collection Set: 0.5ms
[2020-05-04T07:07:06.192+0500][48933.893s] GC(108)   Other: 0.2ms
[2020-05-04T07:07:06.192+0500][48933.893s] GC(108) Eden regions: 110->0(270)
[2020-05-04T07:07:06.192+0500][48933.893s] GC(108) Survivor regions: 17->33(39)
[2020-05-04T07:07:06.192+0500][48933.893s] GC(108) Old regions: 58->58
[2020-05-04T07:07:06.192+0500][48933.893s] GC(108) Archive regions: 2->2
[2020-05-04T07:07:06.192+0500][48933.893s] GC(108) Humongous regions: 14->11
[2020-05-04T07:07:06.192+0500][48933.893s] GC(108) Metaspace: 52257K(53500K)->52257K(53500K) NonClass: 46364K(47104K)->46364K(47104K) Class: 5893K(6396K)->5893K(6396K)
[2020-05-04T07:07:06.192+0500][48933.893s] GC(108) Pause Young (Concurrent Start) (G1 Humongous Allocation) 198M->101M(512M) 3.448ms
[2020-05-04T07:07:06.192+0500][48933.893s] GC(108) User=0.02s Sys=0.00s Real=0.01s
[2020-05-04T07:07:06.192+0500][48933.894s] GC(109) Concurrent Cycle
[2020-05-04T07:07:06.192+0500][48933.894s] GC(109) Concurrent Clear Claimed Marks
[2020-05-04T07:07:06.192+0500][48933.894s] GC(109) Concurrent Clear Claimed Marks 0.094ms
[2020-05-04T07:07:06.192+0500][48933.894s] GC(109) Concurrent Scan Root Regions
[2020-05-04T07:07:06.193+0500][48933.895s] GC(109) Concurrent Scan Root Regions 0.793ms
[2020-05-04T07:07:06.193+0500][48933.895s] GC(109) Concurrent Mark (48933.895s)
[2020-05-04T07:07:06.193+0500][48933.895s] GC(109) Concurrent Mark From Roots
[2020-05-04T07:07:06.193+0500][48933.895s] GC(109) Using 2 workers of 2 for marking
[2020-05-04T07:07:06.212+0500][48933.913s] GC(109) Concurrent Mark From Roots 18.625ms
[2020-05-04T07:07:06.212+0500][48933.913s] GC(109) Concurrent Preclean
[2020-05-04T07:07:06.212+0500][48933.913s] GC(109) Concurrent Preclean 0.096ms
[2020-05-04T07:07:06.212+0500][48933.913s] GC(109) Concurrent Mark (48933.895s, 48933.913s) 18.794ms
[2020-05-04T07:07:06.212+0500][48933.914s] GC(109) Pause Remark
[2020-05-04T07:07:06.215+0500][48933.917s] GC(109) Pause Remark 117M->117M(512M) 3.083ms
[2020-05-04T07:07:06.215+0500][48933.917s] GC(109) User=0.02s Sys=0.00s Real=0.00s
[2020-05-04T07:07:06.215+0500][48933.917s] GC(109) Concurrent Rebuild Remembered Sets
[2020-05-04T07:07:06.227+0500][48933.928s] GC(109) Concurrent Rebuild Remembered Sets 11.501ms
[2020-05-04T07:07:06.227+0500][48933.929s] GC(109) Pause Cleanup
[2020-05-04T07:07:06.227+0500][48933.929s] GC(109) Pause Cleanup 117M->117M(512M) 0.191ms
[2020-05-04T07:07:06.227+0500][48933.929s] GC(109) User=0.00s Sys=0.00s Real=0.00s
[2020-05-04T07:07:06.227+0500][48933.929s] GC(109) Concurrent Cleanup for Next Mark
[2020-05-04T07:07:06.228+0500][48933.929s] GC(109) Concurrent Cleanup for Next Mark 0.542ms
[2020-05-04T07:07:06.228+0500][48933.929s] GC(109) Concurrent Cycle 35.932ms
[2020-05-04T07:07:06.330+0500][48934.031s] GC(110) Pause Young (Concurrent Start) (G1 Humongous Allocation)
[2020-05-04T07:07:06.330+0500][48934.031s] GC(110) Using 8 workers of 8 for evacuation
[2020-05-04T07:07:06.333+0500][48934.034s] GC(110)   Pre Evacuate Collection Set: 0.1ms
[2020-05-04T07:07:06.333+0500][48934.034s] GC(110)   Merge Heap Roots: 0.1ms
[2020-05-04T07:07:06.333+0500][48934.034s] GC(110)   Evacuate Collection Set: 1.7ms
[2020-05-04T07:07:06.333+0500][48934.034s] GC(110)   Post Evacuate Collection Set: 0.4ms
[2020-05-04T07:07:06.333+0500][48934.034s] GC(110)   Other: 0.2ms
[2020-05-04T07:07:06.333+0500][48934.034s] GC(110) Eden regions: 10->0(243)
[2020-05-04T07:07:06.333+0500][48934.034s] GC(110) Survivor regions: 33->14(38)
[2020-05-04T07:07:06.333+0500][48934.034s] GC(110) Old regions: 58->70
[2020-05-04T07:07:06.333+0500][48934.034s] GC(110) Archive regions: 2->2
[2020-05-04T07:07:06.333+0500][48934.034s] GC(110) Humongous regions: 25->25
[2020-05-04T07:07:06.333+0500][48934.034s] GC(110) Metaspace: 52257K(53500K)->52257K(53500K) NonClass: 46364K(47104K)->46364K(47104K) Class: 5893K(6396K)->5893K(6396K)
[2020-05-04T07:07:06.333+0500][48934.034s] GC(110) Pause Young (Concurrent Start) (G1 Humongous Allocation) 125M->108M(512M) 2.670ms
[2020-05-04T07:07:06.333+0500][48934.034s] GC(110) User=0.01s Sys=0.00s Real=0.00s
[2020-05-04T07:07:06.333+0500][48934.034s] GC(111) Concurrent Cycle
[2020-05-04T07:07:06.333+0500][48934.034s] GC(111) Concurrent Clear Claimed Marks
[2020-05-04T07:07:06.333+0500][48934.034s] GC(111) Concurrent Clear Claimed Marks 0.056ms
[2020-05-04T07:07:06.333+0500][48934.034s] GC(111) Concurrent Scan Root Regions
[2020-05-04T07:07:06.334+0500][48934.035s] GC(111) Concurrent Scan Root Regions 0.759ms
[2020-05-04T07:07:06.334+0500][48934.035s] GC(111) Concurrent Mark (48934.035s)
[2020-05-04T07:07:06.334+0500][48934.035s] GC(111) Concurrent Mark From Roots
[2020-05-04T07:07:06.334+0500][48934.035s] GC(111) Using 2 workers of 2 for marking
[2020-05-04T07:07:06.352+0500][48934.054s] GC(111) Concurrent Mark From Roots 18.669ms
[2020-05-04T07:07:06.352+0500][48934.054s] GC(111) Concurrent Preclean
[2020-05-04T07:07:06.352+0500][48934.054s] GC(111) Concurrent Preclean 0.100ms
[2020-05-04T07:07:06.352+0500][48934.054s] GC(111) Concurrent Mark (48934.035s, 48934.054s) 18.859ms
[2020-05-04T07:07:06.353+0500][48934.054s] GC(111) Pause Remark
[2020-05-04T07:07:06.356+0500][48934.057s] GC(111) Pause Remark 112M->112M(512M) 3.250ms
[2020-05-04T07:07:06.356+0500][48934.058s] GC(111) User=0.02s Sys=0.00s Real=0.00s
[2020-05-04T07:07:06.356+0500][48934.058s] GC(111) Concurrent Rebuild Remembered Sets
[2020-05-04T07:07:06.368+0500][48934.070s] GC(111) Concurrent Rebuild Remembered Sets 12.354ms
[2020-05-04T07:07:06.369+0500][48934.070s] GC(111) Pause Cleanup
[2020-05-04T07:07:06.369+0500][48934.070s] GC(111) Pause Cleanup 116M->116M(512M) 0.229ms
[2020-05-04T07:07:06.369+0500][48934.070s] GC(111) User=0.00s Sys=0.00s Real=0.00s
[2020-05-04T07:07:06.369+0500][48934.071s] GC(111) Concurrent Cleanup for Next Mark
[2020-05-04T07:07:06.370+0500][48934.071s] GC(111) Concurrent Cleanup for Next Mark 0.480ms
[2020-05-04T07:07:06.370+0500][48934.071s] GC(111) Concurrent Cycle 36.915ms
[2020-05-04T07:07:06.380+0500][48934.082s] GC(112) Pause Young (Concurrent Start) (G1 Humongous Allocation)
[2020-05-04T07:07:06.380+0500][48934.082s] GC(112) Using 8 workers of 8 for evacuation
[2020-05-04T07:07:06.383+0500][48934.084s] GC(112)   Pre Evacuate Collection Set: 0.1ms
[2020-05-04T07:07:06.383+0500][48934.084s] GC(112)   Merge Heap Roots: 0.1ms
[2020-05-04T07:07:06.383+0500][48934.084s] GC(112)   Evacuate Collection Set: 1.2ms
[2020-05-04T07:07:06.383+0500][48934.084s] GC(112)   Post Evacuate Collection Set: 0.5ms
[2020-05-04T07:07:06.383+0500][48934.084s] GC(112)   Other: 0.2ms
[2020-05-04T07:07:06.383+0500][48934.084s] GC(112) Eden regions: 2->0(248)
[2020-05-04T07:07:06.383+0500][48934.084s] GC(112) Survivor regions: 14->14(33)
[2020-05-04T07:07:06.383+0500][48934.084s] GC(112) Old regions: 70->70
[2020-05-04T07:07:06.383+0500][48934.084s] GC(112) Archive regions: 2->2
[2020-05-04T07:07:06.383+0500][48934.084s] GC(112) Humongous regions: 31->27
[2020-05-04T07:07:06.383+0500][48934.084s] GC(112) Metaspace: 52257K(53500K)->52257K(53500K) NonClass: 46364K(47104K)->46364K(47104K) Class: 5893K(6396K)->5893K(6396K)
[2020-05-04T07:07:06.383+0500][48934.084s] GC(112) Pause Young (Concurrent Start) (G1 Humongous Allocation) 116M->111M(512M) 2.246ms
[2020-05-04T07:07:06.383+0500][48934.084s] GC(112) User=0.01s Sys=0.00s Real=0.00s
[2020-05-04T07:07:06.383+0500][48934.084s] GC(113) Concurrent Cycle
[2020-05-04T07:07:06.383+0500][48934.084s] GC(113) Concurrent Clear Claimed Marks
[2020-05-04T07:07:06.383+0500][48934.084s] GC(113) Concurrent Clear Claimed Marks 0.075ms
[2020-05-04T07:07:06.383+0500][48934.084s] GC(113) Concurrent Scan Root Regions
[2020-05-04T07:07:06.383+0500][48934.085s] GC(113) Concurrent Scan Root Regions 0.495ms
[2020-05-04T07:07:06.383+0500][48934.085s] GC(113) Concurrent Mark (48934.085s)
[2020-05-04T07:07:06.383+0500][48934.085s] GC(113) Concurrent Mark From Roots
[2020-05-04T07:07:06.383+0500][48934.085s] GC(113) Using 2 workers of 2 for marking
[2020-05-04T07:07:06.402+0500][48934.104s] GC(113) Concurrent Mark From Roots 18.943ms
[2020-05-04T07:07:06.402+0500][48934.104s] GC(113) Concurrent Preclean
[2020-05-04T07:07:06.403+0500][48934.104s] GC(113) Concurrent Preclean 0.103ms
[2020-05-04T07:07:06.403+0500][48934.104s] GC(113) Concurrent Mark (48934.085s, 48934.104s) 19.113ms
[2020-05-04T07:07:06.403+0500][48934.104s] GC(113) Pause Remark
[2020-05-04T07:07:06.408+0500][48934.109s] GC(113) Pause Remark 126M->126M(512M) 5.100ms
[2020-05-04T07:07:06.408+0500][48934.109s] GC(113) User=0.03s Sys=0.00s Real=0.00s
[2020-05-04T07:07:06.408+0500][48934.110s] GC(113) Concurrent Rebuild Remembered Sets
[2020-05-04T07:07:06.421+0500][48934.122s] GC(113) Concurrent Rebuild Remembered Sets 12.949ms
[2020-05-04T07:07:06.421+0500][48934.123s] GC(113) Pause Cleanup
[2020-05-04T07:07:06.422+0500][48934.123s] GC(113) Pause Cleanup 127M->127M(512M) 0.191ms
[2020-05-04T07:07:06.422+0500][48934.123s] GC(113) User=0.00s Sys=0.00s Real=0.00s
[2020-05-04T07:07:06.422+0500][48934.123s] GC(113) Concurrent Cleanup for Next Mark
[2020-05-04T07:07:06.422+0500][48934.124s] GC(113) Concurrent Cleanup for Next Mark 0.445ms
[2020-05-04T07:07:06.422+0500][48934.124s] GC(113) Concurrent Cycle 39.354ms
[2020-05-04T07:07:07.275+0500][48934.976s] GC(114) Pause Young (Concurrent Start) (G1 Humongous Allocation)
[2020-05-04T07:07:07.275+0500][48934.976s] GC(114) Using 8 workers of 8 for evacuation
[2020-05-04T07:07:07.277+0500][48934.979s] GC(114)   Pre Evacuate Collection Set: 0.1ms
[2020-05-04T07:07:07.277+0500][48934.979s] GC(114)   Merge Heap Roots: 0.1ms
[2020-05-04T07:07:07.277+0500][48934.979s] GC(114)   Evacuate Collection Set: 1.5ms
[2020-05-04T07:07:07.277+0500][48934.979s] GC(114)   Post Evacuate Collection Set: 0.6ms
[2020-05-04T07:07:07.277+0500][48934.979s] GC(114)   Other: 0.2ms
[2020-05-04T07:07:07.277+0500][48934.979s] GC(114) Eden regions: 21->0(250)
[2020-05-04T07:07:07.277+0500][48934.979s] GC(114) Survivor regions: 14->16(33)
[2020-05-04T07:07:07.277+0500][48934.979s] GC(114) Old regions: 70->70
[2020-05-04T07:07:07.277+0500][48934.979s] GC(114) Archive regions: 2->2
[2020-05-04T07:07:07.277+0500][48934.979s] GC(114) Humongous regions: 41->27
[2020-05-04T07:07:07.277+0500][48934.979s] GC(114) Metaspace: 52249K(53500K)->52249K(53500K) NonClass: 46357K(47104K)->46357K(47104K) Class: 5892K(6396K)->5892K(6396K)
[2020-05-04T07:07:07.277+0500][48934.979s] GC(114) Pause Young (Concurrent Start) (G1 Humongous Allocation) 146M->113M(512M) 2.647ms
[2020-05-04T07:07:07.277+0500][48934.979s] GC(114) User=0.01s Sys=0.00s Real=0.00s
[2020-05-04T07:07:07.277+0500][48934.979s] GC(115) Concurrent Cycle
[2020-05-04T07:07:07.277+0500][48934.979s] GC(115) Concurrent Clear Claimed Marks
[2020-05-04T07:07:07.278+0500][48934.979s] GC(115) Concurrent Clear Claimed Marks 0.073ms
[2020-05-04T07:07:07.278+0500][48934.979s] GC(115) Concurrent Scan Root Regions
[2020-05-04T07:07:07.278+0500][48934.980s] GC(115) Concurrent Scan Root Regions 0.634ms
[2020-05-04T07:07:07.278+0500][48934.980s] GC(115) Concurrent Mark (48934.980s)
[2020-05-04T07:07:07.278+0500][48934.980s] GC(115) Concurrent Mark From Roots
[2020-05-04T07:07:07.278+0500][48934.980s] GC(115) Using 2 workers of 2 for marking
[2020-05-04T07:07:07.297+0500][48934.999s] GC(115) Concurrent Mark From Roots 19.182ms
[2020-05-04T07:07:07.298+0500][48934.999s] GC(115) Concurrent Preclean
[2020-05-04T07:07:07.298+0500][48934.999s] GC(115) Concurrent Preclean 0.102ms
[2020-05-04T07:07:07.298+0500][48934.999s] GC(115) Concurrent Mark (48934.980s, 48934.999s) 19.388ms
[2020-05-04T07:07:07.298+0500][48934.999s] GC(115) Pause Remark
[2020-05-04T07:07:07.301+0500][48935.003s] GC(115) Pause Remark 128M->128M(512M) 3.130ms
[2020-05-04T07:07:07.301+0500][48935.003s] GC(115) User=0.02s Sys=0.00s Real=0.01s
[2020-05-04T07:07:07.301+0500][48935.003s] GC(115) Concurrent Rebuild Remembered Sets
[2020-05-04T07:07:07.313+0500][48935.015s] GC(115) Concurrent Rebuild Remembered Sets 11.818ms
[2020-05-04T07:07:07.313+0500][48935.015s] GC(115) Pause Cleanup
[2020-05-04T07:07:07.313+0500][48935.015s] GC(115) Pause Cleanup 129M->129M(512M) 0.177ms
[2020-05-04T07:07:07.313+0500][48935.015s] GC(115) User=0.00s Sys=0.00s Real=0.00s
[2020-05-04T07:07:07.314+0500][48935.015s] GC(115) Concurrent Cleanup for Next Mark
[2020-05-04T07:07:07.314+0500][48935.016s] GC(115) Concurrent Cleanup for Next Mark 0.511ms
[2020-05-04T07:07:07.314+0500][48935.016s] GC(115) Concurrent Cycle 36.659ms
[2020-05-04T07:07:07.400+0500][48935.101s] GC(116) Pause Young (Concurrent Start) (G1 Humongous Allocation)
[2020-05-04T07:07:07.400+0500][48935.101s] GC(116) Using 8 workers of 8 for evacuation
[2020-05-04T07:07:07.402+0500][48935.103s] GC(116)   Pre Evacuate Collection Set: 0.2ms
[2020-05-04T07:07:07.402+0500][48935.103s] GC(116)   Merge Heap Roots: 0.1ms
[2020-05-04T07:07:07.402+0500][48935.103s] GC(116)   Evacuate Collection Set: 1.2ms
[2020-05-04T07:07:07.402+0500][48935.103s] GC(116)   Post Evacuate Collection Set: 0.5ms
[2020-05-04T07:07:07.402+0500][48935.103s] GC(116)   Other: 0.2ms
[2020-05-04T07:07:07.402+0500][48935.103s] GC(116) Eden regions: 9->0(243)
[2020-05-04T07:07:07.402+0500][48935.103s] GC(116) Survivor regions: 16->18(34)
[2020-05-04T07:07:07.402+0500][48935.103s] GC(116) Old regions: 70->70
[2020-05-04T07:07:07.402+0500][48935.103s] GC(116) Archive regions: 2->2
[2020-05-04T07:07:07.402+0500][48935.103s] GC(116) Humongous regions: 41->27
[2020-05-04T07:07:07.402+0500][48935.103s] GC(116) Metaspace: 52249K(53500K)->52249K(53500K) NonClass: 46357K(47104K)->46357K(47104K) Class: 5892K(6396K)->5892K(6396K)
[2020-05-04T07:07:07.402+0500][48935.103s] GC(116) Pause Young (Concurrent Start) (G1 Humongous Allocation) 135M->114M(512M) 2.215ms
[2020-05-04T07:07:07.402+0500][48935.103s] GC(116) User=0.01s Sys=0.00s Real=0.00s
[2020-05-04T07:07:07.402+0500][48935.103s] GC(117) Concurrent Cycle
[2020-05-04T07:07:07.402+0500][48935.103s] GC(117) Concurrent Clear Claimed Marks
[2020-05-04T07:07:07.402+0500][48935.104s] GC(117) Concurrent Clear Claimed Marks 0.096ms
[2020-05-04T07:07:07.402+0500][48935.104s] GC(117) Concurrent Scan Root Regions
[2020-05-04T07:07:07.403+0500][48935.104s] GC(117) Concurrent Scan Root Regions 0.828ms
[2020-05-04T07:07:07.403+0500][48935.104s] GC(117) Concurrent Mark (48935.104s)
[2020-05-04T07:07:07.403+0500][48935.104s] GC(117) Concurrent Mark From Roots
[2020-05-04T07:07:07.403+0500][48935.105s] GC(117) Using 2 workers of 2 for marking
[2020-05-04T07:07:07.422+0500][48935.124s] GC(117) Concurrent Mark From Roots 19.344ms
[2020-05-04T07:07:07.422+0500][48935.124s] GC(117) Concurrent Preclean
[2020-05-04T07:07:07.423+0500][48935.124s] GC(117) Concurrent Preclean 0.102ms
[2020-05-04T07:07:07.423+0500][48935.124s] GC(117) Concurrent Mark (48935.104s, 48935.124s) 19.539ms
[2020-05-04T07:07:07.423+0500][48935.124s] GC(117) Pause Remark
[2020-05-04T07:07:07.426+0500][48935.127s] GC(117) Pause Remark 121M->121M(512M) 3.028ms
[2020-05-04T07:07:07.426+0500][48935.127s] GC(117) User=0.02s Sys=0.00s Real=0.00s
[2020-05-04T07:07:07.426+0500][48935.127s] GC(117) Concurrent Rebuild Remembered Sets
[2020-05-04T07:07:07.438+0500][48935.140s] GC(117) Concurrent Rebuild Remembered Sets 12.215ms
[2020-05-04T07:07:07.439+0500][48935.140s] GC(117) Pause Cleanup
[2020-05-04T07:07:07.439+0500][48935.140s] GC(117) Pause Cleanup 121M->121M(512M) 0.161ms
[2020-05-04T07:07:07.439+0500][48935.140s] GC(117) User=0.00s Sys=0.00s Real=0.00s
[2020-05-04T07:07:07.439+0500][48935.140s] GC(117) Concurrent Cleanup for Next Mark
[2020-05-04T07:07:07.439+0500][48935.141s] GC(117) Concurrent Cleanup for Next Mark 0.486ms
[2020-05-04T07:07:07.439+0500][48935.141s] GC(117) Concurrent Cycle 37.292ms
[2020-05-04T07:07:07.483+0500][48935.184s] GC(118) Pause Young (Concurrent Start) (G1 Humongous Allocation)
[2020-05-04T07:07:07.483+0500][48935.184s] GC(118) Using 8 workers of 8 for evacuation
[2020-05-04T07:07:07.485+0500][48935.186s] GC(118)   Pre Evacuate Collection Set: 0.1ms
[2020-05-04T07:07:07.485+0500][48935.186s] GC(118)   Merge Heap Roots: 0.1ms
[2020-05-04T07:07:07.485+0500][48935.186s] GC(118)   Evacuate Collection Set: 1.2ms
[2020-05-04T07:07:07.485+0500][48935.186s] GC(118)   Post Evacuate Collection Set: 0.4ms
[2020-05-04T07:07:07.485+0500][48935.186s] GC(118)   Other: 0.2ms
[2020-05-04T07:07:07.485+0500][48935.186s] GC(118) Eden regions: 2->0(177)
[2020-05-04T07:07:07.485+0500][48935.186s] GC(118) Survivor regions: 18->7(33)
[2020-05-04T07:07:07.485+0500][48935.186s] GC(118) Old regions: 70->81
[2020-05-04T07:07:07.485+0500][48935.186s] GC(118) Archive regions: 2->2
[2020-05-04T07:07:07.485+0500][48935.186s] GC(118) Humongous regions: 33->32
[2020-05-04T07:07:07.485+0500][48935.186s] GC(118) Metaspace: 52249K(53500K)->52249K(53500K) NonClass: 46357K(47104K)->46357K(47104K) Class: 5892K(6396K)->5892K(6396K)
[2020-05-04T07:07:07.485+0500][48935.187s] GC(118) Pause Young (Concurrent Start) (G1 Humongous Allocation) 121M->120M(512M) 2.106ms
[2020-05-04T07:07:07.485+0500][48935.187s] GC(118) User=0.01s Sys=0.00s Real=0.00s
[2020-05-04T07:07:07.485+0500][48935.187s] GC(119) Concurrent Cycle
[2020-05-04T07:07:07.485+0500][48935.187s] GC(119) Concurrent Clear Claimed Marks
[2020-05-04T07:07:07.485+0500][48935.187s] GC(119) Concurrent Clear Claimed Marks 0.095ms
[2020-05-04T07:07:07.485+0500][48935.187s] GC(119) Concurrent Scan Root Regions
[2020-05-04T07:07:07.486+0500][48935.187s] GC(119) Concurrent Scan Root Regions 0.632ms
[2020-05-04T07:07:07.486+0500][48935.187s] GC(119) Concurrent Mark (48935.187s)
[2020-05-04T07:07:07.486+0500][48935.187s] GC(119) Concurrent Mark From Roots
[2020-05-04T07:07:07.486+0500][48935.187s] GC(119) Using 2 workers of 2 for marking
[2020-05-04T07:07:07.504+0500][48935.206s] GC(119) Concurrent Mark From Roots 18.572ms
[2020-05-04T07:07:07.505+0500][48935.206s] GC(119) Concurrent Preclean
[2020-05-04T07:07:07.505+0500][48935.206s] GC(119) Concurrent Preclean 0.172ms
[2020-05-04T07:07:07.505+0500][48935.206s] GC(119) Concurrent Mark (48935.187s, 48935.206s) 18.840ms
[2020-05-04T07:07:07.505+0500][48935.206s] GC(119) Pause Remark
[2020-05-04T07:07:07.508+0500][48935.209s] GC(119) Pause Remark 123M->123M(512M) 2.979ms
[2020-05-04T07:07:07.508+0500][48935.210s] GC(119) User=0.02s Sys=0.01s Real=0.00s
[2020-05-04T07:07:07.508+0500][48935.210s] GC(119) Concurrent Rebuild Remembered Sets
[2020-05-04T07:07:07.521+0500][48935.222s] GC(119) Concurrent Rebuild Remembered Sets 12.427ms
[2020-05-04T07:07:07.521+0500][48935.222s] GC(119) Pause Cleanup
[2020-05-04T07:07:07.521+0500][48935.223s] GC(119) Pause Cleanup 124M->124M(512M) 0.199ms
[2020-05-04T07:07:07.521+0500][48935.223s] GC(119) User=0.00s Sys=0.00s Real=0.00s
[2020-05-04T07:07:07.521+0500][48935.223s] GC(119) Concurrent Cleanup for Next Mark
[2020-05-04T07:07:07.522+0500][48935.223s] GC(119) Concurrent Cleanup for Next Mark 0.521ms
[2020-05-04T07:07:07.522+0500][48935.223s] GC(119) Concurrent Cycle 36.677ms
[2020-05-04T07:07:07.707+0500][48935.409s] GC(120) Pause Young (Concurrent Start) (G1 Humongous Allocation)
[2020-05-04T07:07:07.707+0500][48935.409s] GC(120) Using 8 workers of 8 for evacuation
[2020-05-04T07:07:07.709+0500][48935.410s] GC(120)   Pre Evacuate Collection Set: 0.1ms
[2020-05-04T07:07:07.709+0500][48935.410s] GC(120)   Merge Heap Roots: 0.1ms
[2020-05-04T07:07:07.709+0500][48935.410s] GC(120)   Evacuate Collection Set: 0.8ms
[2020-05-04T07:07:07.709+0500][48935.410s] GC(120)   Post Evacuate Collection Set: 0.3ms
[2020-05-04T07:07:07.709+0500][48935.410s] GC(120)   Other: 0.2ms
[2020-05-04T07:07:07.709+0500][48935.410s] GC(120) Eden regions: 13->0(195)
[2020-05-04T07:07:07.709+0500][48935.410s] GC(120) Survivor regions: 7->9(23)
[2020-05-04T07:07:07.709+0500][48935.410s] GC(120) Old regions: 81->81
[2020-05-04T07:07:07.709+0500][48935.410s] GC(120) Archive regions: 2->2
[2020-05-04T07:07:07.709+0500][48935.410s] GC(120) Humongous regions: 44->34
[2020-05-04T07:07:07.709+0500][48935.410s] GC(120) Metaspace: 52249K(53500K)->52249K(53500K) NonClass: 46357K(47104K)->46357K(47104K) Class: 5892K(6396K)->5892K(6396K)
[2020-05-04T07:07:07.709+0500][48935.410s] GC(120) Pause Young (Concurrent Start) (G1 Humongous Allocation) 144M->124M(512M) 1.688ms
[2020-05-04T07:07:07.709+0500][48935.410s] GC(120) User=0.01s Sys=0.00s Real=0.00s
[2020-05-04T07:07:07.709+0500][48935.410s] GC(121) Concurrent Cycle
[2020-05-04T07:07:07.709+0500][48935.410s] GC(121) Concurrent Clear Claimed Marks
[2020-05-04T07:07:07.709+0500][48935.410s] GC(121) Concurrent Clear Claimed Marks 0.054ms
[2020-05-04T07:07:07.709+0500][48935.410s] GC(121) Concurrent Scan Root Regions
[2020-05-04T07:07:07.709+0500][48935.411s] GC(121) Concurrent Scan Root Regions 0.369ms
[2020-05-04T07:07:07.709+0500][48935.411s] GC(121) Concurrent Mark (48935.411s)
[2020-05-04T07:07:07.709+0500][48935.411s] GC(121) Concurrent Mark From Roots
[2020-05-04T07:07:07.709+0500][48935.411s] GC(121) Using 2 workers of 2 for marking
[2020-05-04T07:07:07.729+0500][48935.431s] GC(121) Concurrent Mark From Roots 19.655ms
[2020-05-04T07:07:07.729+0500][48935.431s] GC(121) Concurrent Preclean
[2020-05-04T07:07:07.729+0500][48935.431s] GC(121) Concurrent Preclean 0.102ms
[2020-05-04T07:07:07.729+0500][48935.431s] GC(121) Concurrent Mark (48935.411s, 48935.431s) 19.856ms
[2020-05-04T07:07:07.730+0500][48935.431s] GC(121) Pause Remark
[2020-05-04T07:07:07.733+0500][48935.434s] GC(121) Pause Remark 129M->129M(512M) 3.139ms
[2020-05-04T07:07:07.733+0500][48935.434s] GC(121) User=0.02s Sys=0.00s Real=0.00s
[2020-05-04T07:07:07.733+0500][48935.434s] GC(121) Concurrent Rebuild Remembered Sets
[2020-05-04T07:07:07.745+0500][48935.446s] GC(121) Concurrent Rebuild Remembered Sets 12.052ms
[2020-05-04T07:07:07.745+0500][48935.447s] GC(121) Pause Cleanup
[2020-05-04T07:07:07.745+0500][48935.447s] GC(121) Pause Cleanup 130M->130M(512M) 0.190ms
[2020-05-04T07:07:07.745+0500][48935.447s] GC(121) User=0.00s Sys=0.00s Real=0.00s
[2020-05-04T07:07:07.745+0500][48935.447s] GC(121) Concurrent Cleanup for Next Mark
[2020-05-04T07:07:07.746+0500][48935.447s] GC(121) Concurrent Cleanup for Next Mark 0.507ms
[2020-05-04T07:07:07.746+0500][48935.447s] GC(121) Concurrent Cycle 37.105ms
[2020-05-04T07:07:08.059+0500][48935.760s] GC(122) Pause Young (Concurrent Start) (G1 Humongous Allocation)
[2020-05-04T07:07:08.059+0500][48935.760s] GC(122) Using 8 workers of 8 for evacuation
[2020-05-04T07:07:08.060+0500][48935.762s] GC(122)   Pre Evacuate Collection Set: 0.2ms
[2020-05-04T07:07:08.060+0500][48935.762s] GC(122)   Merge Heap Roots: 0.1ms
[2020-05-04T07:07:08.060+0500][48935.762s] GC(122)   Evacuate Collection Set: 1.0ms
[2020-05-04T07:07:08.060+0500][48935.762s] GC(122)   Post Evacuate Collection Set: 0.4ms
[2020-05-04T07:07:08.060+0500][48935.762s] GC(122)   Other: 0.1ms
[2020-05-04T07:07:08.061+0500][48935.762s] GC(122) Eden regions: 17->0(208)
[2020-05-04T07:07:08.061+0500][48935.762s] GC(122) Survivor regions: 9->12(26)
[2020-05-04T07:07:08.061+0500][48935.762s] GC(122) Old regions: 81->81
[2020-05-04T07:07:08.061+0500][48935.762s] GC(122) Archive regions: 2->2
[2020-05-04T07:07:08.061+0500][48935.762s] GC(122) Humongous regions: 38->31
[2020-05-04T07:07:08.061+0500][48935.762s] GC(122) Metaspace: 52249K(53500K)->52249K(53500K) NonClass: 46357K(47104K)->46357K(47104K) Class: 5892K(6396K)->5892K(6396K)
[2020-05-04T07:07:08.061+0500][48935.762s] GC(122) Pause Young (Concurrent Start) (G1 Humongous Allocation) 144M->124M(512M) 1.852ms
[2020-05-04T07:07:08.061+0500][48935.762s] GC(122) User=0.01s Sys=0.00s Real=0.01s
[2020-05-04T07:07:08.061+0500][48935.762s] GC(123) Concurrent Cycle
[2020-05-04T07:07:08.061+0500][48935.762s] GC(123) Concurrent Clear Claimed Marks
[2020-05-04T07:07:08.061+0500][48935.762s] GC(123) Concurrent Clear Claimed Marks 0.061ms
[2020-05-04T07:07:08.061+0500][48935.762s] GC(123) Concurrent Scan Root Regions
[2020-05-04T07:07:08.061+0500][48935.763s] GC(123) Concurrent Scan Root Regions 0.379ms
[2020-05-04T07:07:08.061+0500][48935.763s] GC(123) Concurrent Mark (48935.763s)
[2020-05-04T07:07:08.061+0500][48935.763s] GC(123) Concurrent Mark From Roots
[2020-05-04T07:07:08.061+0500][48935.763s] GC(123) Using 2 workers of 2 for marking
[2020-05-04T07:07:08.081+0500][48935.783s] GC(123) Concurrent Mark From Roots 20.251ms
[2020-05-04T07:07:08.081+0500][48935.783s] GC(123) Concurrent Preclean
[2020-05-04T07:07:08.082+0500][48935.783s] GC(123) Concurrent Preclean 0.102ms
[2020-05-04T07:07:08.082+0500][48935.783s] GC(123) Concurrent Mark (48935.763s, 48935.783s) 20.441ms
[2020-05-04T07:07:08.082+0500][48935.783s] GC(123) Pause Remark
[2020-05-04T07:07:08.085+0500][48935.786s] GC(123) Pause Remark 132M->132M(512M) 3.008ms
[2020-05-04T07:07:08.085+0500][48935.786s] GC(123) User=0.02s Sys=0.00s Real=0.00s
[2020-05-04T07:07:08.085+0500][48935.786s] GC(123) Concurrent Rebuild Remembered Sets
[2020-05-04T07:07:08.097+0500][48935.799s] GC(123) Concurrent Rebuild Remembered Sets 12.553ms
[2020-05-04T07:07:08.098+0500][48935.799s] GC(123) Pause Cleanup
[2020-05-04T07:07:08.098+0500][48935.799s] GC(123) Pause Cleanup 140M->140M(512M) 0.176ms
[2020-05-04T07:07:08.098+0500][48935.799s] GC(123) User=0.00s Sys=0.00s Real=0.00s
[2020-05-04T07:07:08.098+0500][48935.799s] GC(123) Concurrent Cleanup for Next Mark
[2020-05-04T07:07:08.098+0500][48935.800s] GC(123) Concurrent Cleanup for Next Mark 0.470ms
[2020-05-04T07:07:08.098+0500][48935.800s] GC(123) Concurrent Cycle 37.768ms
[2020-05-04T07:07:08.562+0500][48936.263s] GC(124) Pause Young (Concurrent Start) (G1 Humongous Allocation)
[2020-05-04T07:07:08.562+0500][48936.263s] GC(124) Using 8 workers of 8 for evacuation
[2020-05-04T07:07:08.563+0500][48936.265s] GC(124)   Pre Evacuate Collection Set: 0.2ms
[2020-05-04T07:07:08.563+0500][48936.265s] GC(124)   Merge Heap Roots: 0.1ms
[2020-05-04T07:07:08.564+0500][48936.265s] GC(124)   Evacuate Collection Set: 1.1ms
[2020-05-04T07:07:08.564+0500][48936.265s] GC(124)   Post Evacuate Collection Set: 0.4ms
[2020-05-04T07:07:08.564+0500][48936.265s] GC(124)   Other: 0.2ms
[2020-05-04T07:07:08.564+0500][48936.265s] GC(124) Eden regions: 25->0(209)
[2020-05-04T07:07:08.564+0500][48936.265s] GC(124) Survivor regions: 12->16(28)
[2020-05-04T07:07:08.564+0500][48936.265s] GC(124) Old regions: 81->81
[2020-05-04T07:07:08.564+0500][48936.265s] GC(124) Archive regions: 2->2
[2020-05-04T07:07:08.564+0500][48936.265s] GC(124) Humongous regions: 45->31
[2020-05-04T07:07:08.564+0500][48936.265s] GC(124) Metaspace: 52249K(53500K)->52249K(53500K) NonClass: 46357K(47104K)->46357K(47104K) Class: 5892K(6396K)->5892K(6396K)
[2020-05-04T07:07:08.564+0500][48936.265s] GC(124) Pause Young (Concurrent Start) (G1 Humongous Allocation) 162M->128M(512M) 2.052ms
[2020-05-04T07:07:08.564+0500][48936.265s] GC(124) User=0.01s Sys=0.01s Real=0.00s
[2020-05-04T07:07:08.564+0500][48936.265s] GC(125) Concurrent Cycle
[2020-05-04T07:07:08.564+0500][48936.265s] GC(125) Concurrent Clear Claimed Marks
[2020-05-04T07:07:08.564+0500][48936.265s] GC(125) Concurrent Clear Claimed Marks 0.098ms
[2020-05-04T07:07:08.564+0500][48936.265s] GC(125) Concurrent Scan Root Regions
[2020-05-04T07:07:08.564+0500][48936.266s] GC(125) Concurrent Scan Root Regions 0.469ms
[2020-05-04T07:07:08.564+0500][48936.266s] GC(125) Concurrent Mark (48936.266s)
[2020-05-04T07:07:08.564+0500][48936.266s] GC(125) Concurrent Mark From Roots
[2020-05-04T07:07:08.564+0500][48936.266s] GC(125) Using 2 workers of 2 for marking
[2020-05-04T07:07:08.584+0500][48936.286s] GC(125) Concurrent Mark From Roots 20.048ms
[2020-05-04T07:07:08.584+0500][48936.286s] GC(125) Concurrent Preclean
[2020-05-04T07:07:08.584+0500][48936.286s] GC(125) Concurrent Preclean 0.105ms
[2020-05-04T07:07:08.584+0500][48936.286s] GC(125) Concurrent Mark (48936.266s, 48936.286s) 20.213ms
[2020-05-04T07:07:08.585+0500][48936.286s] GC(125) Pause Remark
[2020-05-04T07:07:08.588+0500][48936.289s] GC(125) Pause Remark 136M->136M(512M) 2.971ms
[2020-05-04T07:07:08.588+0500][48936.289s] GC(125) User=0.02s Sys=0.00s Real=0.00s
[2020-05-04T07:07:08.588+0500][48936.289s] GC(125) Concurrent Rebuild Remembered Sets
[2020-05-04T07:07:08.601+0500][48936.302s] GC(125) Concurrent Rebuild Remembered Sets 12.891ms
[2020-05-04T07:07:08.601+0500][48936.302s] GC(125) Pause Cleanup
[2020-05-04T07:07:08.601+0500][48936.303s] GC(125) Pause Cleanup 143M->143M(512M) 0.173ms
[2020-05-04T07:07:08.601+0500][48936.303s] GC(125) User=0.00s Sys=0.00s Real=0.00s
[2020-05-04T07:07:08.601+0500][48936.303s] GC(125) Concurrent Cleanup for Next Mark
[2020-05-04T07:07:08.602+0500][48936.303s] GC(125) Concurrent Cleanup for Next Mark 0.504ms
[2020-05-04T07:07:08.602+0500][48936.303s] GC(125) Concurrent Cycle 38.147ms
[2020-05-04T07:07:09.200+0500][48936.902s] GC(126) Pause Young (Concurrent Start) (G1 Humongous Allocation)
[2020-05-04T07:07:09.200+0500][48936.902s] GC(126) Using 8 workers of 8 for evacuation
[2020-05-04T07:07:09.203+0500][48936.904s] GC(126)   Pre Evacuate Collection Set: 0.2ms
[2020-05-04T07:07:09.203+0500][48936.904s] GC(126)   Merge Heap Roots: 0.1ms
[2020-05-04T07:07:09.203+0500][48936.904s] GC(126)   Evacuate Collection Set: 1.6ms
[2020-05-04T07:07:09.203+0500][48936.904s] GC(126)   Post Evacuate Collection Set: 0.4ms
[2020-05-04T07:07:09.203+0500][48936.904s] GC(126)   Other: 0.2ms
[2020-05-04T07:07:09.203+0500][48936.904s] GC(126) Eden regions: 33->0(209)
[2020-05-04T07:07:09.203+0500][48936.904s] GC(126) Survivor regions: 16->20(29)
[2020-05-04T07:07:09.203+0500][48936.904s] GC(126) Old regions: 81->83
[2020-05-04T07:07:09.203+0500][48936.904s] GC(126) Archive regions: 2->2
[2020-05-04T07:07:09.203+0500][48936.904s] GC(126) Humongous regions: 45->31
[2020-05-04T07:07:09.203+0500][48936.904s] GC(126) Metaspace: 52249K(53500K)->52249K(53500K) NonClass: 46357K(47104K)->46357K(47104K) Class: 5892K(6396K)->5892K(6396K)
[2020-05-04T07:07:09.203+0500][48936.904s] GC(126) Pause Young (Concurrent Start) (G1 Humongous Allocation) 175M->133M(512M) 2.603ms
[2020-05-04T07:07:09.203+0500][48936.904s] GC(126) User=0.02s Sys=0.00s Real=0.00s
[2020-05-04T07:07:09.203+0500][48936.904s] GC(127) Concurrent Cycle
[2020-05-04T07:07:09.203+0500][48936.904s] GC(127) Concurrent Clear Claimed Marks
[2020-05-04T07:07:09.203+0500][48936.904s] GC(127) Concurrent Clear Claimed Marks 0.096ms
[2020-05-04T07:07:09.203+0500][48936.904s] GC(127) Concurrent Scan Root Regions
[2020-05-04T07:07:09.203+0500][48936.905s] GC(127) Concurrent Scan Root Regions 0.513ms
[2020-05-04T07:07:09.203+0500][48936.905s] GC(127) Concurrent Mark (48936.905s)
[2020-05-04T07:07:09.203+0500][48936.905s] GC(127) Concurrent Mark From Roots
[2020-05-04T07:07:09.203+0500][48936.905s] GC(127) Using 2 workers of 2 for marking
[2020-05-04T07:07:09.223+0500][48936.924s] GC(127) Concurrent Mark From Roots 19.014ms
[2020-05-04T07:07:09.223+0500][48936.924s] GC(127) Concurrent Preclean
[2020-05-04T07:07:09.223+0500][48936.924s] GC(127) Concurrent Preclean 0.101ms
[2020-05-04T07:07:09.223+0500][48936.924s] GC(127) Concurrent Mark (48936.905s, 48936.924s) 19.230ms
[2020-05-04T07:07:09.223+0500][48936.924s] GC(127) Pause Remark
[2020-05-04T07:07:09.226+0500][48936.928s] GC(127) Pause Remark 148M->148M(512M) 3.200ms
[2020-05-04T07:07:09.226+0500][48936.928s] GC(127) User=0.01s Sys=0.00s Real=0.00s
[2020-05-04T07:07:09.226+0500][48936.928s] GC(127) Concurrent Rebuild Remembered Sets
[2020-05-04T07:07:09.239+0500][48936.940s] GC(127) Concurrent Rebuild Remembered Sets 12.655ms
[2020-05-04T07:07:09.239+0500][48936.941s] GC(127) Pause Cleanup
[2020-05-04T07:07:09.239+0500][48936.941s] GC(127) Pause Cleanup 149M->149M(512M) 0.168ms
[2020-05-04T07:07:09.239+0500][48936.941s] GC(127) User=0.00s Sys=0.00s Real=0.00s
[2020-05-04T07:07:09.239+0500][48936.941s] GC(127) Concurrent Cleanup for Next Mark
[2020-05-04T07:07:09.240+0500][48936.941s] GC(127) Concurrent Cleanup for Next Mark 0.534ms
[2020-05-04T07:07:09.240+0500][48936.941s] GC(127) Concurrent Cycle 37.240ms
[2020-05-04T07:07:09.255+0500][48936.957s] GC(128) Pause Young (Concurrent Start) (G1 Humongous Allocation)
[2020-05-04T07:07:09.255+0500][48936.957s] GC(128) Using 8 workers of 8 for evacuation
[2020-05-04T07:07:09.257+0500][48936.959s] GC(128)   Pre Evacuate Collection Set: 0.2ms
[2020-05-04T07:07:09.257+0500][48936.959s] GC(128)   Merge Heap Roots: 0.1ms
[2020-05-04T07:07:09.257+0500][48936.959s] GC(128)   Evacuate Collection Set: 1.3ms
[2020-05-04T07:07:09.257+0500][48936.959s] GC(128)   Post Evacuate Collection Set: 0.4ms
[2020-05-04T07:07:09.257+0500][48936.959s] GC(128)   Other: 0.2ms
[2020-05-04T07:07:09.257+0500][48936.959s] GC(128) Eden regions: 3->0(204)
[2020-05-04T07:07:09.257+0500][48936.959s] GC(128) Survivor regions: 20->16(29)
[2020-05-04T07:07:09.257+0500][48936.959s] GC(128) Old regions: 83->87
[2020-05-04T07:07:09.257+0500][48936.959s] GC(128) Archive regions: 2->2
[2020-05-04T07:07:09.257+0500][48936.959s] GC(128) Humongous regions: 45->38
[2020-05-04T07:07:09.257+0500][48936.959s] GC(128) Metaspace: 52249K(53500K)->52249K(53500K) NonClass: 46357K(47104K)->46357K(47104K) Class: 5892K(6396K)->5892K(6396K)
[2020-05-04T07:07:09.257+0500][48936.959s] GC(128) Pause Young (Concurrent Start) (G1 Humongous Allocation) 149M->140M(512M) 2.267ms
[2020-05-04T07:07:09.257+0500][48936.959s] GC(128) User=0.01s Sys=0.00s Real=0.00s
[2020-05-04T07:07:09.257+0500][48936.959s] GC(129) Concurrent Cycle
[2020-05-04T07:07:09.257+0500][48936.959s] GC(129) Concurrent Clear Claimed Marks
[2020-05-04T07:07:09.258+0500][48936.959s] GC(129) Concurrent Clear Claimed Marks 0.097ms
[2020-05-04T07:07:09.258+0500][48936.959s] GC(129) Concurrent Scan Root Regions
[2020-05-04T07:07:09.258+0500][48936.960s] GC(129) Concurrent Scan Root Regions 0.489ms
[2020-05-04T07:07:09.258+0500][48936.960s] GC(129) Concurrent Mark (48936.960s)
[2020-05-04T07:07:09.258+0500][48936.960s] GC(129) Concurrent Mark From Roots
[2020-05-04T07:07:09.258+0500][48936.960s] GC(129) Using 2 workers of 2 for marking
[2020-05-04T07:07:09.277+0500][48936.979s] GC(129) Concurrent Mark From Roots 18.983ms
[2020-05-04T07:07:09.277+0500][48936.979s] GC(129) Concurrent Preclean
[2020-05-04T07:07:09.277+0500][48936.979s] GC(129) Concurrent Preclean 0.100ms
[2020-05-04T07:07:09.277+0500][48936.979s] GC(129) Concurrent Mark (48936.960s, 48936.979s) 19.169ms
[2020-05-04T07:07:09.278+0500][48936.979s] GC(129) Pause Remark
[2020-05-04T07:07:09.281+0500][48936.982s] GC(129) Pause Remark 155M->155M(512M) 3.044ms
[2020-05-04T07:07:09.281+0500][48936.982s] GC(129) User=0.01s Sys=0.00s Real=0.01s
[2020-05-04T07:07:09.281+0500][48936.982s] GC(129) Concurrent Rebuild Remembered Sets
[2020-05-04T07:07:09.293+0500][48936.995s] GC(129) Concurrent Rebuild Remembered Sets 12.336ms
[2020-05-04T07:07:09.293+0500][48936.995s] GC(129) Pause Cleanup
[2020-05-04T07:07:09.294+0500][48936.995s] GC(129) Pause Cleanup 155M->155M(512M) 0.204ms
[2020-05-04T07:07:09.294+0500][48936.995s] GC(129) User=0.00s Sys=0.00s Real=0.00s
[2020-05-04T07:07:09.294+0500][48936.995s] GC(129) Concurrent Cleanup for Next Mark
[2020-05-04T07:07:09.294+0500][48936.996s] GC(129) Concurrent Cleanup for Next Mark 0.520ms
[2020-05-04T07:07:09.294+0500][48936.996s] GC(129) Concurrent Cycle 36.824ms
[2020-05-04T07:07:09.748+0500][48937.449s] GC(130) Pause Young (Concurrent Start) (G1 Humongous Allocation)
[2020-05-04T07:07:09.748+0500][48937.449s] GC(130) Using 8 workers of 8 for evacuation
[2020-05-04T07:07:09.750+0500][48937.452s] GC(130)   Pre Evacuate Collection Set: 0.2ms
[2020-05-04T07:07:09.750+0500][48937.452s] GC(130)   Merge Heap Roots: 0.1ms
[2020-05-04T07:07:09.750+0500][48937.452s] GC(130)   Evacuate Collection Set: 1.3ms
[2020-05-04T07:07:09.750+0500][48937.452s] GC(130)   Post Evacuate Collection Set: 0.5ms
[2020-05-04T07:07:09.750+0500][48937.452s] GC(130)   Other: 0.2ms
[2020-05-04T07:07:09.750+0500][48937.452s] GC(130) Eden regions: 24->0(203)
[2020-05-04T07:07:09.750+0500][48937.452s] GC(130) Survivor regions: 16->17(28)
[2020-05-04T07:07:09.750+0500][48937.452s] GC(130) Old regions: 87->89
[2020-05-04T07:07:09.750+0500][48937.452s] GC(130) Archive regions: 2->2
[2020-05-04T07:07:09.750+0500][48937.452s] GC(130) Humongous regions: 52->45
[2020-05-04T07:07:09.750+0500][48937.452s] GC(130) Metaspace: 52249K(53500K)->52249K(53500K) NonClass: 46357K(47104K)->46357K(47104K) Class: 5892K(6396K)->5892K(6396K)
[2020-05-04T07:07:09.750+0500][48937.452s] GC(130) Pause Young (Concurrent Start) (G1 Humongous Allocation) 178M->151M(512M) 2.341ms
[2020-05-04T07:07:09.750+0500][48937.452s] GC(130) User=0.01s Sys=0.00s Real=0.01s
[2020-05-04T07:07:09.750+0500][48937.452s] GC(131) Concurrent Cycle
[2020-05-04T07:07:09.750+0500][48937.452s] GC(131) Concurrent Clear Claimed Marks
[2020-05-04T07:07:09.750+0500][48937.452s] GC(131) Concurrent Clear Claimed Marks 0.089ms
[2020-05-04T07:07:09.750+0500][48937.452s] GC(131) Concurrent Scan Root Regions
[2020-05-04T07:07:09.751+0500][48937.452s] GC(131) Concurrent Scan Root Regions 0.367ms
[2020-05-04T07:07:09.751+0500][48937.452s] GC(131) Concurrent Mark (48937.452s)
[2020-05-04T07:07:09.751+0500][48937.452s] GC(131) Concurrent Mark From Roots
[2020-05-04T07:07:09.751+0500][48937.452s] GC(131) Using 2 workers of 2 for marking
[2020-05-04T07:07:09.770+0500][48937.472s] GC(131) Concurrent Mark From Roots 19.600ms
[2020-05-04T07:07:09.771+0500][48937.472s] GC(131) Concurrent Preclean
[2020-05-04T07:07:09.771+0500][48937.472s] GC(131) Concurrent Preclean 0.102ms
[2020-05-04T07:07:09.771+0500][48937.472s] GC(131) Concurrent Mark (48937.452s, 48937.472s) 19.836ms
[2020-05-04T07:07:09.771+0500][48937.472s] GC(131) Pause Remark
[2020-05-04T07:07:09.774+0500][48937.475s] GC(131) Pause Remark 156M->156M(512M) 3.058ms
[2020-05-04T07:07:09.774+0500][48937.476s] GC(131) User=0.02s Sys=0.00s Real=0.00s
[2020-05-04T07:07:09.774+0500][48937.476s] GC(131) Concurrent Rebuild Remembered Sets
[2020-05-04T07:07:09.786+0500][48937.488s] GC(131) Concurrent Rebuild Remembered Sets 12.079ms
[2020-05-04T07:07:09.787+0500][48937.488s] GC(131) Pause Cleanup
[2020-05-04T07:07:09.787+0500][48937.488s] GC(131) Pause Cleanup 157M->157M(512M) 0.263ms
[2020-05-04T07:07:09.787+0500][48937.488s] GC(131) User=0.00s Sys=0.00s Real=0.00s
[2020-05-04T07:07:09.787+0500][48937.488s] GC(131) Concurrent Cleanup for Next Mark
[2020-05-04T07:07:09.787+0500][48937.489s] GC(131) Concurrent Cleanup for Next Mark 0.556ms
[2020-05-04T07:07:09.788+0500][48937.489s] GC(131) Concurrent Cycle 37.195ms
[2020-05-04T07:07:09.820+0500][48937.521s] GC(132) Pause Young (Concurrent Start) (G1 Humongous Allocation)
[2020-05-04T07:07:09.820+0500][48937.521s] GC(132) Using 8 workers of 8 for evacuation
[2020-05-04T07:07:09.822+0500][48937.523s] GC(132)   Pre Evacuate Collection Set: 0.2ms
[2020-05-04T07:07:09.822+0500][48937.523s] GC(132)   Merge Heap Roots: 0.1ms
[2020-05-04T07:07:09.822+0500][48937.523s] GC(132)   Evacuate Collection Set: 1.1ms
[2020-05-04T07:07:09.822+0500][48937.523s] GC(132)   Post Evacuate Collection Set: 0.4ms
[2020-05-04T07:07:09.822+0500][48937.523s] GC(132)   Other: 0.2ms
[2020-05-04T07:07:09.822+0500][48937.523s] GC(132) Eden regions: 2->0(207)
[2020-05-04T07:07:09.822+0500][48937.523s] GC(132) Survivor regions: 17->15(28)
[2020-05-04T07:07:09.822+0500][48937.523s] GC(132) Old regions: 89->92
[2020-05-04T07:07:09.822+0500][48937.523s] GC(132) Archive regions: 2->2
[2020-05-04T07:07:09.822+0500][48937.523s] GC(132) Humongous regions: 50->47
[2020-05-04T07:07:09.822+0500][48937.523s] GC(132) Metaspace: 52249K(53500K)->52249K(53500K) NonClass: 46357K(47104K)->46357K(47104K) Class: 5892K(6396K)->5892K(6396K)
[2020-05-04T07:07:09.822+0500][48937.523s] GC(132) Pause Young (Concurrent Start) (G1 Humongous Allocation) 158M->153M(512M) 2.088ms
[2020-05-04T07:07:09.822+0500][48937.523s] GC(132) User=0.01s Sys=0.00s Real=0.00s
[2020-05-04T07:07:09.822+0500][48937.523s] GC(133) Concurrent Cycle
[2020-05-04T07:07:09.822+0500][48937.523s] GC(133) Concurrent Clear Claimed Marks
[2020-05-04T07:07:09.822+0500][48937.524s] GC(133) Concurrent Clear Claimed Marks 0.096ms
[2020-05-04T07:07:09.822+0500][48937.524s] GC(133) Concurrent Scan Root Regions
[2020-05-04T07:07:09.822+0500][48937.524s] GC(133) Concurrent Scan Root Regions 0.332ms
[2020-05-04T07:07:09.823+0500][48937.524s] GC(133) Concurrent Mark (48937.524s)
[2020-05-04T07:07:09.823+0500][48937.524s] GC(133) Concurrent Mark From Roots
[2020-05-04T07:07:09.823+0500][48937.524s] GC(133) Using 2 workers of 2 for marking
[2020-05-04T07:07:09.842+0500][48937.543s] GC(133) Concurrent Mark From Roots 19.258ms
[2020-05-04T07:07:09.842+0500][48937.543s] GC(133) Concurrent Preclean
[2020-05-04T07:07:09.842+0500][48937.543s] GC(133) Concurrent Preclean 0.102ms
[2020-05-04T07:07:09.842+0500][48937.543s] GC(133) Concurrent Mark (48937.524s, 48937.543s) 19.460ms
[2020-05-04T07:07:09.842+0500][48937.544s] GC(133) Pause Remark
[2020-05-04T07:07:09.845+0500][48937.547s] GC(133) Pause Remark 158M->158M(512M) 3.008ms
[2020-05-04T07:07:09.845+0500][48937.547s] GC(133) User=0.02s Sys=0.00s Real=0.00s
[2020-05-04T07:07:09.845+0500][48937.547s] GC(133) Concurrent Rebuild Remembered Sets
[2020-05-04T07:07:09.858+0500][48937.559s] GC(133) Concurrent Rebuild Remembered Sets 12.364ms
[2020-05-04T07:07:09.858+0500][48937.560s] GC(133) Pause Cleanup
[2020-05-04T07:07:09.858+0500][48937.560s] GC(133) Pause Cleanup 159M->159M(512M) 0.191ms
[2020-05-04T07:07:09.858+0500][48937.560s] GC(133) User=0.00s Sys=0.00s Real=0.00s
[2020-05-04T07:07:09.858+0500][48937.560s] GC(133) Concurrent Cleanup for Next Mark
[2020-05-04T07:07:09.859+0500][48937.561s] GC(133) Concurrent Cleanup for Next Mark 0.649ms
[2020-05-04T07:07:09.859+0500][48937.561s] GC(133) Concurrent Cycle 37.119ms
[2020-05-04T07:07:10.113+0500][48937.814s] GC(134) Pause Young (Concurrent Start) (G1 Humongous Allocation)
[2020-05-04T07:07:10.113+0500][48937.814s] GC(134) Using 8 workers of 8 for evacuation
[2020-05-04T07:07:10.115+0500][48937.816s] GC(134)   Pre Evacuate Collection Set: 0.1ms
[2020-05-04T07:07:10.115+0500][48937.816s] GC(134)   Merge Heap Roots: 0.1ms
[2020-05-04T07:07:10.115+0500][48937.816s] GC(134)   Evacuate Collection Set: 1.1ms
[2020-05-04T07:07:10.115+0500][48937.816s] GC(134)   Post Evacuate Collection Set: 0.5ms
[2020-05-04T07:07:10.115+0500][48937.816s] GC(134)   Other: 0.2ms
[2020-05-04T07:07:10.115+0500][48937.816s] GC(134) Eden regions: 14->0(208)
[2020-05-04T07:07:10.115+0500][48937.816s] GC(134) Survivor regions: 15->16(28)
[2020-05-04T07:07:10.115+0500][48937.816s] GC(134) Old regions: 92->92
[2020-05-04T07:07:10.115+0500][48937.816s] GC(134) Archive regions: 2->2
[2020-05-04T07:07:10.115+0500][48937.816s] GC(134) Humongous regions: 52->49
[2020-05-04T07:07:10.115+0500][48937.816s] GC(134) Metaspace: 52249K(53500K)->52249K(53500K) NonClass: 46357K(47104K)->46357K(47104K) Class: 5892K(6396K)->5892K(6396K)
[2020-05-04T07:07:10.115+0500][48937.816s] GC(134) Pause Young (Concurrent Start) (G1 Humongous Allocation) 172M->157M(512M) 2.040ms
[2020-05-04T07:07:10.115+0500][48937.816s] GC(134) User=0.01s Sys=0.00s Real=0.00s
[2020-05-04T07:07:10.115+0500][48937.816s] GC(135) Concurrent Cycle
[2020-05-04T07:07:10.115+0500][48937.816s] GC(135) Concurrent Clear Claimed Marks
[2020-05-04T07:07:10.115+0500][48937.817s] GC(135) Concurrent Clear Claimed Marks 0.095ms
[2020-05-04T07:07:10.115+0500][48937.817s] GC(135) Concurrent Scan Root Regions
[2020-05-04T07:07:10.116+0500][48937.817s] GC(135) Concurrent Scan Root Regions 0.427ms
[2020-05-04T07:07:10.116+0500][48937.817s] GC(135) Concurrent Mark (48937.817s)
[2020-05-04T07:07:10.116+0500][48937.817s] GC(135) Concurrent Mark From Roots
[2020-05-04T07:07:10.116+0500][48937.817s] GC(135) Using 2 workers of 2 for marking
[2020-05-04T07:07:10.135+0500][48937.837s] GC(135) Concurrent Mark From Roots 19.707ms
[2020-05-04T07:07:10.135+0500][48937.837s] GC(135) Concurrent Preclean
[2020-05-04T07:07:10.135+0500][48937.837s] GC(135) Concurrent Preclean 0.102ms
[2020-05-04T07:07:10.135+0500][48937.837s] GC(135) Concurrent Mark (48937.817s, 48937.837s) 19.874ms
[2020-05-04T07:07:10.136+0500][48937.837s] GC(135) Pause Remark
[2020-05-04T07:07:10.139+0500][48937.840s] GC(135) Pause Remark 172M->172M(512M) 2.980ms
[2020-05-04T07:07:10.139+0500][48937.840s] GC(135) User=0.02s Sys=0.01s Real=0.00s
[2020-05-04T07:07:10.139+0500][48937.840s] GC(135) Concurrent Rebuild Remembered Sets
[2020-05-04T07:07:10.151+0500][48937.853s] GC(135) Concurrent Rebuild Remembered Sets 12.585ms
[2020-05-04T07:07:10.152+0500][48937.853s] GC(135) Pause Cleanup
[2020-05-04T07:07:10.152+0500][48937.853s] GC(135) Pause Cleanup 173M->173M(512M) 0.180ms
[2020-05-04T07:07:10.152+0500][48937.853s] GC(135) User=0.00s Sys=0.00s Real=0.00s
[2020-05-04T07:07:10.152+0500][48937.853s] GC(135) Concurrent Cleanup for Next Mark
[2020-05-04T07:07:10.153+0500][48937.854s] GC(135) Concurrent Cleanup for Next Mark 0.525ms
[2020-05-04T07:07:10.153+0500][48937.854s] GC(135) Concurrent Cycle 37.571ms
[2020-05-04T07:07:10.170+0500][48937.871s] GC(136) Pause Young (Concurrent Start) (G1 Humongous Allocation)
[2020-05-04T07:07:10.170+0500][48937.871s] GC(136) Using 8 workers of 8 for evacuation
[2020-05-04T07:07:10.172+0500][48937.873s] GC(136)   Pre Evacuate Collection Set: 0.2ms
[2020-05-04T07:07:10.172+0500][48937.873s] GC(136)   Merge Heap Roots: 0.1ms
[2020-05-04T07:07:10.172+0500][48937.873s] GC(136)   Evacuate Collection Set: 1.1ms
[2020-05-04T07:07:10.172+0500][48937.873s] GC(136)   Post Evacuate Collection Set: 0.4ms
[2020-05-04T07:07:10.172+0500][48937.873s] GC(136)   Other: 0.2ms
[2020-05-04T07:07:10.172+0500][48937.873s] GC(136) Eden regions: 3->0(213)
[2020-05-04T07:07:10.172+0500][48937.873s] GC(136) Survivor regions: 16->13(28)
[2020-05-04T07:07:10.172+0500][48937.873s] GC(136) Old regions: 92->96
[2020-05-04T07:07:10.172+0500][48937.873s] GC(136) Archive regions: 2->2
[2020-05-04T07:07:10.172+0500][48937.873s] GC(136) Humongous regions: 63->49
[2020-05-04T07:07:10.172+0500][48937.873s] GC(136) Metaspace: 52249K(53500K)->52249K(53500K) NonClass: 46357K(47104K)->46357K(47104K) Class: 5892K(6396K)->5892K(6396K)
[2020-05-04T07:07:10.172+0500][48937.873s] GC(136) Pause Young (Concurrent Start) (G1 Humongous Allocation) 174M->157M(512M) 2.064ms
[2020-05-04T07:07:10.172+0500][48937.874s] GC(136) User=0.01s Sys=0.00s Real=0.00s
[2020-05-04T07:07:10.172+0500][48937.874s] GC(137) Concurrent Cycle
[2020-05-04T07:07:10.172+0500][48937.874s] GC(137) Concurrent Clear Claimed Marks
[2020-05-04T07:07:10.172+0500][48937.874s] GC(137) Concurrent Clear Claimed Marks 0.094ms
[2020-05-04T07:07:10.172+0500][48937.874s] GC(137) Concurrent Scan Root Regions
[2020-05-04T07:07:10.173+0500][48937.874s] GC(137) Concurrent Scan Root Regions 0.446ms
[2020-05-04T07:07:10.173+0500][48937.874s] GC(137) Concurrent Mark (48937.874s)
[2020-05-04T07:07:10.173+0500][48937.874s] GC(137) Concurrent Mark From Roots
[2020-05-04T07:07:10.173+0500][48937.874s] GC(137) Using 2 workers of 2 for marking
[2020-05-04T07:07:10.193+0500][48937.894s] GC(137) Concurrent Mark From Roots 20.067ms
[2020-05-04T07:07:10.193+0500][48937.894s] GC(137) Concurrent Preclean
[2020-05-04T07:07:10.193+0500][48937.894s] GC(137) Concurrent Preclean 0.098ms
[2020-05-04T07:07:10.193+0500][48937.894s] GC(137) Concurrent Mark (48937.874s, 48937.894s) 20.267ms
[2020-05-04T07:07:10.193+0500][48937.895s] GC(137) Pause Remark
[2020-05-04T07:07:10.196+0500][48937.898s] GC(137) Pause Remark 173M->173M(512M) 3.042ms
[2020-05-04T07:07:10.196+0500][48937.898s] GC(137) User=0.02s Sys=0.00s Real=0.00s
[2020-05-04T07:07:10.196+0500][48937.898s] GC(137) Concurrent Rebuild Remembered Sets
[2020-05-04T07:07:10.209+0500][48937.910s] GC(137) Concurrent Rebuild Remembered Sets 12.511ms
[2020-05-04T07:07:10.209+0500][48937.911s] GC(137) Pause Cleanup
[2020-05-04T07:07:10.209+0500][48937.911s] GC(137) Pause Cleanup 173M->173M(512M) 0.175ms
[2020-05-04T07:07:10.209+0500][48937.911s] GC(137) User=0.00s Sys=0.00s Real=0.00s
[2020-05-04T07:07:10.209+0500][48937.911s] GC(137) Concurrent Cleanup for Next Mark
[2020-05-04T07:07:10.210+0500][48937.911s] GC(137) Concurrent Cleanup for Next Mark 0.481ms
[2020-05-04T07:07:10.210+0500][48937.911s] GC(137) Concurrent Cycle 37.897ms
[2020-05-04T07:07:11.724+0500][48939.425s] GC(138) Pause Young (Concurrent Start) (G1 Humongous Allocation)
[2020-05-04T07:07:11.724+0500][48939.425s] GC(138) Using 8 workers of 8 for evacuation
[2020-05-04T07:07:11.726+0500][48939.427s] GC(138)   Pre Evacuate Collection Set: 0.1ms
[2020-05-04T07:07:11.726+0500][48939.427s] GC(138)   Merge Heap Roots: 0.1ms
[2020-05-04T07:07:11.726+0500][48939.427s] GC(138)   Evacuate Collection Set: 1.4ms
[2020-05-04T07:07:11.726+0500][48939.427s] GC(138)   Post Evacuate Collection Set: 0.4ms
[2020-05-04T07:07:11.726+0500][48939.427s] GC(138)   Other: 0.2ms
[2020-05-04T07:07:11.726+0500][48939.427s] GC(138) Eden regions: 45->0(215)
[2020-05-04T07:07:11.726+0500][48939.427s] GC(138) Survivor regions: 13->20(29)
[2020-05-04T07:07:11.726+0500][48939.427s] GC(138) Old regions: 96->96
[2020-05-04T07:07:11.726+0500][48939.427s] GC(138) Archive regions: 2->2
[2020-05-04T07:07:11.726+0500][48939.427s] GC(138) Humongous regions: 63->49
[2020-05-04T07:07:11.726+0500][48939.427s] GC(138) Metaspace: 52249K(53500K)->52249K(53500K) NonClass: 46357K(47104K)->46357K(47104K) Class: 5892K(6396K)->5892K(6396K)
[2020-05-04T07:07:11.726+0500][48939.427s] GC(138) Pause Young (Concurrent Start) (G1 Humongous Allocation) 216M->164M(512M) 2.264ms
[2020-05-04T07:07:11.726+0500][48939.427s] GC(138) User=0.01s Sys=0.00s Real=0.00s
[2020-05-04T07:07:11.726+0500][48939.427s] GC(139) Concurrent Cycle
[2020-05-04T07:07:11.726+0500][48939.427s] GC(139) Concurrent Clear Claimed Marks
[2020-05-04T07:07:11.726+0500][48939.427s] GC(139) Concurrent Clear Claimed Marks 0.061ms
[2020-05-04T07:07:11.726+0500][48939.428s] GC(139) Concurrent Scan Root Regions
[2020-05-04T07:07:11.727+0500][48939.428s] GC(139) Concurrent Scan Root Regions 0.827ms
[2020-05-04T07:07:11.727+0500][48939.428s] GC(139) Concurrent Mark (48939.428s)
[2020-05-04T07:07:11.727+0500][48939.428s] GC(139) Concurrent Mark From Roots
[2020-05-04T07:07:11.727+0500][48939.428s] GC(139) Using 2 workers of 2 for marking
[2020-05-04T07:07:11.748+0500][48939.449s] GC(139) Concurrent Mark From Roots 21.058ms
[2020-05-04T07:07:11.748+0500][48939.450s] GC(139) Concurrent Preclean
[2020-05-04T07:07:11.748+0500][48939.450s] GC(139) Concurrent Preclean 0.115ms
[2020-05-04T07:07:11.748+0500][48939.450s] GC(139) Concurrent Mark (48939.428s, 48939.450s) 21.259ms
[2020-05-04T07:07:11.748+0500][48939.450s] GC(139) Pause Remark
[2020-05-04T07:07:11.751+0500][48939.453s] GC(139) Pause Remark 167M->164M(512M) 3.055ms
[2020-05-04T07:07:11.752+0500][48939.453s] GC(139) User=0.02s Sys=0.00s Real=0.01s
[2020-05-04T07:07:11.752+0500][48939.453s] GC(139) Concurrent Rebuild Remembered Sets
[2020-05-04T07:07:11.764+0500][48939.465s] GC(139) Concurrent Rebuild Remembered Sets 12.311ms
[2020-05-04T07:07:11.764+0500][48939.466s] GC(139) Pause Cleanup
[2020-05-04T07:07:11.764+0500][48939.466s] GC(139) Pause Cleanup 164M->164M(512M) 0.164ms
[2020-05-04T07:07:11.764+0500][48939.466s] GC(139) User=0.00s Sys=0.00s Real=0.00s
[2020-05-04T07:07:11.764+0500][48939.466s] GC(139) Concurrent Cleanup for Next Mark
[2020-05-04T07:07:11.765+0500][48939.466s] GC(139) Concurrent Cleanup for Next Mark 0.483ms
[2020-05-04T07:07:11.765+0500][48939.466s] GC(139) Concurrent Cycle 38.916ms
[2020-05-04T07:07:11.878+0500][48939.579s] GC(140) Pause Young (Concurrent Start) (G1 Humongous Allocation)
[2020-05-04T07:07:11.878+0500][48939.579s] GC(140) Using 8 workers of 8 for evacuation
[2020-05-04T07:07:11.880+0500][48939.581s] GC(140)   Pre Evacuate Collection Set: 0.2ms
[2020-05-04T07:07:11.880+0500][48939.581s] GC(140)   Merge Heap Roots: 0.1ms
[2020-05-04T07:07:11.880+0500][48939.581s] GC(140)   Evacuate Collection Set: 1.4ms
[2020-05-04T07:07:11.880+0500][48939.581s] GC(140)   Post Evacuate Collection Set: 0.5ms
[2020-05-04T07:07:11.880+0500][48939.581s] GC(140)   Other: 0.2ms
[2020-05-04T07:07:11.880+0500][48939.581s] GC(140) Eden regions: 7->0(225)
[2020-05-04T07:07:11.880+0500][48939.581s] GC(140) Survivor regions: 20->16(30)
[2020-05-04T07:07:11.880+0500][48939.581s] GC(140) Old regions: 96->101
[2020-05-04T07:07:11.880+0500][48939.581s] GC(140) Archive regions: 2->2
[2020-05-04T07:07:11.880+0500][48939.581s] GC(140) Humongous regions: 47->47
[2020-05-04T07:07:11.880+0500][48939.582s] GC(140) Metaspace: 52249K(53500K)->52249K(53500K) NonClass: 46357K(47104K)->46357K(47104K) Class: 5892K(6396K)->5892K(6396K)
[2020-05-04T07:07:11.880+0500][48939.582s] GC(140) Pause Young (Concurrent Start) (G1 Humongous Allocation) 169M->163M(512M) 2.346ms
[2020-05-04T07:07:11.880+0500][48939.582s] GC(140) User=0.01s Sys=0.00s Real=0.01s
[2020-05-04T07:07:11.880+0500][48939.582s] GC(141) Concurrent Cycle
[2020-05-04T07:07:11.880+0500][48939.582s] GC(141) Concurrent Clear Claimed Marks
[2020-05-04T07:07:11.880+0500][48939.582s] GC(141) Concurrent Clear Claimed Marks 0.094ms
[2020-05-04T07:07:11.880+0500][48939.582s] GC(141) Concurrent Scan Root Regions
[2020-05-04T07:07:11.881+0500][48939.582s] GC(141) Concurrent Scan Root Regions 0.753ms
[2020-05-04T07:07:11.881+0500][48939.583s] GC(141) Concurrent Mark (48939.582s)
[2020-05-04T07:07:11.881+0500][48939.583s] GC(141) Concurrent Mark From Roots
[2020-05-04T07:07:11.881+0500][48939.583s] GC(141) Using 2 workers of 2 for marking
[2020-05-04T07:07:11.900+0500][48939.602s] GC(141) Concurrent Mark From Roots 19.105ms
[2020-05-04T07:07:11.900+0500][48939.602s] GC(141) Concurrent Preclean
[2020-05-04T07:07:11.900+0500][48939.602s] GC(141) Concurrent Preclean 0.101ms
[2020-05-04T07:07:11.900+0500][48939.602s] GC(141) Concurrent Mark (48939.582s, 48939.602s) 19.304ms
[2020-05-04T07:07:11.901+0500][48939.602s] GC(141) Pause Remark
[2020-05-04T07:07:11.904+0500][48939.605s] GC(141) Pause Remark 178M->178M(512M) 3.062ms
[2020-05-04T07:07:11.904+0500][48939.605s] GC(141) User=0.02s Sys=0.01s Real=0.00s
[2020-05-04T07:07:11.904+0500][48939.605s] GC(141) Concurrent Rebuild Remembered Sets
[2020-05-04T07:07:11.916+0500][48939.618s] GC(141) Concurrent Rebuild Remembered Sets 12.417ms
[2020-05-04T07:07:11.917+0500][48939.618s] GC(141) Pause Cleanup
[2020-05-04T07:07:11.917+0500][48939.618s] GC(141) Pause Cleanup 179M->179M(512M) 0.174ms
[2020-05-04T07:07:11.917+0500][48939.618s] GC(141) User=0.00s Sys=0.00s Real=0.00s
[2020-05-04T07:07:11.917+0500][48939.618s] GC(141) Concurrent Cleanup for Next Mark
[2020-05-04T07:07:11.917+0500][48939.619s] GC(141) Concurrent Cleanup for Next Mark 0.497ms
[2020-05-04T07:07:11.917+0500][48939.619s] GC(141) Concurrent Cycle 37.256ms
[2020-05-04T07:07:11.928+0500][48939.630s] GC(142) Pause Young (Concurrent Start) (G1 Humongous Allocation)
[2020-05-04T07:07:11.928+0500][48939.630s] GC(142) Using 8 workers of 8 for evacuation
[2020-05-04T07:07:11.930+0500][48939.632s] GC(142)   Pre Evacuate Collection Set: 0.1ms
[2020-05-04T07:07:11.930+0500][48939.632s] GC(142)   Merge Heap Roots: 0.1ms
[2020-05-04T07:07:11.930+0500][48939.632s] GC(142)   Evacuate Collection Set: 1.2ms
[2020-05-04T07:07:11.930+0500][48939.632s] GC(142)   Post Evacuate Collection Set: 0.4ms
[2020-05-04T07:07:11.930+0500][48939.632s] GC(142)   Other: 0.2ms
[2020-05-04T07:07:11.930+0500][48939.632s] GC(142) Eden regions: 3->0(216)
[2020-05-04T07:07:11.930+0500][48939.632s] GC(142) Survivor regions: 16->16(31)
[2020-05-04T07:07:11.930+0500][48939.632s] GC(142) Old regions: 101->101
[2020-05-04T07:07:11.930+0500][48939.632s] GC(142) Archive regions: 2->2
[2020-05-04T07:07:11.930+0500][48939.632s] GC(142) Humongous regions: 61->47
[2020-05-04T07:07:11.930+0500][48939.632s] GC(142) Metaspace: 52249K(53500K)->52249K(53500K) NonClass: 46357K(47104K)->46357K(47104K) Class: 5892K(6396K)->5892K(6396K)
[2020-05-04T07:07:11.930+0500][48939.632s] GC(142) Pause Young (Concurrent Start) (G1 Humongous Allocation) 180M->163M(512M) 2.158ms
[2020-05-04T07:07:11.930+0500][48939.632s] GC(142) User=0.01s Sys=0.00s Real=0.01s
[2020-05-04T07:07:11.931+0500][48939.632s] GC(143) Concurrent Cycle
[2020-05-04T07:07:11.931+0500][48939.632s] GC(143) Concurrent Clear Claimed Marks
[2020-05-04T07:07:11.931+0500][48939.632s] GC(143) Concurrent Clear Claimed Marks 0.094ms
[2020-05-04T07:07:11.931+0500][48939.632s] GC(143) Concurrent Scan Root Regions
[2020-05-04T07:07:11.931+0500][48939.633s] GC(143) Concurrent Scan Root Regions 0.572ms
[2020-05-04T07:07:11.931+0500][48939.633s] GC(143) Concurrent Mark (48939.633s)
[2020-05-04T07:07:11.931+0500][48939.633s] GC(143) Concurrent Mark From Roots
[2020-05-04T07:07:11.931+0500][48939.633s] GC(143) Using 2 workers of 2 for marking
[2020-05-04T07:07:11.950+0500][48939.652s] GC(143) Concurrent Mark From Roots 19.085ms
[2020-05-04T07:07:11.950+0500][48939.652s] GC(143) Concurrent Preclean
[2020-05-04T07:07:11.951+0500][48939.652s] GC(143) Concurrent Preclean 0.098ms
[2020-05-04T07:07:11.951+0500][48939.652s] GC(143) Concurrent Mark (48939.633s, 48939.652s) 19.270ms
[2020-05-04T07:07:11.951+0500][48939.652s] GC(143) Pause Remark
[2020-05-04T07:07:11.954+0500][48939.655s] GC(143) Pause Remark 178M->178M(512M) 3.073ms
[2020-05-04T07:07:11.954+0500][48939.656s] GC(143) User=0.02s Sys=0.00s Real=0.00s
[2020-05-04T07:07:11.954+0500][48939.656s] GC(143) Concurrent Rebuild Remembered Sets
[2020-05-04T07:07:11.966+0500][48939.668s] GC(143) Concurrent Rebuild Remembered Sets 12.221ms
[2020-05-04T07:07:11.967+0500][48939.668s] GC(143) Pause Cleanup
[2020-05-04T07:07:11.967+0500][48939.668s] GC(143) Pause Cleanup 179M->179M(512M) 0.175ms
[2020-05-04T07:07:11.967+0500][48939.668s] GC(143) User=0.00s Sys=0.00s Real=0.00s
[2020-05-04T07:07:11.967+0500][48939.668s] GC(143) Concurrent Cleanup for Next Mark
[2020-05-04T07:07:11.967+0500][48939.669s] GC(143) Concurrent Cleanup for Next Mark 0.508ms
[2020-05-04T07:07:11.967+0500][48939.669s] GC(143) Concurrent Cycle 36.936ms
[2020-05-04T07:07:13.109+0500][48940.810s] GC(144) Pause Young (Concurrent Start) (G1 Humongous Allocation)
[2020-05-04T07:07:13.109+0500][48940.810s] GC(144) Using 8 workers of 8 for evacuation
[2020-05-04T07:07:13.111+0500][48940.812s] GC(144)   Pre Evacuate Collection Set: 0.2ms
[2020-05-04T07:07:13.111+0500][48940.812s] GC(144)   Merge Heap Roots: 0.1ms
[2020-05-04T07:07:13.111+0500][48940.812s] GC(144)   Evacuate Collection Set: 1.5ms
[2020-05-04T07:07:13.111+0500][48940.812s] GC(144)   Post Evacuate Collection Set: 0.5ms
[2020-05-04T07:07:13.111+0500][48940.812s] GC(144)   Other: 0.2ms
[2020-05-04T07:07:13.111+0500][48940.813s] GC(144) Eden regions: 59->0(214)
[2020-05-04T07:07:13.111+0500][48940.813s] GC(144) Survivor regions: 16->20(29)
[2020-05-04T07:07:13.111+0500][48940.813s] GC(144) Old regions: 101->105
[2020-05-04T07:07:13.111+0500][48940.813s] GC(144) Archive regions: 2->2
[2020-05-04T07:07:13.111+0500][48940.813s] GC(144) Humongous regions: 61->47
[2020-05-04T07:07:13.111+0500][48940.813s] GC(144) Metaspace: 52250K(53500K)->52250K(53500K) NonClass: 46358K(47104K)->46358K(47104K) Class: 5892K(6396K)->5892K(6396K)
[2020-05-04T07:07:13.111+0500][48940.813s] GC(144) Pause Young (Concurrent Start) (G1 Humongous Allocation) 236M->172M(512M) 2.502ms
[2020-05-04T07:07:13.111+0500][48940.813s] GC(144) User=0.02s Sys=0.00s Real=0.01s
[2020-05-04T07:07:13.111+0500][48940.813s] GC(145) Concurrent Cycle
[2020-05-04T07:07:13.111+0500][48940.813s] GC(145) Concurrent Clear Claimed Marks
[2020-05-04T07:07:13.111+0500][48940.813s] GC(145) Concurrent Clear Claimed Marks 0.071ms
[2020-05-04T07:07:13.111+0500][48940.813s] GC(145) Concurrent Scan Root Regions
[2020-05-04T07:07:13.112+0500][48940.813s] GC(145) Concurrent Scan Root Regions 0.708ms
[2020-05-04T07:07:13.112+0500][48940.814s] GC(145) Concurrent Mark (48940.814s)
[2020-05-04T07:07:13.112+0500][48940.814s] GC(145) Concurrent Mark From Roots
[2020-05-04T07:07:13.112+0500][48940.814s] GC(145) Using 2 workers of 2 for marking
[2020-05-04T07:07:13.132+0500][48940.833s] GC(145) Concurrent Mark From Roots 19.622ms
[2020-05-04T07:07:13.132+0500][48940.833s] GC(145) Concurrent Preclean
[2020-05-04T07:07:13.132+0500][48940.833s] GC(145) Concurrent Preclean 0.099ms
[2020-05-04T07:07:13.132+0500][48940.833s] GC(145) Concurrent Mark (48940.814s, 48940.833s) 19.813ms
[2020-05-04T07:07:13.132+0500][48940.834s] GC(145) Pause Remark
[2020-05-04T07:07:13.135+0500][48940.837s] GC(145) Pause Remark 187M->187M(512M) 3.026ms
[2020-05-04T07:07:13.135+0500][48940.837s] GC(145) User=0.02s Sys=0.00s Real=0.00s
[2020-05-04T07:07:13.135+0500][48940.837s] GC(145) Concurrent Rebuild Remembered Sets
[2020-05-04T07:07:13.148+0500][48940.849s] GC(145) Concurrent Rebuild Remembered Sets 12.351ms
[2020-05-04T07:07:13.148+0500][48940.849s] GC(145) Pause Cleanup
[2020-05-04T07:07:13.148+0500][48940.850s] GC(145) Pause Cleanup 188M->188M(512M) 0.192ms
[2020-05-04T07:07:13.148+0500][48940.850s] GC(145) User=0.00s Sys=0.00s Real=0.00s
[2020-05-04T07:07:13.148+0500][48940.850s] GC(145) Concurrent Cleanup for Next Mark
[2020-05-04T07:07:13.149+0500][48940.850s] GC(145) Concurrent Cleanup for Next Mark 0.535ms
[2020-05-04T07:07:13.149+0500][48940.850s] GC(145) Concurrent Cycle 37.674ms
[2020-05-04T07:07:13.162+0500][48940.863s] GC(146) Pause Young (Concurrent Start) (G1 Humongous Allocation)
[2020-05-04T07:07:13.162+0500][48940.863s] GC(146) Using 8 workers of 8 for evacuation
[2020-05-04T07:07:13.164+0500][48940.865s] GC(146)   Pre Evacuate Collection Set: 0.2ms
[2020-05-04T07:07:13.164+0500][48940.865s] GC(146)   Merge Heap Roots: 0.1ms
[2020-05-04T07:07:13.164+0500][48940.865s] GC(146)   Evacuate Collection Set: 1.4ms
[2020-05-04T07:07:13.164+0500][48940.865s] GC(146)   Post Evacuate Collection Set: 0.5ms
[2020-05-04T07:07:13.164+0500][48940.865s] GC(146)   Other: 0.2ms
[2020-05-04T07:07:13.164+0500][48940.865s] GC(146) Eden regions: 3->0(213)
[2020-05-04T07:07:13.164+0500][48940.865s] GC(146) Survivor regions: 20->12(30)
[2020-05-04T07:07:13.164+0500][48940.865s] GC(146) Old regions: 105->115
[2020-05-04T07:07:13.164+0500][48940.865s] GC(146) Archive regions: 2->2
[2020-05-04T07:07:13.164+0500][48940.865s] GC(146) Humongous regions: 61->47
[2020-05-04T07:07:13.164+0500][48940.865s] GC(146) Metaspace: 52250K(53500K)->52250K(53500K) NonClass: 46358K(47104K)->46358K(47104K) Class: 5892K(6396K)->5892K(6396K)
[2020-05-04T07:07:13.164+0500][48940.866s] GC(146) Pause Young (Concurrent Start) (G1 Humongous Allocation) 189M->173M(512M) 2.378ms
[2020-05-04T07:07:13.164+0500][48940.866s] GC(146) User=0.01s Sys=0.01s Real=0.00s
[2020-05-04T07:07:13.164+0500][48940.866s] GC(147) Concurrent Cycle
[2020-05-04T07:07:13.164+0500][48940.866s] GC(147) Concurrent Clear Claimed Marks
[2020-05-04T07:07:13.164+0500][48940.866s] GC(147) Concurrent Clear Claimed Marks 0.072ms
[2020-05-04T07:07:13.164+0500][48940.866s] GC(147) Concurrent Scan Root Regions
[2020-05-04T07:07:13.165+0500][48940.866s] GC(147) Concurrent Scan Root Regions 0.640ms
[2020-05-04T07:07:13.165+0500][48940.866s] GC(147) Concurrent Mark (48940.866s)
[2020-05-04T07:07:13.165+0500][48940.866s] GC(147) Concurrent Mark From Roots
[2020-05-04T07:07:13.165+0500][48940.866s] GC(147) Using 2 workers of 2 for marking
[2020-05-04T07:07:13.187+0500][48940.889s] GC(147) Concurrent Mark From Roots 22.222ms
[2020-05-04T07:07:13.187+0500][48940.889s] GC(147) Concurrent Preclean
[2020-05-04T07:07:13.187+0500][48940.889s] GC(147) Concurrent Preclean 0.108ms
[2020-05-04T07:07:13.187+0500][48940.889s] GC(147) Concurrent Mark (48940.866s, 48940.889s) 22.402ms
[2020-05-04T07:07:13.188+0500][48940.889s] GC(147) Pause Remark
[2020-05-04T07:07:13.191+0500][48940.892s] GC(147) Pause Remark 187M->187M(512M) 2.948ms
[2020-05-04T07:07:13.191+0500][48940.892s] GC(147) User=0.02s Sys=0.00s Real=0.01s
[2020-05-04T07:07:13.191+0500][48940.892s] GC(147) Concurrent Rebuild Remembered Sets
[2020-05-04T07:07:13.203+0500][48940.905s] GC(147) Concurrent Rebuild Remembered Sets 12.770ms
[2020-05-04T07:07:13.204+0500][48940.905s] GC(147) Pause Cleanup
[2020-05-04T07:07:13.204+0500][48940.905s] GC(147) Pause Cleanup 188M->188M(512M) 0.168ms
[2020-05-04T07:07:13.204+0500][48940.905s] GC(147) User=0.00s Sys=0.00s Real=0.00s
[2020-05-04T07:07:13.204+0500][48940.906s] GC(147) Concurrent Cleanup for Next Mark
[2020-05-04T07:07:13.205+0500][48940.906s] GC(147) Concurrent Cleanup for Next Mark 0.476ms
[2020-05-04T07:07:13.205+0500][48940.906s] GC(147) Concurrent Cycle 40.445ms
[2020-05-04T07:07:15.116+0500][48942.818s] GC(148) Pause Young (Normal) (G1 Evacuation Pause)
[2020-05-04T07:07:15.117+0500][48942.818s] GC(148) Using 8 workers of 8 for evacuation
[2020-05-04T07:07:15.119+0500][48942.821s] GC(148)   Pre Evacuate Collection Set: 0.1ms
[2020-05-04T07:07:15.119+0500][48942.821s] GC(148)   Merge Heap Roots: 0.1ms
[2020-05-04T07:07:15.120+0500][48942.821s] GC(148)   Evacuate Collection Set: 2.0ms
[2020-05-04T07:07:15.120+0500][48942.821s] GC(148)   Post Evacuate Collection Set: 0.3ms
[2020-05-04T07:07:15.120+0500][48942.821s] GC(148)   Other: 0.8ms
[2020-05-04T07:07:15.120+0500][48942.821s] GC(148) Eden regions: 213->0(213)
[2020-05-04T07:07:15.120+0500][48942.821s] GC(148) Survivor regions: 12->21(29)
[2020-05-04T07:07:15.120+0500][48942.821s] GC(148) Old regions: 115->115
[2020-05-04T07:07:15.120+0500][48942.821s] GC(148) Archive regions: 2->2
[2020-05-04T07:07:15.120+0500][48942.821s] GC(148) Humongous regions: 61->47
[2020-05-04T07:07:15.120+0500][48942.821s] GC(148) Metaspace: 52250K(53500K)->52250K(53500K) NonClass: 46358K(47104K)->46358K(47104K) Class: 5892K(6396K)->5892K(6396K)
[2020-05-04T07:07:15.120+0500][48942.821s] GC(148) Pause Young (Normal) (G1 Evacuation Pause) 400M->182M(512M) 3.402ms
[2020-05-04T07:07:15.120+0500][48942.821s] GC(148) User=0.02s Sys=0.00s Real=0.01s
[2020-05-04T07:07:15.607+0500][48943.309s] GC(149) Pause Young (Concurrent Start) (G1 Evacuation Pause)
[2020-05-04T07:07:15.607+0500][48943.309s] GC(149) Using 8 workers of 8 for evacuation
[2020-05-04T07:07:15.610+0500][48943.312s] GC(149)   Pre Evacuate Collection Set: 0.2ms
[2020-05-04T07:07:15.610+0500][48943.312s] GC(149)   Merge Heap Roots: 0.1ms
[2020-05-04T07:07:15.610+0500][48943.312s] GC(149)   Evacuate Collection Set: 2.0ms
[2020-05-04T07:07:15.610+0500][48943.312s] GC(149)   Post Evacuate Collection Set: 0.4ms
[2020-05-04T07:07:15.610+0500][48943.312s] GC(149)   Other: 0.2ms
[2020-05-04T07:07:15.610+0500][48943.312s] GC(149) Eden regions: 213->0(223)
[2020-05-04T07:07:15.610+0500][48943.312s] GC(149) Survivor regions: 21->11(30)
[2020-05-04T07:07:15.610+0500][48943.312s] GC(149) Old regions: 115->125
[2020-05-04T07:07:15.610+0500][48943.312s] GC(149) Archive regions: 2->2
[2020-05-04T07:07:15.610+0500][48943.312s] GC(149) Humongous regions: 47->47
[2020-05-04T07:07:15.610+0500][48943.312s] GC(149) Metaspace: 52250K(53500K)->52250K(53500K) NonClass: 46358K(47104K)->46358K(47104K) Class: 5892K(6396K)->5892K(6396K)
[2020-05-04T07:07:15.610+0500][48943.312s] GC(149) Pause Young (Concurrent Start) (G1 Evacuation Pause) 395M->182M(512M) 3.058ms
[2020-05-04T07:07:15.610+0500][48943.312s] GC(149) User=0.02s Sys=0.00s Real=0.01s
[2020-05-04T07:07:15.610+0500][48943.312s] GC(150) Concurrent Cycle
[2020-05-04T07:07:15.610+0500][48943.312s] GC(150) Concurrent Clear Claimed Marks
[2020-05-04T07:07:15.611+0500][48943.312s] GC(150) Concurrent Clear Claimed Marks 0.072ms
[2020-05-04T07:07:15.611+0500][48943.312s] GC(150) Concurrent Scan Root Regions
[2020-05-04T07:07:15.611+0500][48943.312s] GC(150) Concurrent Scan Root Regions 0.420ms
[2020-05-04T07:07:15.611+0500][48943.313s] GC(150) Concurrent Mark (48943.313s)
[2020-05-04T07:07:15.611+0500][48943.313s] GC(150) Concurrent Mark From Roots
[2020-05-04T07:07:15.611+0500][48943.313s] GC(150) Using 2 workers of 2 for marking
[2020-05-04T07:07:15.631+0500][48943.332s] GC(150) Concurrent Mark From Roots 19.952ms
[2020-05-04T07:07:15.631+0500][48943.333s] GC(150) Concurrent Preclean
[2020-05-04T07:07:15.631+0500][48943.333s] GC(150) Concurrent Preclean 0.101ms
[2020-05-04T07:07:15.631+0500][48943.333s] GC(150) Concurrent Mark (48943.313s, 48943.333s) 20.123ms
[2020-05-04T07:07:15.631+0500][48943.333s] GC(150) Pause Remark
[2020-05-04T07:07:15.634+0500][48943.336s] GC(150) Pause Remark 194M->193M(512M) 2.958ms
[2020-05-04T07:07:15.635+0500][48943.336s] GC(150) User=0.02s Sys=0.00s Real=0.00s
[2020-05-04T07:07:15.635+0500][48943.336s] GC(150) Concurrent Rebuild Remembered Sets
[2020-05-04T07:07:15.648+0500][48943.349s] GC(150) Concurrent Rebuild Remembered Sets 12.834ms
[2020-05-04T07:07:15.648+0500][48943.349s] GC(150) Pause Cleanup
[2020-05-04T07:07:15.648+0500][48943.349s] GC(150) Pause Cleanup 200M->200M(512M) 0.181ms
[2020-05-04T07:07:15.648+0500][48943.349s] GC(150) User=0.00s Sys=0.00s Real=0.00s
[2020-05-04T07:07:15.648+0500][48943.350s] GC(150) Concurrent Cleanup for Next Mark
[2020-05-04T07:07:15.649+0500][48943.350s] GC(150) Concurrent Cleanup for Next Mark 0.557ms
[2020-05-04T07:07:15.649+0500][48943.350s] GC(150) Concurrent Cycle 38.237ms
[2020-05-04T07:07:16.179+0500][48943.880s] GC(151) Pause Young (Normal) (G1 Evacuation Pause)
[2020-05-04T07:07:16.179+0500][48943.880s] GC(151) Using 8 workers of 8 for evacuation
[2020-05-04T07:07:16.181+0500][48943.882s] GC(151)   Pre Evacuate Collection Set: 0.1ms
[2020-05-04T07:07:16.181+0500][48943.882s] GC(151)   Merge Heap Roots: 0.1ms
[2020-05-04T07:07:16.181+0500][48943.882s] GC(151)   Evacuate Collection Set: 1.4ms
[2020-05-04T07:07:16.181+0500][48943.882s] GC(151)   Post Evacuate Collection Set: 0.4ms
[2020-05-04T07:07:16.181+0500][48943.882s] GC(151)   Other: 0.2ms
[2020-05-04T07:07:16.181+0500][48943.882s] GC(151) Eden regions: 223->0(233)
[2020-05-04T07:07:16.181+0500][48943.882s] GC(151) Survivor regions: 11->11(30)
[2020-05-04T07:07:16.181+0500][48943.882s] GC(151) Old regions: 125->125
[2020-05-04T07:07:16.181+0500][48943.882s] GC(151) Archive regions: 2->2
[2020-05-04T07:07:16.181+0500][48943.882s] GC(151) Humongous regions: 46->46
[2020-05-04T07:07:16.181+0500][48943.882s] GC(151) Metaspace: 52250K(53500K)->52250K(53500K) NonClass: 46358K(47104K)->46358K(47104K) Class: 5892K(6396K)->5892K(6396K)
[2020-05-04T07:07:16.181+0500][48943.882s] GC(151) Pause Young (Normal) (G1 Evacuation Pause) 404M->181M(512M) 2.322ms
[2020-05-04T07:07:16.181+0500][48943.882s] GC(151) User=0.01s Sys=0.00s Real=0.01s
[2020-05-04T07:07:16.588+0500][48944.289s] GC(152) Pause Young (Concurrent Start) (G1 Humongous Allocation)
[2020-05-04T07:07:16.588+0500][48944.289s] GC(152) Using 8 workers of 8 for evacuation
[2020-05-04T07:07:16.590+0500][48944.291s] GC(152)   Pre Evacuate Collection Set: 0.2ms
[2020-05-04T07:07:16.590+0500][48944.291s] GC(152)   Merge Heap Roots: 0.1ms
[2020-05-04T07:07:16.590+0500][48944.291s] GC(152)   Evacuate Collection Set: 1.3ms
[2020-05-04T07:07:16.590+0500][48944.291s] GC(152)   Post Evacuate Collection Set: 0.5ms
[2020-05-04T07:07:16.590+0500][48944.291s] GC(152)   Other: 0.2ms
[2020-05-04T07:07:16.590+0500][48944.291s] GC(152) Eden regions: 102->0(233)
[2020-05-04T07:07:16.590+0500][48944.291s] GC(152) Survivor regions: 11->16(31)
[2020-05-04T07:07:16.590+0500][48944.291s] GC(152) Old regions: 125->125
[2020-05-04T07:07:16.590+0500][48944.291s] GC(152) Archive regions: 2->2
[2020-05-04T07:07:16.590+0500][48944.292s] GC(152) Humongous regions: 46->46
[2020-05-04T07:07:16.590+0500][48944.292s] GC(152) Metaspace: 52266K(53500K)->52266K(53500K) NonClass: 46374K(47104K)->46374K(47104K) Class: 5892K(6396K)->5892K(6396K)
[2020-05-04T07:07:16.590+0500][48944.292s] GC(152) Pause Young (Concurrent Start) (G1 Humongous Allocation) 282M->186M(512M) 2.271ms
[2020-05-04T07:07:16.590+0500][48944.292s] GC(152) User=0.01s Sys=0.00s Real=0.01s
[2020-05-04T07:07:16.590+0500][48944.292s] GC(153) Concurrent Cycle
[2020-05-04T07:07:16.590+0500][48944.292s] GC(153) Concurrent Clear Claimed Marks
[2020-05-04T07:07:16.590+0500][48944.292s] GC(153) Concurrent Clear Claimed Marks 0.092ms
[2020-05-04T07:07:16.590+0500][48944.292s] GC(153) Concurrent Scan Root Regions
[2020-05-04T07:07:16.591+0500][48944.292s] GC(153) Concurrent Scan Root Regions 0.460ms
[2020-05-04T07:07:16.591+0500][48944.292s] GC(153) Concurrent Mark (48944.292s)
[2020-05-04T07:07:16.591+0500][48944.292s] GC(153) Concurrent Mark From Roots
[2020-05-04T07:07:16.591+0500][48944.292s] GC(153) Using 2 workers of 2 for marking
[2020-05-04T07:07:16.610+0500][48944.311s] GC(153) Concurrent Mark From Roots 19.016ms
[2020-05-04T07:07:16.610+0500][48944.311s] GC(153) Concurrent Preclean
[2020-05-04T07:07:16.610+0500][48944.311s] GC(153) Concurrent Preclean 0.097ms
[2020-05-04T07:07:16.610+0500][48944.311s] GC(153) Concurrent Mark (48944.292s, 48944.311s) 19.211ms
[2020-05-04T07:07:16.610+0500][48944.312s] GC(153) Pause Remark
[2020-05-04T07:07:16.613+0500][48944.315s] GC(153) Pause Remark 190M->166M(512M) 3.012ms
[2020-05-04T07:07:16.613+0500][48944.315s] GC(153) User=0.02s Sys=0.00s Real=0.00s
[2020-05-04T07:07:16.613+0500][48944.315s] GC(153) Concurrent Rebuild Remembered Sets
[2020-05-04T07:07:16.626+0500][48944.327s] GC(153) Concurrent Rebuild Remembered Sets 12.347ms
[2020-05-04T07:07:16.626+0500][48944.327s] GC(153) Pause Cleanup
[2020-05-04T07:07:16.626+0500][48944.328s] GC(153) Pause Cleanup 167M->167M(512M) 0.182ms
[2020-05-04T07:07:16.626+0500][48944.328s] GC(153) User=0.00s Sys=0.00s Real=0.00s
[2020-05-04T07:07:16.626+0500][48944.328s] GC(153) Concurrent Cleanup for Next Mark
[2020-05-04T07:07:16.627+0500][48944.328s] GC(153) Concurrent Cleanup for Next Mark 0.517ms
[2020-05-04T07:07:16.627+0500][48944.328s] GC(153) Concurrent Cycle 36.747ms
[2020-05-04T07:07:18.818+0500][48946.519s] GC(154) Pause Young (Prepare Mixed) (G1 Evacuation Pause)
[2020-05-04T07:07:18.818+0500][48946.519s] GC(154) Using 8 workers of 8 for evacuation
[2020-05-04T07:07:18.820+0500][48946.522s] GC(154)   Pre Evacuate Collection Set: 0.1ms
[2020-05-04T07:07:18.820+0500][48946.522s] GC(154)   Merge Heap Roots: 0.1ms
[2020-05-04T07:07:18.820+0500][48946.522s] GC(154)   Evacuate Collection Set: 1.8ms
[2020-05-04T07:07:18.820+0500][48946.522s] GC(154)   Post Evacuate Collection Set: 0.5ms
[2020-05-04T07:07:18.820+0500][48946.522s] GC(154)   Other: 0.2ms
[2020-05-04T07:07:18.820+0500][48946.522s] GC(154) Eden regions: 233->0(1)
[2020-05-04T07:07:18.820+0500][48946.522s] GC(154) Survivor regions: 16->24(32)
[2020-05-04T07:07:18.820+0500][48946.522s] GC(154) Old regions: 125->125
[2020-05-04T07:07:18.820+0500][48946.522s] GC(154) Archive regions: 2->2
[2020-05-04T07:07:18.820+0500][48946.522s] GC(154) Humongous regions: 42->26
[2020-05-04T07:07:18.820+0500][48946.522s] GC(154) Metaspace: 52270K(53500K)->52270K(53500K) NonClass: 46378K(47104K)->46378K(47104K) Class: 5892K(6396K)->5892K(6396K)
[2020-05-04T07:07:18.820+0500][48946.522s] GC(154) Pause Young (Prepare Mixed) (G1 Evacuation Pause) 415M->174M(512M) 2.731ms
[2020-05-04T07:07:18.820+0500][48946.522s] GC(154) User=0.01s Sys=0.00s Real=0.01s
[2020-05-04T07:07:18.823+0500][48946.524s] GC(155) Pause Young (Mixed) (G1 Evacuation Pause)
[2020-05-04T07:07:18.823+0500][48946.524s] GC(155) Using 8 workers of 8 for evacuation
[2020-05-04T07:07:18.833+0500][48946.534s] GC(155)   Pre Evacuate Collection Set: 0.1ms
[2020-05-04T07:07:18.833+0500][48946.534s] GC(155)   Merge Heap Roots: 0.2ms
[2020-05-04T07:07:18.833+0500][48946.534s] GC(155)   Evacuate Collection Set: 8.9ms
[2020-05-04T07:07:18.833+0500][48946.534s] GC(155)   Post Evacuate Collection Set: 0.9ms
[2020-05-04T07:07:18.833+0500][48946.534s] GC(155)   Other: 0.1ms
[2020-05-04T07:07:18.833+0500][48946.534s] GC(155) Eden regions: 1->0(277)
[2020-05-04T07:07:18.833+0500][48946.534s] GC(155) Survivor regions: 24->1(4)
[2020-05-04T07:07:18.833+0500][48946.534s] GC(155) Old regions: 125->100
[2020-05-04T07:07:18.833+0500][48946.534s] GC(155) Archive regions: 2->2
[2020-05-04T07:07:18.833+0500][48946.534s] GC(155) Humongous regions: 26->26
[2020-05-04T07:07:18.833+0500][48946.534s] GC(155) Metaspace: 52270K(53500K)->52270K(53500K) NonClass: 46378K(47104K)->46378K(47104K) Class: 5892K(6396K)->5892K(6396K)
[2020-05-04T07:07:18.833+0500][48946.534s] GC(155) Pause Young (Mixed) (G1 Evacuation Pause) 175M->126M(512M) 10.348ms
[2020-05-04T07:07:18.833+0500][48946.534s] GC(155) User=0.04s Sys=0.00s Real=0.01s
[2020-05-04T07:07:19.393+0500][48947.095s] GC(156) Pause Young (Normal) (G1 Evacuation Pause)
[2020-05-04T07:07:19.393+0500][48947.095s] GC(156) Using 8 workers of 8 for evacuation
[2020-05-04T07:07:19.395+0500][48947.096s] GC(156)   Pre Evacuate Collection Set: 0.1ms
[2020-05-04T07:07:19.395+0500][48947.097s] GC(156)   Merge Heap Roots: 0.1ms
[2020-05-04T07:07:19.395+0500][48947.097s] GC(156)   Evacuate Collection Set: 1.1ms
[2020-05-04T07:07:19.395+0500][48947.097s] GC(156)   Post Evacuate Collection Set: 0.5ms
[2020-05-04T07:07:19.395+0500][48947.097s] GC(156)   Other: 0.2ms
[2020-05-04T07:07:19.395+0500][48947.097s] GC(156) Eden regions: 277->0(266)
[2020-05-04T07:07:19.395+0500][48947.097s] GC(156) Survivor regions: 1->14(35)
[2020-05-04T07:07:19.395+0500][48947.097s] GC(156) Old regions: 100->100
[2020-05-04T07:07:19.395+0500][48947.097s] GC(156) Archive regions: 2->2
[2020-05-04T07:07:19.395+0500][48947.097s] GC(156) Humongous regions: 28->28
[2020-05-04T07:07:19.395+0500][48947.097s] GC(156) Metaspace: 52285K(53756K)->52285K(53756K) NonClass: 46393K(47360K)->46393K(47360K) Class: 5892K(6396K)->5892K(6396K)
[2020-05-04T07:07:19.395+0500][48947.097s] GC(156) Pause Young (Normal) (G1 Evacuation Pause) 405M->141M(512M) 2.064ms
[2020-05-04T07:07:19.395+0500][48947.097s] GC(156) User=0.01s Sys=0.00s Real=0.00s
[2020-05-04T07:07:20.311+0500][48948.012s] GC(157) Pause Young (Concurrent Start) (G1 Humongous Allocation)
[2020-05-04T07:07:20.311+0500][48948.013s] GC(157) Using 8 workers of 8 for evacuation
[2020-05-04T07:07:20.314+0500][48948.015s] GC(157)   Pre Evacuate Collection Set: 0.2ms
[2020-05-04T07:07:20.314+0500][48948.015s] GC(157)   Merge Heap Roots: 0.1ms
[2020-05-04T07:07:20.314+0500][48948.015s] GC(157)   Evacuate Collection Set: 1.3ms
[2020-05-04T07:07:20.314+0500][48948.015s] GC(157)   Post Evacuate Collection Set: 0.4ms
[2020-05-04T07:07:20.314+0500][48948.015s] GC(157)   Other: 0.9ms
[2020-05-04T07:07:20.314+0500][48948.015s] GC(157) Eden regions: 46->0(256)
[2020-05-04T07:07:20.314+0500][48948.015s] GC(157) Survivor regions: 14->17(35)
[2020-05-04T07:07:20.314+0500][48948.015s] GC(157) Old regions: 100->100
[2020-05-04T07:07:20.314+0500][48948.015s] GC(157) Archive regions: 2->2
[2020-05-04T07:07:20.314+0500][48948.015s] GC(157) Humongous regions: 28->28
[2020-05-04T07:07:20.314+0500][48948.015s] GC(157) Metaspace: 52304K(53756K)->52304K(53756K) NonClass: 46412K(47360K)->46412K(47360K) Class: 5892K(6396K)->5892K(6396K)
[2020-05-04T07:07:20.314+0500][48948.015s] GC(157) Pause Young (Concurrent Start) (G1 Humongous Allocation) 187M->145M(512M) 2.924ms
[2020-05-04T07:07:20.314+0500][48948.015s] GC(157) User=0.01s Sys=0.00s Real=0.00s
[2020-05-04T07:07:20.314+0500][48948.015s] GC(158) Concurrent Cycle
[2020-05-04T07:07:20.314+0500][48948.015s] GC(158) Concurrent Clear Claimed Marks
[2020-05-04T07:07:20.314+0500][48948.015s] GC(158) Concurrent Clear Claimed Marks 0.071ms
[2020-05-04T07:07:20.314+0500][48948.015s] GC(158) Concurrent Scan Root Regions
[2020-05-04T07:07:20.314+0500][48948.016s] GC(158) Concurrent Scan Root Regions 0.511ms
[2020-05-04T07:07:20.314+0500][48948.016s] GC(158) Concurrent Mark (48948.016s)
[2020-05-04T07:07:20.314+0500][48948.016s] GC(158) Concurrent Mark From Roots
[2020-05-04T07:07:20.315+0500][48948.016s] GC(158) Using 2 workers of 2 for marking
[2020-05-04T07:07:20.334+0500][48948.035s] GC(158) Concurrent Mark From Roots 19.010ms
[2020-05-04T07:07:20.334+0500][48948.035s] GC(158) Concurrent Preclean
[2020-05-04T07:07:20.334+0500][48948.035s] GC(158) Concurrent Preclean 0.105ms
[2020-05-04T07:07:20.334+0500][48948.035s] GC(158) Concurrent Mark (48948.016s, 48948.035s) 19.202ms
[2020-05-04T07:07:20.334+0500][48948.035s] GC(158) Pause Remark
[2020-05-04T07:07:20.337+0500][48948.038s] GC(158) Pause Remark 149M->109M(512M) 2.975ms
[2020-05-04T07:07:20.337+0500][48948.038s] GC(158) User=0.02s Sys=0.00s Real=0.00s
[2020-05-04T07:07:20.337+0500][48948.039s] GC(158) Concurrent Rebuild Remembered Sets
[2020-05-04T07:07:20.349+0500][48948.051s] GC(158) Concurrent Rebuild Remembered Sets 12.119ms
[2020-05-04T07:07:20.349+0500][48948.051s] GC(158) Pause Cleanup
[2020-05-04T07:07:20.350+0500][48948.051s] GC(158) Pause Cleanup 111M->111M(512M) 0.191ms
[2020-05-04T07:07:20.350+0500][48948.051s] GC(158) User=0.00s Sys=0.00s Real=0.01s
[2020-05-04T07:07:20.350+0500][48948.051s] GC(158) Concurrent Cleanup for Next Mark
[2020-05-04T07:07:20.350+0500][48948.052s] GC(158) Concurrent Cleanup for Next Mark 0.543ms
[2020-05-04T07:07:20.350+0500][48948.052s] GC(158) Concurrent Cycle 36.563ms
[2020-05-04T07:07:20.821+0500][48948.522s] GC(159) Pause Young (Concurrent Start) (G1 Humongous Allocation)
[2020-05-04T07:07:20.821+0500][48948.522s] GC(159) Using 8 workers of 8 for evacuation
[2020-05-04T07:07:20.823+0500][48948.525s] GC(159)   Pre Evacuate Collection Set: 0.2ms
[2020-05-04T07:07:20.823+0500][48948.525s] GC(159)   Merge Heap Roots: 0.1ms
[2020-05-04T07:07:20.823+0500][48948.525s] GC(159)   Evacuate Collection Set: 1.8ms
[2020-05-04T07:07:20.823+0500][48948.525s] GC(159)   Post Evacuate Collection Set: 0.4ms
[2020-05-04T07:07:20.823+0500][48948.525s] GC(159)   Other: 0.2ms
[2020-05-04T07:07:20.823+0500][48948.525s] GC(159) Eden regions: 57->0(272)
[2020-05-04T07:07:20.823+0500][48948.525s] GC(159) Survivor regions: 17->24(35)
[2020-05-04T07:07:20.823+0500][48948.525s] GC(159) Old regions: 61->61
[2020-05-04T07:07:20.823+0500][48948.525s] GC(159) Archive regions: 2->2
[2020-05-04T07:07:20.823+0500][48948.525s] GC(159) Humongous regions: 29->29
[2020-05-04T07:07:20.823+0500][48948.525s] GC(159) Metaspace: 52304K(53756K)->52304K(53756K) NonClass: 46412K(47360K)->46412K(47360K) Class: 5892K(6396K)->5892K(6396K)
[2020-05-04T07:07:20.823+0500][48948.525s] GC(159) Pause Young (Concurrent Start) (G1 Humongous Allocation) 163M->113M(512M) 2.816ms
[2020-05-04T07:07:20.823+0500][48948.525s] GC(159) User=0.02s Sys=0.00s Real=0.00s
[2020-05-04T07:07:20.823+0500][48948.525s] GC(160) Concurrent Cycle
[2020-05-04T07:07:20.823+0500][48948.525s] GC(160) Concurrent Clear Claimed Marks
[2020-05-04T07:07:20.824+0500][48948.525s] GC(160) Concurrent Clear Claimed Marks 0.097ms
[2020-05-04T07:07:20.824+0500][48948.525s] GC(160) Concurrent Scan Root Regions
[2020-05-04T07:07:20.824+0500][48948.526s] GC(160) Concurrent Scan Root Regions 0.597ms
[2020-05-04T07:07:20.824+0500][48948.526s] GC(160) Concurrent Mark (48948.526s)
[2020-05-04T07:07:20.824+0500][48948.526s] GC(160) Concurrent Mark From Roots
[2020-05-04T07:07:20.824+0500][48948.526s] GC(160) Using 2 workers of 2 for marking
[2020-05-04T07:07:20.843+0500][48948.545s] GC(160) Concurrent Mark From Roots 18.907ms
[2020-05-04T07:07:20.843+0500][48948.545s] GC(160) Concurrent Preclean
[2020-05-04T07:07:20.843+0500][48948.545s] GC(160) Concurrent Preclean 0.090ms
[2020-05-04T07:07:20.843+0500][48948.545s] GC(160) Concurrent Mark (48948.526s, 48948.545s) 19.120ms
[2020-05-04T07:07:20.844+0500][48948.545s] GC(160) Pause Remark
[2020-05-04T07:07:20.847+0500][48948.548s] GC(160) Pause Remark 122M->103M(512M) 2.964ms
[2020-05-04T07:07:20.847+0500][48948.548s] GC(160) User=0.01s Sys=0.00s Real=0.00s
[2020-05-04T07:07:20.847+0500][48948.548s] GC(160) Concurrent Rebuild Remembered Sets
[2020-05-04T07:07:20.859+0500][48948.561s] GC(160) Concurrent Rebuild Remembered Sets 12.245ms
[2020-05-04T07:07:20.859+0500][48948.561s] GC(160) Pause Cleanup
[2020-05-04T07:07:20.859+0500][48948.561s] GC(160) Pause Cleanup 105M->105M(512M) 0.167ms
[2020-05-04T07:07:20.859+0500][48948.561s] GC(160) User=0.00s Sys=0.00s Real=0.00s
[2020-05-04T07:07:20.860+0500][48948.561s] GC(160) Concurrent Cleanup for Next Mark
[2020-05-04T07:07:20.860+0500][48948.562s] GC(160) Concurrent Cleanup for Next Mark 0.533ms
[2020-05-04T07:07:20.860+0500][48948.562s] GC(160) Concurrent Cycle 36.645ms
[2020-05-04T07:07:22.463+0500][48950.164s] GC(161) Pause Young (Concurrent Start) (G1 Humongous Allocation)
[2020-05-04T07:07:22.463+0500][48950.164s] GC(161) Using 8 workers of 8 for evacuation
[2020-05-04T07:07:22.468+0500][48950.170s] GC(161)   Pre Evacuate Collection Set: 0.2ms
[2020-05-04T07:07:22.468+0500][48950.170s] GC(161)   Merge Heap Roots: 0.1ms
[2020-05-04T07:07:22.468+0500][48950.170s] GC(161)   Evacuate Collection Set: 4.7ms
[2020-05-04T07:07:22.468+0500][48950.170s] GC(161)   Post Evacuate Collection Set: 0.4ms
[2020-05-04T07:07:22.468+0500][48950.170s] GC(161)   Other: 0.3ms
[2020-05-04T07:07:22.468+0500][48950.170s] GC(161) Eden regions: 116->0(264)
[2020-05-04T07:07:22.468+0500][48950.170s] GC(161) Survivor regions: 24->28(37)
[2020-05-04T07:07:22.468+0500][48950.170s] GC(161) Old regions: 60->70
[2020-05-04T07:07:22.468+0500][48950.170s] GC(161) Archive regions: 2->2
[2020-05-04T07:07:22.468+0500][48950.170s] GC(161) Humongous regions: 15->13
[2020-05-04T07:07:22.468+0500][48950.170s] GC(161) Metaspace: 52304K(53756K)->52304K(53756K) NonClass: 46412K(47360K)->46412K(47360K) Class: 5892K(6396K)->5892K(6396K)
[2020-05-04T07:07:22.468+0500][48950.170s] GC(161) Pause Young (Concurrent Start) (G1 Humongous Allocation) 214M->111M(512M) 5.717ms
[2020-05-04T07:07:22.468+0500][48950.170s] GC(161) User=0.03s Sys=0.00s Real=0.00s
[2020-05-04T07:07:22.468+0500][48950.170s] GC(162) Concurrent Cycle
[2020-05-04T07:07:22.468+0500][48950.170s] GC(162) Concurrent Clear Claimed Marks
[2020-05-04T07:07:22.469+0500][48950.170s] GC(162) Concurrent Clear Claimed Marks 0.145ms
[2020-05-04T07:07:22.469+0500][48950.170s] GC(162) Concurrent Scan Root Regions
[2020-05-04T07:07:22.469+0500][48950.171s] GC(162) Concurrent Scan Root Regions 0.720ms
[2020-05-04T07:07:22.469+0500][48950.171s] GC(162) Concurrent Mark (48950.171s)
[2020-05-04T07:07:22.469+0500][48950.171s] GC(162) Concurrent Mark From Roots
[2020-05-04T07:07:22.469+0500][48950.171s] GC(162) Using 2 workers of 2 for marking
[2020-05-04T07:07:22.488+0500][48950.190s] GC(162) Concurrent Mark From Roots 18.931ms
[2020-05-04T07:07:22.488+0500][48950.190s] GC(162) Concurrent Preclean
[2020-05-04T07:07:22.488+0500][48950.190s] GC(162) Concurrent Preclean 0.156ms
[2020-05-04T07:07:22.488+0500][48950.190s] GC(162) Concurrent Mark (48950.171s, 48950.190s) 19.154ms
[2020-05-04T07:07:22.489+0500][48950.190s] GC(162) Pause Remark
[2020-05-04T07:07:22.492+0500][48950.193s] GC(162) Pause Remark 113M->113M(512M) 2.913ms
[2020-05-04T07:07:22.492+0500][48950.193s] GC(162) User=0.02s Sys=0.00s Real=0.01s
[2020-05-04T07:07:22.492+0500][48950.193s] GC(162) Concurrent Rebuild Remembered Sets
[2020-05-04T07:07:22.504+0500][48950.205s] GC(162) Concurrent Rebuild Remembered Sets 12.076ms
[2020-05-04T07:07:22.504+0500][48950.206s] GC(162) Pause Cleanup
[2020-05-04T07:07:22.504+0500][48950.206s] GC(162) Pause Cleanup 114M->114M(512M) 0.192ms
[2020-05-04T07:07:22.504+0500][48950.206s] GC(162) User=0.00s Sys=0.00s Real=0.00s
[2020-05-04T07:07:22.504+0500][48950.206s] GC(162) Concurrent Cleanup for Next Mark
[2020-05-04T07:07:22.505+0500][48950.207s] GC(162) Concurrent Cleanup for Next Mark 0.654ms
[2020-05-04T07:07:22.505+0500][48950.207s] GC(162) Concurrent Cycle 36.786ms
[2020-05-04T07:07:22.539+0500][48950.241s] GC(163) Pause Young (Concurrent Start) (G1 Humongous Allocation)
[2020-05-04T07:07:22.539+0500][48950.241s] GC(163) Using 8 workers of 8 for evacuation
[2020-05-04T07:07:22.544+0500][48950.245s] GC(163)   Pre Evacuate Collection Set: 0.2ms
[2020-05-04T07:07:22.544+0500][48950.245s] GC(163)   Merge Heap Roots: 0.1ms
[2020-05-04T07:07:22.544+0500][48950.245s] GC(163)   Evacuate Collection Set: 3.7ms
[2020-05-04T07:07:22.544+0500][48950.245s] GC(163)   Post Evacuate Collection Set: 0.4ms
[2020-05-04T07:07:22.544+0500][48950.246s] GC(163)   Other: 0.2ms
[2020-05-04T07:07:22.544+0500][48950.246s] GC(163) Eden regions: 6->0(257)
[2020-05-04T07:07:22.544+0500][48950.246s] GC(163) Survivor regions: 28->20(37)
[2020-05-04T07:07:22.544+0500][48950.246s] GC(163) Old regions: 70->78
[2020-05-04T07:07:22.544+0500][48950.246s] GC(163) Archive regions: 2->2
[2020-05-04T07:07:22.544+0500][48950.246s] GC(163) Humongous regions: 14->14
[2020-05-04T07:07:22.544+0500][48950.246s] GC(163) Metaspace: 52304K(53756K)->52304K(53756K) NonClass: 46412K(47360K)->46412K(47360K) Class: 5892K(6396K)->5892K(6396K)
[2020-05-04T07:07:22.544+0500][48950.246s] GC(163) Pause Young (Concurrent Start) (G1 Humongous Allocation) 117M->112M(512M) 4.705ms
[2020-05-04T07:07:22.544+0500][48950.246s] GC(163) User=0.03s Sys=0.00s Real=0.01s
[2020-05-04T07:07:22.544+0500][48950.246s] GC(164) Concurrent Cycle
[2020-05-04T07:07:22.544+0500][48950.246s] GC(164) Concurrent Clear Claimed Marks
[2020-05-04T07:07:22.544+0500][48950.246s] GC(164) Concurrent Clear Claimed Marks 0.114ms
[2020-05-04T07:07:22.544+0500][48950.246s] GC(164) Concurrent Scan Root Regions
[2020-05-04T07:07:22.545+0500][48950.247s] GC(164) Concurrent Scan Root Regions 0.690ms
[2020-05-04T07:07:22.545+0500][48950.247s] GC(164) Concurrent Mark (48950.247s)
[2020-05-04T07:07:22.545+0500][48950.247s] GC(164) Concurrent Mark From Roots
[2020-05-04T07:07:22.545+0500][48950.247s] GC(164) Using 2 workers of 2 for marking
[2020-05-04T07:07:22.564+0500][48950.266s] GC(164) Concurrent Mark From Roots 19.075ms
[2020-05-04T07:07:22.564+0500][48950.266s] GC(164) Concurrent Preclean
[2020-05-04T07:07:22.564+0500][48950.266s] GC(164) Concurrent Preclean 0.103ms
[2020-05-04T07:07:22.564+0500][48950.266s] GC(164) Concurrent Mark (48950.247s, 48950.266s) 19.251ms
[2020-05-04T07:07:22.565+0500][48950.266s] GC(164) Pause Remark
[2020-05-04T07:07:22.568+0500][48950.269s] GC(164) Pause Remark 128M->126M(512M) 2.912ms
[2020-05-04T07:07:22.568+0500][48950.269s] GC(164) User=0.02s Sys=0.00s Real=0.00s
[2020-05-04T07:07:22.568+0500][48950.269s] GC(164) Concurrent Rebuild Remembered Sets
[2020-05-04T07:07:22.580+0500][48950.281s] GC(164) Concurrent Rebuild Remembered Sets 12.268ms
[2020-05-04T07:07:22.580+0500][48950.282s] GC(164) Pause Cleanup
[2020-05-04T07:07:22.580+0500][48950.282s] GC(164) Pause Cleanup 127M->127M(512M) 0.153ms
[2020-05-04T07:07:22.580+0500][48950.282s] GC(164) User=0.00s Sys=0.00s Real=0.00s
[2020-05-04T07:07:22.581+0500][48950.282s] GC(164) Concurrent Cleanup for Next Mark
[2020-05-04T07:07:22.581+0500][48950.283s] GC(164) Concurrent Cleanup for Next Mark 0.625ms
[2020-05-04T07:07:22.581+0500][48950.283s] GC(164) Concurrent Cycle 37.047ms
[2020-05-04T07:07:27.257+0500][48954.959s] GC(165) Pause Young (Prepare Mixed) (G1 Evacuation Pause)
[2020-05-04T07:07:27.258+0500][48954.960s] GC(165) Using 8 workers of 8 for evacuation
[2020-05-04T07:07:27.262+0500][48954.964s] GC(165)   Pre Evacuate Collection Set: 0.1ms
[2020-05-04T07:07:27.262+0500][48954.964s] GC(165)   Merge Heap Roots: 0.1ms
[2020-05-04T07:07:27.262+0500][48954.964s] GC(165)   Evacuate Collection Set: 3.4ms
[2020-05-04T07:07:27.262+0500][48954.964s] GC(165)   Post Evacuate Collection Set: 0.6ms
[2020-05-04T07:07:27.262+0500][48954.964s] GC(165)   Other: 0.9ms
[2020-05-04T07:07:27.262+0500][48954.964s] GC(165) Eden regions: 257->0(1)
[2020-05-04T07:07:27.262+0500][48954.964s] GC(165) Survivor regions: 20->30(35)
[2020-05-04T07:07:27.262+0500][48954.964s] GC(165) Old regions: 78->89
[2020-05-04T07:07:27.262+0500][48954.964s] GC(165) Archive regions: 2->2
[2020-05-04T07:07:27.262+0500][48954.964s] GC(165) Humongous regions: 99->31
[2020-05-04T07:07:27.262+0500][48954.964s] GC(165) Metaspace: 52305K(53756K)->52305K(53756K) NonClass: 46413K(47360K)->46413K(47360K) Class: 5892K(6396K)->5892K(6396K)
[2020-05-04T07:07:27.262+0500][48954.964s] GC(165) Pause Young (Prepare Mixed) (G1 Evacuation Pause) 454M->150M(512M) 5.111ms
[2020-05-04T07:07:27.262+0500][48954.964s] GC(165) User=0.03s Sys=0.00s Real=0.01s
[2020-05-04T07:07:27.276+0500][48954.977s] GC(166) Pause Young (Mixed) (G1 Evacuation Pause)
[2020-05-04T07:07:27.276+0500][48954.977s] GC(166) Using 8 workers of 8 for evacuation
[2020-05-04T07:07:27.287+0500][48954.989s] GC(166)   Pre Evacuate Collection Set: 0.1ms
[2020-05-04T07:07:27.287+0500][48954.989s] GC(166)   Merge Heap Roots: 0.2ms
[2020-05-04T07:07:27.287+0500][48954.989s] GC(166)   Evacuate Collection Set: 10.0ms
[2020-05-04T07:07:27.287+0500][48954.989s] GC(166)   Post Evacuate Collection Set: 1.0ms
[2020-05-04T07:07:27.287+0500][48954.989s] GC(166)   Other: 0.1ms
[2020-05-04T07:07:27.287+0500][48954.989s] GC(166) Eden regions: 1->0(254)
[2020-05-04T07:07:27.287+0500][48954.989s] GC(166) Survivor regions: 30->1(4)
[2020-05-04T07:07:27.287+0500][48954.989s] GC(166) Old regions: 89->87
[2020-05-04T07:07:27.287+0500][48954.989s] GC(166) Archive regions: 2->2
[2020-05-04T07:07:27.287+0500][48954.989s] GC(166) Humongous regions: 31->31
[2020-05-04T07:07:27.287+0500][48954.989s] GC(166) Metaspace: 52305K(53756K)->52305K(53756K) NonClass: 46413K(47360K)->46413K(47360K) Class: 5892K(6396K)->5892K(6396K)
[2020-05-04T07:07:27.287+0500][48954.989s] GC(166) Pause Young (Mixed) (G1 Evacuation Pause) 151M->118M(512M) 11.572ms
[2020-05-04T07:07:27.287+0500][48954.989s] GC(166) User=0.05s Sys=0.00s Real=0.01s
[2020-05-04T07:07:32.129+0500][48959.831s] GC(167) Pause Young (Normal) (G1 Evacuation Pause)
[2020-05-04T07:07:32.129+0500][48959.831s] GC(167) Using 8 workers of 8 for evacuation
[2020-05-04T07:07:32.133+0500][48959.834s] GC(167)   Pre Evacuate Collection Set: 0.1ms
[2020-05-04T07:07:32.133+0500][48959.834s] GC(167)   Merge Heap Roots: 0.1ms
[2020-05-04T07:07:32.133+0500][48959.834s] GC(167)   Evacuate Collection Set: 2.5ms
[2020-05-04T07:07:32.133+0500][48959.834s] GC(167)   Post Evacuate Collection Set: 0.5ms
[2020-05-04T07:07:32.133+0500][48959.834s] GC(167)   Other: 0.2ms
[2020-05-04T07:07:32.133+0500][48959.834s] GC(167) Eden regions: 254->0(211)
[2020-05-04T07:07:32.133+0500][48959.834s] GC(167) Survivor regions: 1->30(32)
[2020-05-04T07:07:32.133+0500][48959.834s] GC(167) Old regions: 87->87
[2020-05-04T07:07:32.133+0500][48959.834s] GC(167) Archive regions: 2->2
[2020-05-04T07:07:32.133+0500][48959.834s] GC(167) Humongous regions: 91->60
[2020-05-04T07:07:32.133+0500][48959.834s] GC(167) Metaspace: 52308K(53756K)->52308K(53756K) NonClass: 46416K(47360K)->46416K(47360K) Class: 5892K(6396K)->5892K(6396K)
[2020-05-04T07:07:32.133+0500][48959.834s] GC(167) Pause Young (Normal) (G1 Evacuation Pause) 432M->176M(512M) 3.485ms
[2020-05-04T07:07:32.133+0500][48959.834s] GC(167) User=0.02s Sys=0.00s Real=0.01s
[2020-05-04T07:07:32.347+0500][48960.049s] GC(168) Pause Young (Concurrent Start) (G1 Humongous Allocation)
[2020-05-04T07:07:32.347+0500][48960.049s] GC(168) Using 8 workers of 8 for evacuation
[2020-05-04T07:07:32.351+0500][48960.052s] GC(168)   Pre Evacuate Collection Set: 0.2ms
[2020-05-04T07:07:32.351+0500][48960.052s] GC(168)   Merge Heap Roots: 0.1ms
[2020-05-04T07:07:32.351+0500][48960.052s] GC(168)   Evacuate Collection Set: 2.4ms
[2020-05-04T07:07:32.351+0500][48960.052s] GC(168)   Post Evacuate Collection Set: 0.5ms
[2020-05-04T07:07:32.351+0500][48960.052s] GC(168)   Other: 0.2ms
[2020-05-04T07:07:32.351+0500][48960.052s] GC(168) Eden regions: 16->0(213)
[2020-05-04T07:07:32.351+0500][48960.052s] GC(168) Survivor regions: 30->3(31)
[2020-05-04T07:07:32.351+0500][48960.052s] GC(168) Old regions: 87->116
[2020-05-04T07:07:32.351+0500][48960.052s] GC(168) Archive regions: 2->2
[2020-05-04T07:07:32.351+0500][48960.052s] GC(168) Humongous regions: 60->60
[2020-05-04T07:07:32.351+0500][48960.052s] GC(168) Metaspace: 52308K(53756K)->52308K(53756K) NonClass: 46416K(47360K)->46416K(47360K) Class: 5892K(6396K)->5892K(6396K)
[2020-05-04T07:07:32.351+0500][48960.052s] GC(168) Pause Young (Concurrent Start) (G1 Humongous Allocation) 192M->178M(512M) 3.528ms
[2020-05-04T07:07:32.351+0500][48960.052s] GC(168) User=0.02s Sys=0.00s Real=0.01s
[2020-05-04T07:07:32.351+0500][48960.052s] GC(169) Concurrent Cycle
[2020-05-04T07:07:32.351+0500][48960.052s] GC(169) Concurrent Clear Claimed Marks
[2020-05-04T07:07:32.351+0500][48960.052s] GC(169) Concurrent Clear Claimed Marks 0.098ms
[2020-05-04T07:07:32.351+0500][48960.052s] GC(169) Concurrent Scan Root Regions
[2020-05-04T07:07:32.352+0500][48960.053s] GC(169) Concurrent Scan Root Regions 1.026ms
[2020-05-04T07:07:32.352+0500][48960.054s] GC(169) Concurrent Mark (48960.054s)
[2020-05-04T07:07:32.352+0500][48960.054s] GC(169) Concurrent Mark From Roots
[2020-05-04T07:07:32.352+0500][48960.054s] GC(169) Using 2 workers of 2 for marking
[2020-05-04T07:07:32.372+0500][48960.074s] GC(169) Concurrent Mark From Roots 20.196ms
[2020-05-04T07:07:32.372+0500][48960.074s] GC(169) Concurrent Preclean
[2020-05-04T07:07:32.372+0500][48960.074s] GC(169) Concurrent Preclean 0.096ms
[2020-05-04T07:07:32.372+0500][48960.074s] GC(169) Concurrent Mark (48960.054s, 48960.074s) 20.390ms
[2020-05-04T07:07:32.373+0500][48960.074s] GC(169) Pause Remark
[2020-05-04T07:07:32.376+0500][48960.077s] GC(169) Pause Remark 183M->166M(512M) 2.990ms
[2020-05-04T07:07:32.376+0500][48960.077s] GC(169) User=0.02s Sys=0.00s Real=0.00s
[2020-05-04T07:07:32.376+0500][48960.077s] GC(169) Concurrent Rebuild Remembered Sets
[2020-05-04T07:07:32.389+0500][48960.091s] GC(169) Concurrent Rebuild Remembered Sets 13.409ms
[2020-05-04T07:07:32.390+0500][48960.091s] GC(169) Pause Cleanup
[2020-05-04T07:07:32.390+0500][48960.091s] GC(169) Pause Cleanup 166M->166M(512M) 0.187ms
[2020-05-04T07:07:32.390+0500][48960.091s] GC(169) User=0.00s Sys=0.00s Real=0.00s
[2020-05-04T07:07:32.390+0500][48960.091s] GC(169) Concurrent Cleanup for Next Mark
[2020-05-04T07:07:32.390+0500][48960.092s] GC(169) Concurrent Cleanup for Next Mark 0.505ms
[2020-05-04T07:07:32.390+0500][48960.092s] GC(169) Concurrent Cycle 39.586ms
[2020-05-04T07:07:34.034+0500][48961.735s] GC(170) Pause Young (Normal) (G1 Evacuation Pause)
[2020-05-04T07:07:34.034+0500][48961.736s] GC(170) Using 8 workers of 8 for evacuation
[2020-05-04T07:07:34.036+0500][48961.738s] GC(170)   Pre Evacuate Collection Set: 0.1ms
[2020-05-04T07:07:34.036+0500][48961.738s] GC(170)   Merge Heap Roots: 0.1ms
[2020-05-04T07:07:34.036+0500][48961.738s] GC(170)   Evacuate Collection Set: 1.0ms
[2020-05-04T07:07:34.036+0500][48961.738s] GC(170)   Post Evacuate Collection Set: 0.5ms
[2020-05-04T07:07:34.036+0500][48961.738s] GC(170)   Other: 0.6ms
[2020-05-04T07:07:34.036+0500][48961.738s] GC(170) Eden regions: 213->0(232)
[2020-05-04T07:07:34.036+0500][48961.738s] GC(170) Survivor regions: 3->6(27)
[2020-05-04T07:07:34.036+0500][48961.738s] GC(170) Old regions: 116->116
[2020-05-04T07:07:34.036+0500][48961.738s] GC(170) Archive regions: 2->2
[2020-05-04T07:07:34.036+0500][48961.738s] GC(170) Humongous regions: 48->45
[2020-05-04T07:07:34.036+0500][48961.738s] GC(170) Metaspace: 52313K(53756K)->52313K(53756K) NonClass: 46421K(47360K)->46421K(47360K) Class: 5892K(6396K)->5892K(6396K)
[2020-05-04T07:07:34.036+0500][48961.738s] GC(170) Pause Young (Normal) (G1 Evacuation Pause) 379M->166M(512M) 2.484ms
[2020-05-04T07:07:34.036+0500][48961.738s] GC(170) User=0.00s Sys=0.00s Real=0.00s
[2020-05-04T07:07:34.777+0500][48962.478s] GC(171) Pause Young (Concurrent Start) (G1 Evacuation Pause)
[2020-05-04T07:07:34.777+0500][48962.478s] GC(171) Using 8 workers of 8 for evacuation
[2020-05-04T07:07:34.779+0500][48962.480s] GC(171)   Pre Evacuate Collection Set: 0.2ms
[2020-05-04T07:07:34.779+0500][48962.480s] GC(171)   Merge Heap Roots: 0.1ms
[2020-05-04T07:07:34.779+0500][48962.480s] GC(171)   Evacuate Collection Set: 1.0ms
[2020-05-04T07:07:34.779+0500][48962.480s] GC(171)   Post Evacuate Collection Set: 0.4ms
[2020-05-04T07:07:34.779+0500][48962.480s] GC(171)   Other: 0.2ms
[2020-05-04T07:07:34.779+0500][48962.480s] GC(171) Eden regions: 232->0(242)
[2020-05-04T07:07:34.779+0500][48962.480s] GC(171) Survivor regions: 6->6(30)
[2020-05-04T07:07:34.779+0500][48962.480s] GC(171) Old regions: 116->116
[2020-05-04T07:07:34.779+0500][48962.480s] GC(171) Archive regions: 2->2
[2020-05-04T07:07:34.779+0500][48962.480s] GC(171) Humongous regions: 45->45
[2020-05-04T07:07:34.779+0500][48962.480s] GC(171) Metaspace: 52313K(53756K)->52313K(53756K) NonClass: 46421K(47360K)->46421K(47360K) Class: 5892K(6396K)->5892K(6396K)
[2020-05-04T07:07:34.779+0500][48962.480s] GC(171) Pause Young (Concurrent Start) (G1 Evacuation Pause) 398M->166M(512M) 1.970ms
[2020-05-04T07:07:34.779+0500][48962.480s] GC(171) User=0.01s Sys=0.00s Real=0.00s
[2020-05-04T07:07:34.779+0500][48962.480s] GC(172) Concurrent Cycle
[2020-05-04T07:07:34.779+0500][48962.480s] GC(172) Concurrent Clear Claimed Marks
[2020-05-04T07:07:34.779+0500][48962.481s] GC(172) Concurrent Clear Claimed Marks 0.064ms
[2020-05-04T07:07:34.779+0500][48962.481s] GC(172) Concurrent Scan Root Regions
[2020-05-04T07:07:34.779+0500][48962.481s] GC(172) Concurrent Scan Root Regions 0.372ms
[2020-05-04T07:07:34.779+0500][48962.481s] GC(172) Concurrent Mark (48962.481s)
[2020-05-04T07:07:34.779+0500][48962.481s] GC(172) Concurrent Mark From Roots
[2020-05-04T07:07:34.779+0500][48962.481s] GC(172) Using 2 workers of 2 for marking
[2020-05-04T07:07:34.800+0500][48962.502s] GC(172) Concurrent Mark From Roots 20.843ms
[2020-05-04T07:07:34.800+0500][48962.502s] GC(172) Concurrent Preclean
[2020-05-04T07:07:34.800+0500][48962.502s] GC(172) Concurrent Preclean 0.095ms
[2020-05-04T07:07:34.800+0500][48962.502s] GC(172) Concurrent Mark (48962.481s, 48962.502s) 21.029ms
[2020-05-04T07:07:34.801+0500][48962.502s] GC(172) Pause Remark
[2020-05-04T07:07:34.804+0500][48962.505s] GC(172) Pause Remark 171M->169M(512M) 3.005ms
[2020-05-04T07:07:34.804+0500][48962.505s] GC(172) User=0.01s Sys=0.00s Real=0.00s
[2020-05-04T07:07:34.804+0500][48962.505s] GC(172) Concurrent Rebuild Remembered Sets
[2020-05-04T07:07:34.817+0500][48962.519s] GC(172) Concurrent Rebuild Remembered Sets 13.426ms
[2020-05-04T07:07:34.818+0500][48962.519s] GC(172) Pause Cleanup
[2020-05-04T07:07:34.818+0500][48962.519s] GC(172) Pause Cleanup 174M->174M(512M) 0.182ms
[2020-05-04T07:07:34.818+0500][48962.519s] GC(172) User=0.00s Sys=0.00s Real=0.00s
[2020-05-04T07:07:34.818+0500][48962.519s] GC(172) Concurrent Cleanup for Next Mark
[2020-05-04T07:07:34.818+0500][48962.520s] GC(172) Concurrent Cleanup for Next Mark 0.519ms
[2020-05-04T07:07:34.818+0500][48962.520s] GC(172) Concurrent Cycle 39.603ms
[2020-05-04T07:07:35.751+0500][48963.452s] GC(173) Pause Young (Normal) (G1 Evacuation Pause)
[2020-05-04T07:07:35.751+0500][48963.452s] GC(173) Using 8 workers of 8 for evacuation
[2020-05-04T07:07:35.753+0500][48963.454s] GC(173)   Pre Evacuate Collection Set: 0.1ms
[2020-05-04T07:07:35.753+0500][48963.454s] GC(173)   Merge Heap Roots: 0.1ms
[2020-05-04T07:07:35.753+0500][48963.454s] GC(173)   Evacuate Collection Set: 1.2ms
[2020-05-04T07:07:35.753+0500][48963.454s] GC(173)   Post Evacuate Collection Set: 0.5ms
[2020-05-04T07:07:35.753+0500][48963.454s] GC(173)   Other: 0.1ms
[2020-05-04T07:07:35.753+0500][48963.454s] GC(173) Eden regions: 242->0(239)
[2020-05-04T07:07:35.753+0500][48963.454s] GC(173) Survivor regions: 6->15(31)
[2020-05-04T07:07:35.753+0500][48963.454s] GC(173) Old regions: 116->116
[2020-05-04T07:07:35.753+0500][48963.454s] GC(173) Archive regions: 2->2
[2020-05-04T07:07:35.753+0500][48963.454s] GC(173) Humongous regions: 43->43
[2020-05-04T07:07:35.753+0500][48963.454s] GC(173) Metaspace: 52414K(53756K)->52414K(53756K) NonClass: 46509K(47360K)->46509K(47360K) Class: 5905K(6396K)->5905K(6396K)
[2020-05-04T07:07:35.753+0500][48963.454s] GC(173) Pause Young (Normal) (G1 Evacuation Pause) 406M->173M(512M) 2.106ms
[2020-05-04T07:07:35.753+0500][48963.454s] GC(173) User=0.01s Sys=0.01s Real=0.00s
[2020-05-04T07:07:35.853+0500][48963.555s] GC(174) Pause Young (Concurrent Start) (G1 Humongous Allocation)
[2020-05-04T07:07:35.853+0500][48963.555s] GC(174) Using 8 workers of 8 for evacuation
[2020-05-04T07:07:35.855+0500][48963.556s] GC(174)   Pre Evacuate Collection Set: 0.1ms
[2020-05-04T07:07:35.855+0500][48963.557s] GC(174)   Merge Heap Roots: 0.0ms
[2020-05-04T07:07:35.855+0500][48963.557s] GC(174)   Evacuate Collection Set: 1.0ms
[2020-05-04T07:07:35.855+0500][48963.557s] GC(174)   Post Evacuate Collection Set: 0.3ms
[2020-05-04T07:07:35.855+0500][48963.557s] GC(174)   Other: 0.2ms
[2020-05-04T07:07:35.855+0500][48963.557s] GC(174) Eden regions: 13->0(228)
[2020-05-04T07:07:35.855+0500][48963.557s] GC(174) Survivor regions: 15->16(32)
[2020-05-04T07:07:35.855+0500][48963.557s] GC(174) Old regions: 116->116
[2020-05-04T07:07:35.855+0500][48963.557s] GC(174) Archive regions: 2->2
[2020-05-04T07:07:35.855+0500][48963.557s] GC(174) Humongous regions: 43->43
[2020-05-04T07:07:35.855+0500][48963.557s] GC(174) Metaspace: 52475K(54012K)->52475K(54012K) NonClass: 46559K(47616K)->46559K(47616K) Class: 5915K(6396K)->5915K(6396K)
[2020-05-04T07:07:35.855+0500][48963.557s] GC(174) Pause Young (Concurrent Start) (G1 Humongous Allocation) 186M->175M(512M) 1.847ms
[2020-05-04T07:07:35.855+0500][48963.557s] GC(174) User=0.01s Sys=0.00s Real=0.00s
[2020-05-04T07:07:35.855+0500][48963.557s] GC(175) Concurrent Cycle
[2020-05-04T07:07:35.855+0500][48963.557s] GC(175) Concurrent Clear Claimed Marks
[2020-05-04T07:07:35.855+0500][48963.557s] GC(175) Concurrent Clear Claimed Marks 0.059ms
[2020-05-04T07:07:35.855+0500][48963.557s] GC(175) Concurrent Scan Root Regions
[2020-05-04T07:07:35.856+0500][48963.557s] GC(175) Concurrent Scan Root Regions 0.542ms
[2020-05-04T07:07:35.856+0500][48963.557s] GC(175) Concurrent Mark (48963.557s)
[2020-05-04T07:07:35.856+0500][48963.557s] GC(175) Concurrent Mark From Roots
[2020-05-04T07:07:35.856+0500][48963.557s] GC(175) Using 2 workers of 2 for marking
[2020-05-04T07:07:35.877+0500][48963.578s] GC(175) Concurrent Mark From Roots 20.809ms
[2020-05-04T07:07:35.877+0500][48963.578s] GC(175) Concurrent Preclean
[2020-05-04T07:07:35.877+0500][48963.578s] GC(175) Concurrent Preclean 0.141ms
[2020-05-04T07:07:35.877+0500][48963.578s] GC(175) Concurrent Mark (48963.557s, 48963.578s) 21.056ms
[2020-05-04T07:07:35.877+0500][48963.579s] GC(175) Pause Remark
[2020-05-04T07:07:35.880+0500][48963.582s] GC(175) Pause Remark 179M->78M(512M) 2.860ms
[2020-05-04T07:07:35.880+0500][48963.582s] GC(175) User=0.02s Sys=0.00s Real=0.01s
[2020-05-04T07:07:35.880+0500][48963.582s] GC(175) Concurrent Rebuild Remembered Sets
[2020-05-04T07:07:35.893+0500][48963.595s] GC(175) Concurrent Rebuild Remembered Sets 12.665ms
[2020-05-04T07:07:35.893+0500][48963.595s] GC(175) Pause Cleanup
[2020-05-04T07:07:35.894+0500][48963.595s] GC(175) Pause Cleanup 79M->79M(512M) 0.141ms
[2020-05-04T07:07:35.894+0500][48963.595s] GC(175) User=0.00s Sys=0.00s Real=0.00s
[2020-05-04T07:07:35.894+0500][48963.595s] GC(175) Concurrent Cleanup for Next Mark
[2020-05-04T07:07:35.894+0500][48963.596s] GC(175) Concurrent Cleanup for Next Mark 0.491ms
[2020-05-04T07:07:35.894+0500][48963.596s] GC(175) Concurrent Cycle 38.988ms
[2020-05-04T07:07:36.484+0500][48964.186s] GC(176) Pause Young (Concurrent Start) (G1 Humongous Allocation)
[2020-05-04T07:07:36.484+0500][48964.186s] GC(176) Using 8 workers of 8 for evacuation
[2020-05-04T07:07:36.487+0500][48964.188s] GC(176)   Pre Evacuate Collection Set: 0.2ms
[2020-05-04T07:07:36.487+0500][48964.188s] GC(176)   Merge Heap Roots: 0.1ms
[2020-05-04T07:07:36.487+0500][48964.188s] GC(176)   Evacuate Collection Set: 1.4ms
[2020-05-04T07:07:36.487+0500][48964.188s] GC(176)   Post Evacuate Collection Set: 0.5ms
[2020-05-04T07:07:36.487+0500][48964.188s] GC(176)   Other: 0.2ms
[2020-05-04T07:07:36.487+0500][48964.188s] GC(176) Eden regions: 89->0(289)
[2020-05-04T07:07:36.487+0500][48964.188s] GC(176) Survivor regions: 16->18(31)
[2020-05-04T07:07:36.487+0500][48964.188s] GC(176) Old regions: 50->50
[2020-05-04T07:07:36.487+0500][48964.188s] GC(176) Archive regions: 2->2
[2020-05-04T07:07:36.487+0500][48964.188s] GC(176) Humongous regions: 9->9
[2020-05-04T07:07:36.487+0500][48964.188s] GC(176) Metaspace: 52537K(54012K)->52537K(54012K) NonClass: 46616K(47616K)->46616K(47616K) Class: 5920K(6396K)->5920K(6396K)
[2020-05-04T07:07:36.487+0500][48964.188s] GC(176) Pause Young (Concurrent Start) (G1 Humongous Allocation) 164M->77M(512M) 2.472ms
[2020-05-04T07:07:36.487+0500][48964.188s] GC(176) User=0.01s Sys=0.00s Real=0.00s
[2020-05-04T07:07:36.487+0500][48964.188s] GC(177) Concurrent Cycle
[2020-05-04T07:07:36.487+0500][48964.188s] GC(177) Concurrent Clear Claimed Marks
[2020-05-04T07:07:36.487+0500][48964.188s] GC(177) Concurrent Clear Claimed Marks 0.055ms
[2020-05-04T07:07:36.487+0500][48964.188s] GC(177) Concurrent Scan Root Regions
[2020-05-04T07:07:36.488+0500][48964.189s] GC(177) Concurrent Scan Root Regions 0.695ms
[2020-05-04T07:07:36.488+0500][48964.189s] GC(177) Concurrent Mark (48964.189s)
[2020-05-04T07:07:36.488+0500][48964.189s] GC(177) Concurrent Mark From Roots
[2020-05-04T07:07:36.488+0500][48964.189s] GC(177) Using 2 workers of 2 for marking
[2020-05-04T07:07:36.513+0500][48964.215s] GC(177) Concurrent Mark From Roots 25.517ms
[2020-05-04T07:07:36.513+0500][48964.215s] GC(177) Concurrent Preclean
[2020-05-04T07:07:36.513+0500][48964.215s] GC(177) Concurrent Preclean 0.096ms
[2020-05-04T07:07:36.513+0500][48964.215s] GC(177) Concurrent Mark (48964.189s, 48964.215s) 25.656ms
[2020-05-04T07:07:36.513+0500][48964.215s] GC(177) Pause Remark
[2020-05-04T07:07:36.517+0500][48964.218s] GC(177) Pause Remark 88M->88M(512M) 3.402ms
[2020-05-04T07:07:36.517+0500][48964.218s] GC(177) User=0.02s Sys=0.00s Real=0.00s
[2020-05-04T07:07:36.517+0500][48964.219s] GC(177) Concurrent Rebuild Remembered Sets
[2020-05-04T07:07:36.533+0500][48964.234s] GC(177) Concurrent Rebuild Remembered Sets 15.777ms
[2020-05-04T07:07:36.533+0500][48964.235s] GC(177) Pause Cleanup
[2020-05-04T07:07:36.533+0500][48964.235s] GC(177) Pause Cleanup 89M->89M(512M) 0.243ms
[2020-05-04T07:07:36.533+0500][48964.235s] GC(177) User=0.00s Sys=0.00s Real=0.00s
[2020-05-04T07:07:36.533+0500][48964.235s] GC(177) Concurrent Cleanup for Next Mark
[2020-05-04T07:07:36.534+0500][48964.235s] GC(177) Concurrent Cleanup for Next Mark 0.473ms
[2020-05-04T07:07:36.534+0500][48964.235s] GC(177) Concurrent Cycle 47.058ms
[2020-05-04T07:09:07.465+0500][49055.167s] GC(178) Pause Young (Normal) (G1 Evacuation Pause)
[2020-05-04T07:09:07.465+0500][49055.167s] GC(178) Using 8 workers of 8 for evacuation
[2020-05-04T07:09:07.469+0500][49055.170s] GC(178)   Pre Evacuate Collection Set: 0.1ms
[2020-05-04T07:09:07.469+0500][49055.170s] GC(178)   Merge Heap Roots: 0.1ms
[2020-05-04T07:09:07.469+0500][49055.171s] GC(178)   Evacuate Collection Set: 1.7ms
[2020-05-04T07:09:07.469+0500][49055.171s] GC(178)   Post Evacuate Collection Set: 1.1ms
[2020-05-04T07:09:07.469+0500][49055.171s] GC(178)   Other: 0.4ms
[2020-05-04T07:09:07.469+0500][49055.171s] GC(178) Eden regions: 289->0(306)
[2020-05-04T07:09:07.469+0500][49055.171s] GC(178) Survivor regions: 18->1(39)
[2020-05-04T07:09:07.469+0500][49055.171s] GC(178) Old regions: 50->50
[2020-05-04T07:09:07.469+0500][49055.171s] GC(178) Archive regions: 2->2
[2020-05-04T07:09:07.469+0500][49055.171s] GC(178) Humongous regions: 13->7
[2020-05-04T07:09:07.469+0500][49055.171s] GC(178) Metaspace: 52627K(54012K)->52627K(54012K) NonClass: 46702K(47616K)->46702K(47616K) Class: 5924K(6396K)->5924K(6396K)
[2020-05-04T07:09:07.469+0500][49055.171s] GC(178) Pause Young (Normal) (G1 Evacuation Pause) 370M->58M(512M) 3.753ms
[2020-05-04T07:09:07.469+0500][49055.171s] GC(178) User=0.02s Sys=0.01s Real=0.00s
[2020-05-04T08:56:47.722+0500][55515.367s] Heap
[2020-05-04T08:56:47.723+0500][55515.367s]  garbage-first heap   total 524288K, used 143951K [0x00000007e0000000, 0x0000000800000000)
[2020-05-04T08:56:47.723+0500][55515.368s]   region size 1024K, 84 young (86016K), 1 survivors (1024K)
[2020-05-04T08:56:47.723+0500][55515.368s]  Metaspace       used 52808K, capacity 53874K, committed 54268K, reserved 1097728K
[2020-05-04T08:56:47.723+0500][55515.368s]   class space    used 5941K, capacity 6359K, committed 6396K, reserved 1048576K
