[2020-04-01T14:01:00.098+0500][0.007s] Heap region size: 1M
[2020-04-01T14:01:00.098+0500][0.008s] Heap address: 0x00000007e0000000, size: 512 MB, Compressed Oops mode: Zero based, Oop shift amount: 3
[2020-04-01T14:01:00.282+0500][0.191s] Using G1
[2020-04-01T14:01:00.283+0500][0.192s] Mark closed archive regions in map: [0x00000007fff00000, 0x00000007fff7aff8]
[2020-04-01T14:01:00.283+0500][0.192s] Mark open archive regions in map: [0x00000007ffe00000, 0x00000007ffe50ff8]
[2020-04-01T14:01:00.300+0500][0.209s] Periodic GC disabled
[2020-04-01T14:01:01.038+0500][0.947s] GC(0) Pause Young (Normal) (G1 Evacuation Pause)
[2020-04-01T14:01:01.039+0500][0.948s] GC(0) Using 8 workers of 8 for evacuation
[2020-04-01T14:01:01.041+0500][0.950s] GC(0)   Pre Evacuate Collection Set: 0.1ms
[2020-04-01T14:01:01.041+0500][0.950s] GC(0)   Merge Heap Roots: 0.1ms
[2020-04-01T14:01:01.041+0500][0.950s] GC(0)   Evacuate Collection Set: 1.9ms
[2020-04-01T14:01:01.041+0500][0.950s] GC(0)   Post Evacuate Collection Set: 0.4ms
[2020-04-01T14:01:01.041+0500][0.950s] GC(0)   Other: 0.6ms
[2020-04-01T14:01:01.041+0500][0.950s] GC(0) Eden regions: 29->0(54)
[2020-04-01T14:01:01.041+0500][0.950s] GC(0) Survivor regions: 0->4(4)
[2020-04-01T14:01:01.041+0500][0.950s] GC(0) Old regions: 0->0
[2020-04-01T14:01:01.041+0500][0.950s] GC(0) Archive regions: 2->2
[2020-04-01T14:01:01.041+0500][0.950s] GC(0) Humongous regions: 0->0
[2020-04-01T14:01:01.041+0500][0.950s] GC(0) Metaspace: 7995K(8576K)->7995K(8576K) NonClass: 7043K(7424K)->7043K(7424K) Class: 951K(1152K)->951K(1152K)
[2020-04-01T14:01:01.041+0500][0.950s] GC(0) Pause Young (Normal) (G1 Evacuation Pause) 29M->3M(512M) 3.114ms
[2020-04-01T14:01:01.041+0500][0.951s] GC(0) User=0.02s Sys=0.00s Real=0.01s
[2020-04-01T14:01:01.780+0500][1.690s] GC(1) Pause Young (Normal) (G1 Evacuation Pause)
[2020-04-01T14:01:01.780+0500][1.690s] GC(1) Using 8 workers of 8 for evacuation
[2020-04-01T14:01:01.789+0500][1.699s] GC(1)   Pre Evacuate Collection Set: 0.1ms
[2020-04-01T14:01:01.790+0500][1.699s] GC(1)   Merge Heap Roots: 0.0ms
[2020-04-01T14:01:01.790+0500][1.699s] GC(1)   Evacuate Collection Set: 8.1ms
[2020-04-01T14:01:01.790+0500][1.699s] GC(1)   Post Evacuate Collection Set: 0.7ms
[2020-04-01T14:01:01.790+0500][1.699s] GC(1)   Other: 0.2ms
[2020-04-01T14:01:01.790+0500][1.699s] GC(1) Eden regions: 54->0(123)
[2020-04-01T14:01:01.790+0500][1.699s] GC(1) Survivor regions: 4->8(8)
[2020-04-01T14:01:01.790+0500][1.699s] GC(1) Old regions: 0->10
[2020-04-01T14:01:01.790+0500][1.699s] GC(1) Archive regions: 2->2
[2020-04-01T14:01:01.790+0500][1.699s] GC(1) Humongous regions: 4->4
[2020-04-01T14:01:01.790+0500][1.699s] GC(1) Metaspace: 15560K(16384K)->15560K(16384K) NonClass: 13711K(14336K)->13711K(14336K) Class: 1848K(2048K)->1848K(2048K)
[2020-04-01T14:01:01.790+0500][1.699s] GC(1) Pause Young (Normal) (G1 Evacuation Pause) 61M->22M(512M) 9.270ms
[2020-04-01T14:01:01.790+0500][1.699s] GC(1) User=0.06s Sys=0.00s Real=0.01s
[2020-04-01T14:01:02.345+0500][2.254s] GC(2) Pause Young (Concurrent Start) (Metadata GC Threshold)
[2020-04-01T14:01:02.345+0500][2.254s] GC(2) Using 8 workers of 8 for evacuation
[2020-04-01T14:01:02.349+0500][2.258s] GC(2)   Pre Evacuate Collection Set: 0.1ms
[2020-04-01T14:01:02.349+0500][2.258s] GC(2)   Merge Heap Roots: 0.0ms
[2020-04-01T14:01:02.349+0500][2.258s] GC(2)   Evacuate Collection Set: 3.7ms
[2020-04-01T14:01:02.349+0500][2.258s] GC(2)   Post Evacuate Collection Set: 0.4ms
[2020-04-01T14:01:02.349+0500][2.258s] GC(2)   Other: 0.2ms
[2020-04-01T14:01:02.349+0500][2.258s] GC(2) Eden regions: 48->0(244)
[2020-04-01T14:01:02.349+0500][2.258s] GC(2) Survivor regions: 8->9(17)
[2020-04-01T14:01:02.349+0500][2.258s] GC(2) Old regions: 10->10
[2020-04-01T14:01:02.349+0500][2.258s] GC(2) Archive regions: 2->2
[2020-04-01T14:01:02.349+0500][2.258s] GC(2) Humongous regions: 4->4
[2020-04-01T14:01:02.349+0500][2.258s] GC(2) Metaspace: 20459K(21248K)->20459K(21248K) NonClass: 18110K(18688K)->18110K(18688K) Class: 2348K(2560K)->2348K(2560K)
[2020-04-01T14:01:02.349+0500][2.258s] GC(2) Pause Young (Concurrent Start) (Metadata GC Threshold) 70M->23M(512M) 4.467ms
[2020-04-01T14:01:02.349+0500][2.258s] GC(2) User=0.02s Sys=0.00s Real=0.00s
[2020-04-01T14:01:02.349+0500][2.258s] GC(3) Concurrent Cycle
[2020-04-01T14:01:02.349+0500][2.258s] GC(3) Concurrent Clear Claimed Marks
[2020-04-01T14:01:02.349+0500][2.258s] GC(3) Concurrent Clear Claimed Marks 0.035ms
[2020-04-01T14:01:02.349+0500][2.258s] GC(3) Concurrent Scan Root Regions
[2020-04-01T14:01:02.352+0500][2.261s] GC(3) Concurrent Scan Root Regions 2.733ms
[2020-04-01T14:01:02.352+0500][2.261s] GC(3) Concurrent Mark (2.261s)
[2020-04-01T14:01:02.352+0500][2.261s] GC(3) Concurrent Mark From Roots
[2020-04-01T14:01:02.352+0500][2.261s] GC(3) Using 2 workers of 2 for marking
[2020-04-01T14:01:02.361+0500][2.270s] GC(3) Concurrent Mark From Roots 8.913ms
[2020-04-01T14:01:02.361+0500][2.270s] GC(3) Concurrent Preclean
[2020-04-01T14:01:02.361+0500][2.270s] GC(3) Concurrent Preclean 0.106ms
[2020-04-01T14:01:02.361+0500][2.270s] GC(3) Concurrent Mark (2.261s, 2.270s) 9.082ms
[2020-04-01T14:01:02.361+0500][2.270s] GC(3) Pause Remark
[2020-04-01T14:01:02.363+0500][2.272s] GC(3) Pause Remark 24M->24M(512M) 1.521ms
[2020-04-01T14:01:02.363+0500][2.272s] GC(3) User=0.01s Sys=0.00s Real=0.00s
[2020-04-01T14:01:02.363+0500][2.272s] GC(3) Concurrent Rebuild Remembered Sets
[2020-04-01T14:01:02.370+0500][2.279s] GC(3) Concurrent Rebuild Remembered Sets 6.839ms
[2020-04-01T14:01:02.370+0500][2.279s] GC(3) Pause Cleanup
[2020-04-01T14:01:02.370+0500][2.279s] GC(3) Pause Cleanup 25M->25M(512M) 0.132ms
[2020-04-01T14:01:02.370+0500][2.279s] GC(3) User=0.00s Sys=0.00s Real=0.00s
[2020-04-01T14:01:02.370+0500][2.279s] GC(3) Concurrent Cleanup for Next Mark
[2020-04-01T14:01:02.371+0500][2.280s] GC(3) Concurrent Cleanup for Next Mark 0.928ms
[2020-04-01T14:01:02.371+0500][2.280s] GC(3) Concurrent Cycle 21.898ms
[2020-04-01T14:01:03.563+0500][3.473s] GC(4) Pause Young (Concurrent Start) (Metadata GC Threshold)
[2020-04-01T14:01:03.564+0500][3.473s] GC(4) Using 8 workers of 8 for evacuation
[2020-04-01T14:01:03.570+0500][3.479s] GC(4)   Pre Evacuate Collection Set: 0.1ms
[2020-04-01T14:01:03.570+0500][3.479s] GC(4)   Merge Heap Roots: 0.1ms
[2020-04-01T14:01:03.570+0500][3.479s] GC(4)   Evacuate Collection Set: 5.4ms
[2020-04-01T14:01:03.570+0500][3.479s] GC(4)   Post Evacuate Collection Set: 0.9ms
[2020-04-01T14:01:03.570+0500][3.479s] GC(4)   Other: 0.3ms
[2020-04-01T14:01:03.570+0500][3.479s] GC(4) Eden regions: 226->0(292)
[2020-04-01T14:01:03.570+0500][3.479s] GC(4) Survivor regions: 9->15(36)
[2020-04-01T14:01:03.570+0500][3.479s] GC(4) Old regions: 10->10
[2020-04-01T14:01:03.570+0500][3.479s] GC(4) Archive regions: 2->2
[2020-04-01T14:01:03.570+0500][3.479s] GC(4) Humongous regions: 5->4
[2020-04-01T14:01:03.570+0500][3.479s] GC(4) Metaspace: 35028K(35964K)->35028K(35964K) NonClass: 30900K(31488K)->30900K(31488K) Class: 4127K(4476K)->4127K(4476K)
[2020-04-01T14:01:03.570+0500][3.480s] GC(4) Pause Young (Concurrent Start) (Metadata GC Threshold) 249M->29M(512M) 6.884ms
[2020-04-01T14:01:03.570+0500][3.480s] GC(4) User=0.04s Sys=0.00s Real=0.01s
[2020-04-01T14:01:03.570+0500][3.480s] GC(5) Concurrent Cycle
[2020-04-01T14:01:03.571+0500][3.480s] GC(5) Concurrent Clear Claimed Marks
[2020-04-01T14:01:03.571+0500][3.480s] GC(5) Concurrent Clear Claimed Marks 0.063ms
[2020-04-01T14:01:03.571+0500][3.480s] GC(5) Concurrent Scan Root Regions
[2020-04-01T14:01:03.574+0500][3.483s] GC(5) Concurrent Scan Root Regions 3.732ms
[2020-04-01T14:01:03.574+0500][3.483s] GC(5) Concurrent Mark (3.483s)
[2020-04-01T14:01:03.574+0500][3.483s] GC(5) Concurrent Mark From Roots
[2020-04-01T14:01:03.574+0500][3.484s] GC(5) Using 2 workers of 2 for marking
[2020-04-01T14:01:03.582+0500][3.491s] GC(5) Concurrent Mark From Roots 7.860ms
[2020-04-01T14:01:03.582+0500][3.491s] GC(5) Concurrent Preclean
[2020-04-01T14:01:03.582+0500][3.491s] GC(5) Concurrent Preclean 0.045ms
[2020-04-01T14:01:03.582+0500][3.491s] GC(5) Concurrent Mark (3.483s, 3.491s) 7.970ms
[2020-04-01T14:01:03.582+0500][3.492s] GC(5) Pause Remark
[2020-04-01T14:01:03.584+0500][3.493s] GC(5) Pause Remark 31M->31M(512M) 1.510ms
[2020-04-01T14:01:03.584+0500][3.493s] GC(5) User=0.01s Sys=0.01s Real=0.00s
[2020-04-01T14:01:03.584+0500][3.493s] GC(5) Concurrent Rebuild Remembered Sets
[2020-04-01T14:01:03.589+0500][3.498s] GC(5) Concurrent Rebuild Remembered Sets 4.588ms
[2020-04-01T14:01:03.589+0500][3.498s] GC(5) Pause Cleanup
[2020-04-01T14:01:03.589+0500][3.498s] GC(5) Pause Cleanup 32M->32M(512M) 0.107ms
[2020-04-01T14:01:03.589+0500][3.498s] GC(5) User=0.00s Sys=0.00s Real=0.00s
[2020-04-01T14:01:03.589+0500][3.498s] GC(5) Concurrent Cleanup for Next Mark
[2020-04-01T14:01:03.590+0500][3.499s] GC(5) Concurrent Cleanup for Next Mark 0.483ms
[2020-04-01T14:01:03.590+0500][3.499s] GC(5) Concurrent Cycle 19.251ms
[2020-04-01T14:57:04.411+0500][2643.319s] GC(6) Pause Young (Normal) (G1 Evacuation Pause)
[2020-04-01T14:57:04.412+0500][2643.320s] GC(6) Using 8 workers of 8 for evacuation
[2020-04-01T14:57:04.459+0500][2643.367s] GC(6)   Pre Evacuate Collection Set: 0.6ms
[2020-04-01T14:57:04.459+0500][2643.367s] GC(6)   Merge Heap Roots: 0.2ms
[2020-04-01T14:57:04.459+0500][2643.367s] GC(6)   Evacuate Collection Set: 43.8ms
[2020-04-01T14:57:04.459+0500][2643.367s] GC(6)   Post Evacuate Collection Set: 2.3ms
[2020-04-01T14:57:04.459+0500][2643.367s] GC(6)   Other: 1.5ms
[2020-04-01T14:57:04.459+0500][2643.367s] GC(6) Eden regions: 292->0(286)
[2020-04-01T14:57:04.459+0500][2643.367s] GC(6) Survivor regions: 15->21(39)
[2020-04-01T14:57:04.459+0500][2643.367s] GC(6) Old regions: 10->10
[2020-04-01T14:57:04.459+0500][2643.367s] GC(6) Archive regions: 2->2
[2020-04-01T14:57:04.459+0500][2643.367s] GC(6) Humongous regions: 7->7
[2020-04-01T14:57:04.459+0500][2643.367s] GC(6) Metaspace: 47874K(49148K)->47874K(49148K) NonClass: 42251K(43008K)->42251K(43008K) Class: 5622K(6140K)->5622K(6140K)
[2020-04-01T14:57:04.459+0500][2643.367s] GC(6) Pause Young (Normal) (G1 Evacuation Pause) 324M->38M(512M) 48.387ms
[2020-04-01T14:57:04.459+0500][2643.367s] GC(6) User=0.09s Sys=0.20s Real=0.04s
[2020-04-01T17:11:32.671+0500][10711.439s] GC(7) Pause Young (Normal) (G1 Evacuation Pause)
[2020-04-01T17:11:32.673+0500][10711.440s] GC(7) Using 8 workers of 8 for evacuation
[2020-04-01T17:11:32.742+0500][10711.510s] GC(7)   Pre Evacuate Collection Set: 0.4ms
[2020-04-01T17:11:32.742+0500][10711.510s] GC(7)   Merge Heap Roots: 0.2ms
[2020-04-01T17:11:32.742+0500][10711.510s] GC(7)   Evacuate Collection Set: 66.9ms
[2020-04-01T17:11:32.742+0500][10711.510s] GC(7)   Post Evacuate Collection Set: 1.8ms
[2020-04-01T17:11:32.742+0500][10711.510s] GC(7)   Other: 1.5ms
[2020-04-01T17:11:32.742+0500][10711.510s] GC(7) Eden regions: 286->0(268)
[2020-04-01T17:11:32.742+0500][10711.510s] GC(7) Survivor regions: 21->39(39)
[2020-04-01T17:11:32.742+0500][10711.510s] GC(7) Old regions: 10->15
[2020-04-01T17:11:32.742+0500][10711.510s] GC(7) Archive regions: 2->2
[2020-04-01T17:11:32.742+0500][10711.510s] GC(7) Humongous regions: 9->9
[2020-04-01T17:11:32.742+0500][10711.510s] GC(7) Metaspace: 48298K(49660K)->48298K(49660K) NonClass: 42671K(43520K)->42671K(43520K) Class: 5627K(6140K)->5627K(6140K)
[2020-04-01T17:11:32.742+0500][10711.510s] GC(7) Pause Young (Normal) (G1 Evacuation Pause) 326M->63M(512M) 70.929ms
[2020-04-01T17:11:32.742+0500][10711.510s] GC(7) User=0.08s Sys=0.27s Real=0.07s
[2020-04-01T17:11:35.526+0500][10714.294s] GC(8) Pause Young (Normal) (G1 Evacuation Pause)
[2020-04-01T17:11:35.526+0500][10714.294s] GC(8) Using 8 workers of 8 for evacuation
[2020-04-01T17:11:35.543+0500][10714.310s] GC(8)   Pre Evacuate Collection Set: 0.1ms
[2020-04-01T17:11:35.543+0500][10714.310s] GC(8)   Merge Heap Roots: 0.1ms
[2020-04-01T17:11:35.543+0500][10714.310s] GC(8)   Evacuate Collection Set: 15.1ms
[2020-04-01T17:11:35.543+0500][10714.310s] GC(8)   Post Evacuate Collection Set: 1.1ms
[2020-04-01T17:11:35.543+0500][10714.310s] GC(8)   Other: 0.2ms
[2020-04-01T17:11:35.543+0500][10714.310s] GC(8) Eden regions: 268->0(286)
[2020-04-01T17:11:35.543+0500][10714.310s] GC(8) Survivor regions: 39->21(39)
[2020-04-01T17:11:35.543+0500][10714.310s] GC(8) Old regions: 15->49
[2020-04-01T17:11:35.543+0500][10714.310s] GC(8) Archive regions: 2->2
[2020-04-01T17:11:35.543+0500][10714.310s] GC(8) Humongous regions: 13->11
[2020-04-01T17:11:35.543+0500][10714.310s] GC(8) Metaspace: 48360K(49660K)->48360K(49660K) NonClass: 42733K(43520K)->42733K(43520K) Class: 5627K(6140K)->5627K(6140K)
[2020-04-01T17:11:35.543+0500][10714.310s] GC(8) Pause Young (Normal) (G1 Evacuation Pause) 335M->80M(512M) 16.803ms
[2020-04-01T17:11:35.543+0500][10714.310s] GC(8) User=0.08s Sys=0.05s Real=0.02s
[2020-04-01T19:52:17.383+0500][20356.030s] Heap
[2020-04-01T19:52:17.383+0500][20356.030s]  garbage-first heap   total 524288K, used 264592K [0x00000007e0000000, 0x0000000800000000)
[2020-04-01T19:52:17.383+0500][20356.030s]   region size 1024K, 201 young (205824K), 21 survivors (21504K)
[2020-04-01T19:52:17.383+0500][20356.030s]  Metaspace       used 51937K, capacity 53022K, committed 53244K, reserved 1095680K
[2020-04-01T19:52:17.383+0500][20356.030s]   class space    used 5934K, capacity 6380K, committed 6396K, reserved 1048576K
