[2020-04-14T17:17:14.055-0400][0.031s] Heap region size: 1M
[2020-04-14T17:17:14.349-0400][0.324s] Using G1
[2020-04-14T17:17:14.349-0400][0.324s] Heap address: 0x00000000e0000000, size: 512 MB, Compressed Oops mode: 32-bit
[2020-04-14T17:17:14.386-0400][0.361s] Periodic GC disabled
[2020-04-14T17:17:16.770-0400][2.745s] GC(0) Pause Young (Normal) (G1 Evacuation Pause)
[2020-04-14T17:17:16.770-0400][2.746s] GC(0) Using 4 workers of 4 for evacuation
[2020-04-14T17:17:16.778-0400][2.754s] GC(0)   Pre Evacuate Collection Set: 0.0ms
[2020-04-14T17:17:16.778-0400][2.754s] GC(0)   Evacuate Collection Set: 7.5ms
[2020-04-14T17:17:16.779-0400][2.754s] GC(0)   Post Evacuate Collection Set: 0.4ms
[2020-04-14T17:17:16.779-0400][2.754s] GC(0)   Other: 0.7ms
[2020-04-14T17:17:16.779-0400][2.755s] GC(0) Eden regions: 25->0(304)
[2020-04-14T17:17:16.779-0400][2.755s] GC(0) Survivor regions: 0->3(4)
[2020-04-14T17:17:16.779-0400][2.755s] GC(0) Old regions: 0->0
[2020-04-14T17:17:16.779-0400][2.755s] GC(0) Archive regions: 0->0
[2020-04-14T17:17:16.779-0400][2.755s] GC(0) Humongous regions: 0->0
[2020-04-14T17:17:16.779-0400][2.755s] GC(0) Metaspace: 5418K->5418K(1056768K)
[2020-04-14T17:17:16.779-0400][2.755s] GC(0) Pause Young (Normal) (G1 Evacuation Pause) 25M->2M(512M) 9.608ms
[2020-04-14T17:17:16.779-0400][2.755s] GC(0) User=0.05s Sys=0.00s Real=0.01s
[2020-04-14T17:17:20.897-0400][6.872s] GC(1) Pause Young (Concurrent Start) (Metadata GC Threshold)
[2020-04-14T17:17:20.897-0400][6.872s] GC(1) Using 4 workers of 4 for evacuation
[2020-04-14T17:17:20.920-0400][6.895s] GC(1)   Pre Evacuate Collection Set: 0.0ms
[2020-04-14T17:17:20.920-0400][6.896s] GC(1)   Evacuate Collection Set: 21.8ms
[2020-04-14T17:17:20.920-0400][6.896s] GC(1)   Post Evacuate Collection Set: 1.2ms
[2020-04-14T17:17:20.920-0400][6.896s] GC(1)   Other: 0.3ms
[2020-04-14T17:17:20.920-0400][6.896s] GC(1) Eden regions: 110->0(68)
[2020-04-14T17:17:20.920-0400][6.896s] GC(1) Survivor regions: 3->20(39)
[2020-04-14T17:17:20.920-0400][6.896s] GC(1) Old regions: 0->0
[2020-04-14T17:17:20.920-0400][6.896s] GC(1) Archive regions: 0->0
[2020-04-14T17:17:20.920-0400][6.896s] GC(1) Humongous regions: 4->4
[2020-04-14T17:17:20.920-0400][6.896s] GC(1) Metaspace: 20429K->20429K(1069056K)
[2020-04-14T17:17:20.920-0400][6.896s] GC(1) Pause Young (Concurrent Start) (Metadata GC Threshold) 116M->23M(512M) 23.603ms
[2020-04-14T17:17:20.920-0400][6.896s] GC(1) User=0.13s Sys=0.00s Real=0.02s
[2020-04-14T17:17:20.920-0400][6.896s] GC(2) Concurrent Cycle
[2020-04-14T17:17:20.920-0400][6.896s] GC(2) Concurrent Clear Claimed Marks
[2020-04-14T17:17:20.921-0400][6.896s] GC(2) Concurrent Clear Claimed Marks 0.067ms
[2020-04-14T17:17:20.921-0400][6.896s] GC(2) Concurrent Scan Root Regions
[2020-04-14T17:17:20.934-0400][6.909s] GC(2) Concurrent Scan Root Regions 13.028ms
[2020-04-14T17:17:20.934-0400][6.909s] GC(2) Concurrent Mark (6.909s)
[2020-04-14T17:17:20.934-0400][6.909s] GC(2) Concurrent Mark From Roots
[2020-04-14T17:17:20.934-0400][6.909s] GC(2) Using 1 workers of 1 for marking
[2020-04-14T17:17:20.937-0400][6.913s] GC(2) Concurrent Mark From Roots 3.643ms
[2020-04-14T17:17:20.938-0400][6.913s] GC(2) Concurrent Preclean
[2020-04-14T17:17:20.938-0400][6.913s] GC(2) Concurrent Preclean 0.147ms
[2020-04-14T17:17:20.938-0400][6.913s] GC(2) Concurrent Mark (6.909s, 6.913s) 3.957ms
[2020-04-14T17:17:20.938-0400][6.913s] GC(2) Pause Remark
[2020-04-14T17:17:20.940-0400][6.916s] GC(2) Cleaned string table, strings: 13261 processed, 0 removed
[2020-04-14T17:17:20.941-0400][6.916s] GC(2) Pause Remark 24M->24M(512M) 2.812ms
[2020-04-14T17:17:20.941-0400][6.916s] GC(2) User=0.00s Sys=0.00s Real=0.00s
[2020-04-14T17:17:20.941-0400][6.916s] GC(2) Concurrent Rebuild Remembered Sets
[2020-04-14T17:17:20.943-0400][6.919s] GC(2) Concurrent Rebuild Remembered Sets 2.642ms
[2020-04-14T17:17:20.944-0400][6.919s] GC(2) Pause Cleanup
[2020-04-14T17:17:20.944-0400][6.919s] GC(2) Pause Cleanup 24M->24M(512M) 0.165ms
[2020-04-14T17:17:20.944-0400][6.920s] GC(2) User=0.00s Sys=0.00s Real=0.00s
[2020-04-14T17:17:20.944-0400][6.920s] GC(2) Concurrent Cleanup for Next Mark
[2020-04-14T17:17:20.945-0400][6.921s] GC(2) Concurrent Cleanup for Next Mark 1.249ms
[2020-04-14T17:17:20.945-0400][6.921s] GC(2) Concurrent Cycle 25.032ms
[2020-04-14T17:17:22.279-0400][8.255s] GC(3) Pause Young (Normal) (G1 Evacuation Pause)
[2020-04-14T17:17:22.279-0400][8.255s] GC(3) Using 4 workers of 4 for evacuation
[2020-04-14T17:17:22.302-0400][8.278s] GC(3)   Pre Evacuate Collection Set: 0.0ms
[2020-04-14T17:17:22.302-0400][8.278s] GC(3)   Evacuate Collection Set: 22.1ms
[2020-04-14T17:17:22.303-0400][8.278s] GC(3)   Post Evacuate Collection Set: 0.7ms
[2020-04-14T17:17:22.303-0400][8.278s] GC(3)   Other: 0.2ms
[2020-04-14T17:17:22.303-0400][8.278s] GC(3) Eden regions: 62->0(107)
[2020-04-14T17:17:22.303-0400][8.278s] GC(3) Survivor regions: 20->5(11)
[2020-04-14T17:17:22.303-0400][8.278s] GC(3) Old regions: 0->19
[2020-04-14T17:17:22.303-0400][8.278s] GC(3) Archive regions: 0->0
[2020-04-14T17:17:22.303-0400][8.278s] GC(3) Humongous regions: 4->4
[2020-04-14T17:17:22.303-0400][8.278s] GC(3) Metaspace: 29322K->29322K(1075200K)
[2020-04-14T17:17:22.303-0400][8.278s] GC(3) Pause Young (Normal) (G1 Evacuation Pause) 85M->27M(512M) 23.289ms
[2020-04-14T17:17:22.303-0400][8.278s] GC(3) User=0.06s Sys=0.00s Real=0.02s
[2020-04-14T17:17:23.737-0400][9.713s] GC(4) Pause Young (Normal) (G1 Evacuation Pause)
[2020-04-14T17:17:23.737-0400][9.713s] GC(4) Using 4 workers of 4 for evacuation
[2020-04-14T17:17:23.745-0400][9.721s] GC(4)   Pre Evacuate Collection Set: 0.0ms
[2020-04-14T17:17:23.745-0400][9.721s] GC(4)   Evacuate Collection Set: 7.0ms
[2020-04-14T17:17:23.745-0400][9.721s] GC(4)   Post Evacuate Collection Set: 0.4ms
[2020-04-14T17:17:23.745-0400][9.721s] GC(4)   Other: 0.3ms
[2020-04-14T17:17:23.745-0400][9.721s] GC(4) Eden regions: 107->0(128)
[2020-04-14T17:17:23.745-0400][9.721s] GC(4) Survivor regions: 5->7(14)
[2020-04-14T17:17:23.745-0400][9.721s] GC(4) Old regions: 19->19
[2020-04-14T17:17:23.745-0400][9.721s] GC(4) Archive regions: 0->0
[2020-04-14T17:17:23.745-0400][9.721s] GC(4) Humongous regions: 5->4
[2020-04-14T17:17:23.745-0400][9.721s] GC(4) Metaspace: 34687K->34687K(1081344K)
[2020-04-14T17:17:23.745-0400][9.721s] GC(4) Pause Young (Normal) (G1 Evacuation Pause) 135M->28M(512M) 8.148ms
[2020-04-14T17:17:23.746-0400][9.721s] GC(4) User=0.06s Sys=0.00s Real=0.01s
[2020-04-14T17:17:23.782-0400][9.758s] GC(5) Pause Young (Concurrent Start) (Metadata GC Threshold)
[2020-04-14T17:17:23.782-0400][9.758s] GC(5) Using 4 workers of 4 for evacuation
[2020-04-14T17:17:23.790-0400][9.766s] GC(5)   Pre Evacuate Collection Set: 0.1ms
[2020-04-14T17:17:23.790-0400][9.766s] GC(5)   Evacuate Collection Set: 7.5ms
[2020-04-14T17:17:23.790-0400][9.766s] GC(5)   Post Evacuate Collection Set: 0.3ms
[2020-04-14T17:17:23.790-0400][9.766s] GC(5)   Other: 0.3ms
[2020-04-14T17:17:23.790-0400][9.766s] GC(5) Eden regions: 18->0(151)
[2020-04-14T17:17:23.790-0400][9.766s] GC(5) Survivor regions: 7->7(17)
[2020-04-14T17:17:23.790-0400][9.766s] GC(5) Old regions: 19->19
[2020-04-14T17:17:23.790-0400][9.766s] GC(5) Archive regions: 0->0
[2020-04-14T17:17:23.790-0400][9.766s] GC(5) Humongous regions: 4->4
[2020-04-14T17:17:23.790-0400][9.766s] GC(5) Metaspace: 34773K->34773K(1081344K)
[2020-04-14T17:17:23.790-0400][9.766s] GC(5) Pause Young (Concurrent Start) (Metadata GC Threshold) 46M->29M(512M) 8.403ms
[2020-04-14T17:17:23.790-0400][9.766s] GC(5) User=0.06s Sys=0.00s Real=0.01s
[2020-04-14T17:17:23.790-0400][9.766s] GC(6) Concurrent Cycle
[2020-04-14T17:17:23.790-0400][9.766s] GC(6) Concurrent Clear Claimed Marks
[2020-04-14T17:17:23.790-0400][9.766s] GC(6) Concurrent Clear Claimed Marks 0.048ms
[2020-04-14T17:17:23.790-0400][9.766s] GC(6) Concurrent Scan Root Regions
[2020-04-14T17:17:23.798-0400][9.773s] GC(6) Concurrent Scan Root Regions 7.306ms
[2020-04-14T17:17:23.798-0400][9.774s] GC(6) Concurrent Mark (9.774s)
[2020-04-14T17:17:23.798-0400][9.774s] GC(6) Concurrent Mark From Roots
[2020-04-14T17:17:23.798-0400][9.774s] GC(6) Using 1 workers of 1 for marking
[2020-04-14T17:17:23.856-0400][9.832s] GC(6) Concurrent Mark From Roots 58.299ms
[2020-04-14T17:17:23.856-0400][9.832s] GC(6) Concurrent Preclean
[2020-04-14T17:17:23.857-0400][9.832s] GC(6) Concurrent Preclean 0.318ms
[2020-04-14T17:17:23.857-0400][9.832s] GC(6) Concurrent Mark (9.774s, 9.832s) 58.840ms
[2020-04-14T17:17:23.857-0400][9.833s] GC(6) Pause Remark
[2020-04-14T17:17:23.859-0400][9.835s] GC(6) Cleaned string table, strings: 19974 processed, 24 removed
[2020-04-14T17:17:23.859-0400][9.835s] GC(6) Pause Remark 38M->38M(512M) 2.367ms
[2020-04-14T17:17:23.859-0400][9.835s] GC(6) User=0.00s Sys=0.00s Real=0.00s
[2020-04-14T17:17:23.859-0400][9.835s] GC(6) Concurrent Rebuild Remembered Sets
[2020-04-14T17:17:23.891-0400][9.866s] GC(6) Concurrent Rebuild Remembered Sets 31.203ms
[2020-04-14T17:17:23.891-0400][9.867s] GC(6) Pause Cleanup
[2020-04-14T17:17:23.891-0400][9.867s] GC(6) Pause Cleanup 43M->43M(512M) 0.221ms
[2020-04-14T17:17:23.892-0400][9.867s] GC(6) User=0.00s Sys=0.00s Real=0.00s
[2020-04-14T17:17:23.892-0400][9.867s] GC(6) Concurrent Cleanup for Next Mark
[2020-04-14T17:17:23.893-0400][9.869s] GC(6) Concurrent Cleanup for Next Mark 1.464ms
[2020-04-14T17:17:23.893-0400][9.869s] GC(6) Concurrent Cycle 102.762ms
[2020-04-14T17:17:26.031-0400][12.006s] GC(7) Pause Young (Normal) (G1 Evacuation Pause)
[2020-04-14T17:17:26.031-0400][12.006s] GC(7) Using 4 workers of 4 for evacuation
[2020-04-14T17:17:26.045-0400][12.020s] GC(7)   Pre Evacuate Collection Set: 0.0ms
[2020-04-14T17:17:26.046-0400][12.020s] GC(7)   Evacuate Collection Set: 13.5ms
[2020-04-14T17:17:26.046-0400][12.021s] GC(7)   Post Evacuate Collection Set: 0.4ms
[2020-04-14T17:17:26.046-0400][12.021s] GC(7)   Other: 0.3ms
[2020-04-14T17:17:26.046-0400][12.021s] GC(7) Eden regions: 156->0(261)
[2020-04-14T17:17:26.046-0400][12.021s] GC(7) Survivor regions: 7->12(21)
[2020-04-14T17:17:26.046-0400][12.021s] GC(7) Old regions: 19->19
[2020-04-14T17:17:26.046-0400][12.021s] GC(7) Archive regions: 0->0
[2020-04-14T17:17:26.046-0400][12.021s] GC(7) Humongous regions: 4->4
[2020-04-14T17:17:26.046-0400][12.021s] GC(7) Metaspace: 42591K->42591K(1087488K)
[2020-04-14T17:17:26.046-0400][12.021s] GC(7) Pause Young (Normal) (G1 Evacuation Pause) 185M->33M(512M) 14.950ms
[2020-04-14T17:17:26.046-0400][12.021s] GC(7) User=0.06s Sys=0.00s Real=0.02s
