[2020-04-14T21:10:05.797-0400][1.108s] Heap region size: 1M
[2020-04-14T21:10:10.175-0400][5.486s] Using G1
[2020-04-14T21:10:10.175-0400][5.487s] Heap address: 0x00000000e0000000, size: 512 MB, Compressed Oops mode: 32-bit
[2020-04-14T21:10:11.554-0400][6.865s] Periodic GC disabled
[2020-04-14T21:10:34.634-0400][29.945s] GC(0) Pause Young (Normal) (G1 Evacuation Pause)
[2020-04-14T21:10:34.635-0400][29.946s] GC(0) Using 4 workers of 4 for evacuation
[2020-04-14T21:10:34.884-0400][30.195s] GC(0)   Pre Evacuate Collection Set: 0.1ms
[2020-04-14T21:10:34.884-0400][30.196s] GC(0)   Evacuate Collection Set: 247.7ms
[2020-04-14T21:10:34.884-0400][30.196s] GC(0)   Post Evacuate Collection Set: 0.9ms
[2020-04-14T21:10:34.885-0400][30.196s] GC(0)   Other: 1.9ms
[2020-04-14T21:10:34.887-0400][30.198s] GC(0) Eden regions: 25->0(304)
[2020-04-14T21:10:34.887-0400][30.198s] GC(0) Survivor regions: 0->3(4)
[2020-04-14T21:10:34.887-0400][30.198s] GC(0) Old regions: 0->0
[2020-04-14T21:10:34.887-0400][30.198s] GC(0) Archive regions: 0->0
[2020-04-14T21:10:34.887-0400][30.198s] GC(0) Humongous regions: 0->0
[2020-04-14T21:10:34.887-0400][30.199s] GC(0) Metaspace: 5424K->5424K(1056768K)
[2020-04-14T21:10:34.888-0400][30.199s] GC(0) Pause Young (Normal) (G1 Evacuation Pause) 25M->2M(512M) 253.903ms
[2020-04-14T21:10:34.888-0400][30.199s] GC(0) User=0.08s Sys=0.02s Real=0.25s
[2020-04-14T21:11:01.708-0400][57.020s] GC(1) Pause Young (Concurrent Start) (Metadata GC Threshold)
[2020-04-14T21:11:01.709-0400][57.020s] GC(1) Using 4 workers of 4 for evacuation
[2020-04-14T21:11:01.749-0400][57.060s] GC(1)   Pre Evacuate Collection Set: 0.0ms
[2020-04-14T21:11:01.749-0400][57.060s] GC(1)   Evacuate Collection Set: 37.6ms
[2020-04-14T21:11:01.749-0400][57.060s] GC(1)   Post Evacuate Collection Set: 1.9ms
[2020-04-14T21:11:01.749-0400][57.061s] GC(1)   Other: 0.9ms
[2020-04-14T21:11:01.749-0400][57.061s] GC(1) Eden regions: 112->0(67)
[2020-04-14T21:11:01.749-0400][57.061s] GC(1) Survivor regions: 3->19(34)
[2020-04-14T21:11:01.749-0400][57.061s] GC(1) Old regions: 0->0
[2020-04-14T21:11:01.749-0400][57.061s] GC(1) Archive regions: 0->0
[2020-04-14T21:11:01.750-0400][57.061s] GC(1) Humongous regions: 4->4
[2020-04-14T21:11:01.750-0400][57.061s] GC(1) Metaspace: 20511K->20511K(1069056K)
[2020-04-14T21:11:01.750-0400][57.061s] GC(1) Pause Young (Concurrent Start) (Metadata GC Threshold) 118M->23M(512M) 41.169ms
[2020-04-14T21:11:01.750-0400][57.061s] GC(1) User=0.09s Sys=0.00s Real=0.04s
[2020-04-14T21:11:01.750-0400][57.061s] GC(2) Concurrent Cycle
[2020-04-14T21:11:01.750-0400][57.061s] GC(2) Concurrent Clear Claimed Marks
[2020-04-14T21:11:01.750-0400][57.061s] GC(2) Concurrent Clear Claimed Marks 0.085ms
[2020-04-14T21:11:01.750-0400][57.061s] GC(2) Concurrent Scan Root Regions
[2020-04-14T21:11:01.772-0400][57.083s] GC(2) Concurrent Scan Root Regions 22.046ms
[2020-04-14T21:11:01.772-0400][57.084s] GC(2) Concurrent Mark (57.084s)
[2020-04-14T21:11:01.772-0400][57.084s] GC(2) Concurrent Mark From Roots
[2020-04-14T21:11:01.772-0400][57.084s] GC(2) Using 1 workers of 1 for marking
[2020-04-14T21:11:01.780-0400][57.091s] GC(2) Concurrent Mark From Roots 7.183ms
[2020-04-14T21:11:01.780-0400][57.091s] GC(2) Concurrent Preclean
[2020-04-14T21:11:01.780-0400][57.091s] GC(2) Concurrent Preclean 0.168ms
[2020-04-14T21:11:01.780-0400][57.091s] GC(2) Concurrent Mark (57.084s, 57.091s) 7.597ms
[2020-04-14T21:11:01.780-0400][57.091s] GC(2) Pause Remark
[2020-04-14T21:11:01.784-0400][57.095s] GC(2) Cleaned string table, strings: 13275 processed, 0 removed
[2020-04-14T21:11:01.785-0400][57.096s] GC(2) Pause Remark 24M->24M(512M) 4.620ms
[2020-04-14T21:11:01.785-0400][57.096s] GC(2) User=0.00s Sys=0.00s Real=0.01s
[2020-04-14T21:11:01.785-0400][57.096s] GC(2) Concurrent Rebuild Remembered Sets
[2020-04-14T21:11:01.801-0400][57.112s] GC(2) Concurrent Rebuild Remembered Sets 15.457ms
[2020-04-14T21:11:01.802-0400][57.114s] GC(2) Pause Cleanup
[2020-04-14T21:11:01.803-0400][57.114s] GC(2) Pause Cleanup 24M->24M(512M) 0.283ms
[2020-04-14T21:11:01.803-0400][57.114s] GC(2) User=0.00s Sys=0.00s Real=0.00s
[2020-04-14T21:11:01.803-0400][57.114s] GC(2) Concurrent Cleanup for Next Mark
[2020-04-14T21:11:01.805-0400][57.116s] GC(2) Concurrent Cleanup for Next Mark 2.262ms
[2020-04-14T21:11:01.805-0400][57.117s] GC(2) Concurrent Cycle 55.427ms
[2020-04-14T21:11:04.254-0400][59.566s] GC(3) Pause Young (Normal) (G1 Evacuation Pause)
[2020-04-14T21:11:04.254-0400][59.566s] GC(3) Using 4 workers of 4 for evacuation
[2020-04-14T21:11:04.371-0400][59.683s] GC(3)   Pre Evacuate Collection Set: 0.1ms
[2020-04-14T21:11:04.371-0400][59.683s] GC(3)   Evacuate Collection Set: 114.2ms
[2020-04-14T21:11:04.371-0400][59.683s] GC(3)   Post Evacuate Collection Set: 1.7ms
[2020-04-14T21:11:04.371-0400][59.683s] GC(3)   Other: 0.8ms
[2020-04-14T21:11:04.372-0400][59.683s] GC(3) Eden regions: 61->0(89)
[2020-04-14T21:11:04.372-0400][59.683s] GC(3) Survivor regions: 19->5(10)
[2020-04-14T21:11:04.372-0400][59.683s] GC(3) Old regions: 0->19
[2020-04-14T21:11:04.372-0400][59.683s] GC(3) Archive regions: 0->0
[2020-04-14T21:11:04.372-0400][59.684s] GC(3) Humongous regions: 4->4
[2020-04-14T21:11:04.372-0400][59.684s] GC(3) Metaspace: 29132K->29132K(1075200K)
[2020-04-14T21:11:04.372-0400][59.684s] GC(3) Pause Young (Normal) (G1 Evacuation Pause) 84M->26M(512M) 117.791ms
[2020-04-14T21:11:04.372-0400][59.684s] GC(3) User=0.27s Sys=0.05s Real=0.12s
[2020-04-14T21:11:07.842-0400][63.153s] GC(4) Pause Young (Normal) (G1 Evacuation Pause)
[2020-04-14T21:11:07.842-0400][63.153s] GC(4) Using 4 workers of 4 for evacuation
[2020-04-14T21:11:07.853-0400][63.165s] GC(4)   Pre Evacuate Collection Set: 0.0ms
[2020-04-14T21:11:07.854-0400][63.165s] GC(4)   Evacuate Collection Set: 10.8ms
[2020-04-14T21:11:07.854-0400][63.165s] GC(4)   Post Evacuate Collection Set: 0.5ms
[2020-04-14T21:11:07.854-0400][63.165s] GC(4)   Other: 0.4ms
[2020-04-14T21:11:07.854-0400][63.165s] GC(4) Eden regions: 89->0(112)
[2020-04-14T21:11:07.854-0400][63.165s] GC(4) Survivor regions: 5->6(12)
[2020-04-14T21:11:07.854-0400][63.165s] GC(4) Old regions: 19->19
[2020-04-14T21:11:07.854-0400][63.165s] GC(4) Archive regions: 0->0
[2020-04-14T21:11:07.854-0400][63.165s] GC(4) Humongous regions: 5->4
[2020-04-14T21:11:07.854-0400][63.165s] GC(4) Metaspace: 33968K->33968K(1079296K)
[2020-04-14T21:11:07.854-0400][63.166s] GC(4) Pause Young (Normal) (G1 Evacuation Pause) 116M->28M(512M) 12.392ms
[2020-04-14T21:11:07.854-0400][63.166s] GC(4) User=0.05s Sys=0.00s Real=0.01s
[2020-04-14T21:11:08.310-0400][63.622s] GC(5) Pause Young (Concurrent Start) (Metadata GC Threshold)
[2020-04-14T21:11:08.311-0400][63.622s] GC(5) Using 4 workers of 4 for evacuation
[2020-04-14T21:11:08.324-0400][63.636s] GC(5)   Pre Evacuate Collection Set: 0.1ms
[2020-04-14T21:11:08.324-0400][63.636s] GC(5)   Evacuate Collection Set: 12.7ms
[2020-04-14T21:11:08.324-0400][63.636s] GC(5)   Post Evacuate Collection Set: 0.5ms
[2020-04-14T21:11:08.325-0400][63.636s] GC(5)   Other: 0.5ms
[2020-04-14T21:11:08.325-0400][63.636s] GC(5) Eden regions: 57->0(105)
[2020-04-14T21:11:08.325-0400][63.636s] GC(5) Survivor regions: 6->7(15)
[2020-04-14T21:11:08.325-0400][63.636s] GC(5) Old regions: 19->19
[2020-04-14T21:11:08.325-0400][63.636s] GC(5) Archive regions: 0->0
[2020-04-14T21:11:08.325-0400][63.636s] GC(5) Humongous regions: 4->4
[2020-04-14T21:11:08.325-0400][63.637s] GC(5) Metaspace: 34803K->34803K(1081344K)
[2020-04-14T21:11:08.325-0400][63.637s] GC(5) Pause Young (Concurrent Start) (Metadata GC Threshold) 85M->28M(512M) 14.631ms
[2020-04-14T21:11:08.325-0400][63.637s] GC(5) User=0.06s Sys=0.00s Real=0.02s
[2020-04-14T21:11:08.325-0400][63.637s] GC(6) Concurrent Cycle
[2020-04-14T21:11:08.326-0400][63.637s] GC(6) Concurrent Clear Claimed Marks
[2020-04-14T21:11:08.326-0400][63.637s] GC(6) Concurrent Clear Claimed Marks 0.109ms
[2020-04-14T21:11:08.326-0400][63.637s] GC(6) Concurrent Scan Root Regions
[2020-04-14T21:11:08.338-0400][63.650s] GC(6) Concurrent Scan Root Regions 12.537ms
[2020-04-14T21:11:08.338-0400][63.650s] GC(6) Concurrent Mark (63.650s)
[2020-04-14T21:11:08.339-0400][63.650s] GC(6) Concurrent Mark From Roots
[2020-04-14T21:11:08.339-0400][63.650s] GC(6) Using 1 workers of 1 for marking
[2020-04-14T21:11:08.448-0400][63.760s] GC(6) Concurrent Mark From Roots 109.895ms
[2020-04-14T21:11:08.449-0400][63.760s] GC(6) Concurrent Preclean
[2020-04-14T21:11:08.449-0400][63.761s] GC(6) Concurrent Preclean 0.628ms
[2020-04-14T21:11:08.450-0400][63.761s] GC(6) Concurrent Mark (63.650s, 63.761s) 111.042ms
[2020-04-14T21:11:08.453-0400][63.765s] GC(6) Pause Remark
[2020-04-14T21:11:08.457-0400][63.768s] GC(6) Cleaned string table, strings: 20015 processed, 23 removed
[2020-04-14T21:11:08.457-0400][63.769s] GC(6) Pause Remark 42M->42M(512M) 4.184ms
[2020-04-14T21:11:08.457-0400][63.769s] GC(6) User=0.00s Sys=0.00s Real=0.00s
[2020-04-14T21:11:08.457-0400][63.769s] GC(6) Concurrent Rebuild Remembered Sets
[2020-04-14T21:11:08.508-0400][63.819s] GC(6) Concurrent Rebuild Remembered Sets 50.373ms
[2020-04-14T21:11:08.508-0400][63.820s] GC(6) Pause Cleanup
[2020-04-14T21:11:08.508-0400][63.820s] GC(6) Pause Cleanup 43M->43M(512M) 0.229ms
[2020-04-14T21:11:08.508-0400][63.820s] GC(6) User=0.00s Sys=0.00s Real=0.00s
[2020-04-14T21:11:08.508-0400][63.820s] GC(6) Concurrent Cleanup for Next Mark
[2020-04-14T21:11:08.511-0400][63.823s] GC(6) Concurrent Cleanup for Next Mark 2.462ms
[2020-04-14T21:11:08.511-0400][63.823s] GC(6) Concurrent Cycle 185.630ms
[2020-04-14T21:11:10.770-0400][66.081s] GC(7) Pause Young (Normal) (G1 Evacuation Pause)
[2020-04-14T21:11:10.770-0400][66.081s] GC(7) Using 4 workers of 4 for evacuation
[2020-04-14T21:11:10.788-0400][66.099s] GC(7)   Pre Evacuate Collection Set: 0.0ms
[2020-04-14T21:11:10.788-0400][66.100s] GC(7)   Evacuate Collection Set: 17.4ms
[2020-04-14T21:11:10.788-0400][66.100s] GC(7)   Post Evacuate Collection Set: 0.5ms
[2020-04-14T21:11:10.788-0400][66.100s] GC(7)   Other: 0.3ms
[2020-04-14T21:11:10.788-0400][66.100s] GC(7) Eden regions: 107->0(135)
[2020-04-14T21:11:10.789-0400][66.100s] GC(7) Survivor regions: 7->9(15)
[2020-04-14T21:11:10.789-0400][66.100s] GC(7) Old regions: 19->19
[2020-04-14T21:11:10.789-0400][66.100s] GC(7) Archive regions: 0->0
[2020-04-14T21:11:10.789-0400][66.100s] GC(7) Humongous regions: 4->4
[2020-04-14T21:11:10.789-0400][66.100s] GC(7) Metaspace: 39766K->39766K(1085440K)
[2020-04-14T21:11:10.789-0400][66.100s] GC(7) Pause Young (Normal) (G1 Evacuation Pause) 135M->30M(512M) 18.961ms
[2020-04-14T21:11:10.789-0400][66.100s] GC(7) User=0.06s Sys=0.00s Real=0.02s
