[2020-04-28T22:53:12.455-0400][0.081s] Heap region size: 1M
[2020-04-28T22:53:12.996-0400][0.622s] Using G1
[2020-04-28T22:53:12.997-0400][0.623s] Heap address: 0x00000000e0000000, size: 512 MB, Compressed Oops mode: 32-bit
[2020-04-28T22:53:13.073-0400][0.698s] Periodic GC disabled
[2020-04-28T22:53:15.459-0400][3.085s] GC(0) Pause Young (Normal) (G1 Evacuation Pause)
[2020-04-28T22:53:15.459-0400][3.085s] GC(0) Using 4 workers of 4 for evacuation
[2020-04-28T22:53:15.465-0400][3.091s] GC(0)   Pre Evacuate Collection Set: 0.1ms
[2020-04-28T22:53:15.465-0400][3.091s] GC(0)   Evacuate Collection Set: 5.1ms
[2020-04-28T22:53:15.465-0400][3.091s] GC(0)   Post Evacuate Collection Set: 0.5ms
[2020-04-28T22:53:15.465-0400][3.091s] GC(0)   Other: 0.9ms
[2020-04-28T22:53:15.466-0400][3.092s] GC(0) Eden regions: 25->0(304)
[2020-04-28T22:53:15.466-0400][3.092s] GC(0) Survivor regions: 0->3(4)
[2020-04-28T22:53:15.466-0400][3.092s] GC(0) Old regions: 0->0
[2020-04-28T22:53:15.466-0400][3.092s] GC(0) Archive regions: 0->0
[2020-04-28T22:53:15.466-0400][3.092s] GC(0) Humongous regions: 0->0
[2020-04-28T22:53:15.466-0400][3.092s] GC(0) Metaspace: 5380K->5380K(1056768K)
[2020-04-28T22:53:15.466-0400][3.092s] GC(0) Pause Young (Normal) (G1 Evacuation Pause) 25M->2M(512M) 7.710ms
[2020-04-28T22:53:15.466-0400][3.092s] GC(0) User=0.03s Sys=0.00s Real=0.01s
[2020-04-28T22:53:18.849-0400][6.475s] GC(1) Pause Young (Concurrent Start) (Metadata GC Threshold)
[2020-04-28T22:53:18.849-0400][6.475s] GC(1) Using 4 workers of 4 for evacuation
[2020-04-28T22:53:18.872-0400][6.498s] GC(1)   Pre Evacuate Collection Set: 0.0ms
[2020-04-28T22:53:18.872-0400][6.499s] GC(1)   Evacuate Collection Set: 21.4ms
[2020-04-28T22:53:18.872-0400][6.499s] GC(1)   Post Evacuate Collection Set: 1.3ms
[2020-04-28T22:53:18.872-0400][6.499s] GC(1)   Other: 0.7ms
[2020-04-28T22:53:18.872-0400][6.499s] GC(1) Eden regions: 110->0(67)
[2020-04-28T22:53:18.872-0400][6.499s] GC(1) Survivor regions: 3->19(34)
[2020-04-28T22:53:18.872-0400][6.499s] GC(1) Old regions: 0->0
[2020-04-28T22:53:18.873-0400][6.499s] GC(1) Archive regions: 0->0
[2020-04-28T22:53:18.873-0400][6.499s] GC(1) Humongous regions: 4->4
[2020-04-28T22:53:18.873-0400][6.499s] GC(1) Metaspace: 20531K->20531K(1069056K)
[2020-04-28T22:53:18.873-0400][6.499s] GC(1) Pause Young (Concurrent Start) (Metadata GC Threshold) 116M->22M(512M) 23.691ms
[2020-04-28T22:53:18.873-0400][6.499s] GC(1) User=0.13s Sys=0.00s Real=0.02s
[2020-04-28T22:53:18.873-0400][6.499s] GC(2) Concurrent Cycle
[2020-04-28T22:53:18.873-0400][6.499s] GC(2) Concurrent Clear Claimed Marks
[2020-04-28T22:53:18.873-0400][6.499s] GC(2) Concurrent Clear Claimed Marks 0.060ms
[2020-04-28T22:53:18.873-0400][6.499s] GC(2) Concurrent Scan Root Regions
[2020-04-28T22:53:18.887-0400][6.513s] GC(2) Concurrent Scan Root Regions 13.844ms
[2020-04-28T22:53:18.887-0400][6.513s] GC(2) Concurrent Mark (6.513s)
[2020-04-28T22:53:18.887-0400][6.513s] GC(2) Concurrent Mark From Roots
[2020-04-28T22:53:18.887-0400][6.513s] GC(2) Using 1 workers of 1 for marking
[2020-04-28T22:53:18.890-0400][6.516s] GC(2) Concurrent Mark From Roots 2.937ms
[2020-04-28T22:53:18.890-0400][6.516s] GC(2) Concurrent Preclean
[2020-04-28T22:53:18.890-0400][6.516s] GC(2) Concurrent Preclean 0.082ms
[2020-04-28T22:53:18.890-0400][6.516s] GC(2) Concurrent Mark (6.513s, 6.516s) 3.149ms
[2020-04-28T22:53:18.890-0400][6.516s] GC(2) Pause Remark
[2020-04-28T22:53:18.892-0400][6.519s] GC(2) Cleaned string table, strings: 13258 processed, 0 removed
[2020-04-28T22:53:18.893-0400][6.519s] GC(2) Pause Remark 23M->23M(512M) 2.583ms
[2020-04-28T22:53:18.893-0400][6.519s] GC(2) User=0.00s Sys=0.00s Real=0.00s
[2020-04-28T22:53:18.893-0400][6.519s] GC(2) Concurrent Rebuild Remembered Sets
[2020-04-28T22:53:18.895-0400][6.521s] GC(2) Concurrent Rebuild Remembered Sets 2.477ms
[2020-04-28T22:53:18.896-0400][6.522s] GC(2) Pause Cleanup
[2020-04-28T22:53:18.896-0400][6.522s] GC(2) Pause Cleanup 23M->23M(512M) 0.149ms
[2020-04-28T22:53:18.896-0400][6.522s] GC(2) User=0.00s Sys=0.00s Real=0.00s
[2020-04-28T22:53:18.896-0400][6.522s] GC(2) Concurrent Cleanup for Next Mark
[2020-04-28T22:53:18.896-0400][6.523s] GC(2) Concurrent Cleanup for Next Mark 0.718ms
[2020-04-28T22:53:18.897-0400][6.523s] GC(2) Concurrent Cycle 23.855ms
[2020-04-28T22:53:20.137-0400][7.764s] GC(3) Pause Young (Normal) (G1 Evacuation Pause)
[2020-04-28T22:53:20.137-0400][7.764s] GC(3) Using 4 workers of 4 for evacuation
[2020-04-28T22:53:20.164-0400][7.791s] GC(3)   Pre Evacuate Collection Set: 0.0ms
[2020-04-28T22:53:20.164-0400][7.791s] GC(3)   Evacuate Collection Set: 26.3ms
[2020-04-28T22:53:20.164-0400][7.791s] GC(3)   Post Evacuate Collection Set: 0.7ms
[2020-04-28T22:53:20.164-0400][7.791s] GC(3)   Other: 0.3ms
[2020-04-28T22:53:20.165-0400][7.791s] GC(3) Eden regions: 61->0(94)
[2020-04-28T22:53:20.165-0400][7.791s] GC(3) Survivor regions: 19->4(10)
[2020-04-28T22:53:20.165-0400][7.791s] GC(3) Old regions: 0->19
[2020-04-28T22:53:20.165-0400][7.791s] GC(3) Archive regions: 0->0
[2020-04-28T22:53:20.165-0400][7.791s] GC(3) Humongous regions: 4->4
[2020-04-28T22:53:20.165-0400][7.791s] GC(3) Metaspace: 29004K->29004K(1075200K)
[2020-04-28T22:53:20.165-0400][7.791s] GC(3) Pause Young (Normal) (G1 Evacuation Pause) 83M->26M(512M) 27.623ms
[2020-04-28T22:53:20.165-0400][7.791s] GC(3) User=0.03s Sys=0.00s Real=0.03s
[2020-04-28T22:53:21.370-0400][8.996s] GC(4) Pause Young (Normal) (G1 Evacuation Pause)
[2020-04-28T22:53:21.370-0400][8.996s] GC(4) Using 4 workers of 4 for evacuation
[2020-04-28T22:53:21.377-0400][9.003s] GC(4)   Pre Evacuate Collection Set: 0.0ms
[2020-04-28T22:53:21.377-0400][9.003s] GC(4)   Evacuate Collection Set: 6.6ms
[2020-04-28T22:53:21.377-0400][9.003s] GC(4)   Post Evacuate Collection Set: 0.3ms
[2020-04-28T22:53:21.377-0400][9.003s] GC(4)   Other: 0.2ms
[2020-04-28T22:53:21.377-0400][9.003s] GC(4) Eden regions: 94->0(111)
[2020-04-28T22:53:21.377-0400][9.003s] GC(4) Survivor regions: 4->6(13)
[2020-04-28T22:53:21.377-0400][9.003s] GC(4) Old regions: 19->19
[2020-04-28T22:53:21.377-0400][9.003s] GC(4) Archive regions: 0->0
[2020-04-28T22:53:21.377-0400][9.003s] GC(4) Humongous regions: 5->4
[2020-04-28T22:53:21.377-0400][9.003s] GC(4) Metaspace: 34255K->34255K(1081344K)
[2020-04-28T22:53:21.377-0400][9.003s] GC(4) Pause Young (Normal) (G1 Evacuation Pause) 121M->28M(512M) 7.476ms
[2020-04-28T22:53:21.377-0400][9.003s] GC(4) User=0.06s Sys=0.00s Real=0.01s
[2020-04-28T22:53:21.629-0400][9.255s] GC(5) Pause Young (Concurrent Start) (Metadata GC Threshold)
[2020-04-28T22:53:21.629-0400][9.255s] GC(5) Using 4 workers of 4 for evacuation
[2020-04-28T22:53:21.637-0400][9.263s] GC(5)   Pre Evacuate Collection Set: 0.1ms
[2020-04-28T22:53:21.637-0400][9.263s] GC(5)   Evacuate Collection Set: 7.3ms
[2020-04-28T22:53:21.637-0400][9.263s] GC(5)   Post Evacuate Collection Set: 0.4ms
[2020-04-28T22:53:21.637-0400][9.263s] GC(5)   Other: 0.3ms
[2020-04-28T22:53:21.637-0400][9.263s] GC(5) Eden regions: 67->0(111)
[2020-04-28T22:53:21.637-0400][9.263s] GC(5) Survivor regions: 6->7(15)
[2020-04-28T22:53:21.637-0400][9.263s] GC(5) Old regions: 19->19
[2020-04-28T22:53:21.637-0400][9.263s] GC(5) Archive regions: 0->0
[2020-04-28T22:53:21.637-0400][9.263s] GC(5) Humongous regions: 4->4
[2020-04-28T22:53:21.637-0400][9.263s] GC(5) Metaspace: 35010K->35010K(1081344K)
[2020-04-28T22:53:21.637-0400][9.263s] GC(5) Pause Young (Concurrent Start) (Metadata GC Threshold) 95M->29M(512M) 8.388ms
[2020-04-28T22:53:21.638-0400][9.263s] GC(5) User=0.06s Sys=0.00s Real=0.01s
[2020-04-28T22:53:21.638-0400][9.263s] GC(6) Concurrent Cycle
[2020-04-28T22:53:21.638-0400][9.263s] GC(6) Concurrent Clear Claimed Marks
[2020-04-28T22:53:21.638-0400][9.263s] GC(6) Concurrent Clear Claimed Marks 0.064ms
[2020-04-28T22:53:21.638-0400][9.263s] GC(6) Concurrent Scan Root Regions
[2020-04-28T22:53:21.644-0400][9.269s] GC(6) Concurrent Scan Root Regions 5.992ms
[2020-04-28T22:53:21.644-0400][9.270s] GC(6) Concurrent Mark (9.270s)
[2020-04-28T22:53:21.644-0400][9.270s] GC(6) Concurrent Mark From Roots
[2020-04-28T22:53:21.644-0400][9.270s] GC(6) Using 1 workers of 1 for marking
[2020-04-28T22:53:21.692-0400][9.317s] GC(6) Concurrent Mark From Roots 47.703ms
[2020-04-28T22:53:21.692-0400][9.317s] GC(6) Concurrent Preclean
[2020-04-28T22:53:21.692-0400][9.318s] GC(6) Concurrent Preclean 0.270ms
[2020-04-28T22:53:21.692-0400][9.318s] GC(6) Concurrent Mark (9.270s, 9.318s) 48.154ms
[2020-04-28T22:53:21.692-0400][9.318s] GC(6) Pause Remark
[2020-04-28T22:53:21.694-0400][9.320s] GC(6) Cleaned string table, strings: 20096 processed, 24 removed
[2020-04-28T22:53:21.694-0400][9.320s] GC(6) Pause Remark 32M->32M(512M) 2.252ms
[2020-04-28T22:53:21.694-0400][9.320s] GC(6) User=0.00s Sys=0.00s Real=0.00s
[2020-04-28T22:53:21.695-0400][9.320s] GC(6) Concurrent Rebuild Remembered Sets
[2020-04-28T22:53:21.721-0400][9.347s] GC(6) Concurrent Rebuild Remembered Sets 26.892ms
[2020-04-28T22:53:21.722-0400][9.347s] GC(6) Pause Cleanup
[2020-04-28T22:53:21.722-0400][9.348s] GC(6) Pause Cleanup 34M->34M(512M) 0.141ms
[2020-04-28T22:53:21.722-0400][9.348s] GC(6) User=0.00s Sys=0.00s Real=0.00s
[2020-04-28T22:53:21.722-0400][9.348s] GC(6) Concurrent Cleanup for Next Mark
[2020-04-28T22:53:21.723-0400][9.348s] GC(6) Concurrent Cleanup for Next Mark 0.707ms
[2020-04-28T22:53:21.723-0400][9.348s] GC(6) Concurrent Cycle 85.112ms
[2020-04-28T22:53:23.115-0400][10.741s] GC(7) Pause Young (Concurrent Start) (G1 Evacuation Pause)
[2020-04-28T22:53:23.115-0400][10.741s] GC(7) Using 4 workers of 4 for evacuation
[2020-04-28T22:53:23.132-0400][10.758s] GC(7)   Pre Evacuate Collection Set: 0.1ms
[2020-04-28T22:53:23.132-0400][10.758s] GC(7)   Evacuate Collection Set: 15.6ms
[2020-04-28T22:53:23.132-0400][10.758s] GC(7)   Post Evacuate Collection Set: 0.4ms
[2020-04-28T22:53:23.132-0400][10.758s] GC(7)   Other: 0.9ms
[2020-04-28T22:53:23.132-0400][10.758s] GC(7) Eden regions: 113->0(252)
[2020-04-28T22:53:23.132-0400][10.758s] GC(7) Survivor regions: 7->10(15)
[2020-04-28T22:53:23.132-0400][10.758s] GC(7) Old regions: 19->19
[2020-04-28T22:53:23.132-0400][10.758s] GC(7) Archive regions: 0->0
[2020-04-28T22:53:23.132-0400][10.758s] GC(7) Humongous regions: 4->4
[2020-04-28T22:53:23.133-0400][10.758s] GC(7) Metaspace: 40585K->40585K(1085440K)
[2020-04-28T22:53:23.133-0400][10.758s] GC(7) Pause Young (Concurrent Start) (G1 Evacuation Pause) 142M->32M(512M) 17.602ms
[2020-04-28T22:53:23.133-0400][10.759s] GC(7) User=0.03s Sys=0.00s Real=0.02s
[2020-04-28T22:53:23.133-0400][10.759s] GC(8) Concurrent Cycle
[2020-04-28T22:53:23.133-0400][10.759s] GC(8) Concurrent Clear Claimed Marks
[2020-04-28T22:53:23.133-0400][10.759s] GC(8) Concurrent Clear Claimed Marks 0.079ms
[2020-04-28T22:53:23.133-0400][10.759s] GC(8) Concurrent Scan Root Regions
[2020-04-28T22:53:23.144-0400][10.770s] GC(8) Concurrent Scan Root Regions 11.138ms
[2020-04-28T22:53:23.144-0400][10.770s] GC(8) Concurrent Mark (10.770s)
[2020-04-28T22:53:23.144-0400][10.770s] GC(8) Concurrent Mark From Roots
[2020-04-28T22:53:23.144-0400][10.770s] GC(8) Using 1 workers of 1 for marking
[2020-04-28T22:53:23.211-0400][10.837s] GC(8) Concurrent Mark From Roots 67.284ms
[2020-04-28T22:53:23.212-0400][10.837s] GC(8) Concurrent Preclean
[2020-04-28T22:53:23.212-0400][10.838s] GC(8) Concurrent Preclean 0.181ms
[2020-04-28T22:53:23.212-0400][10.838s] GC(8) Concurrent Mark (10.770s, 10.838s) 67.643ms
[2020-04-28T22:53:23.212-0400][10.838s] GC(8) Pause Remark
[2020-04-28T22:53:23.215-0400][10.841s] GC(8) Cleaned string table, strings: 22659 processed, 0 removed
[2020-04-28T22:53:23.215-0400][10.841s] GC(8) Pause Remark 36M->36M(512M) 2.662ms
[2020-04-28T22:53:23.215-0400][10.841s] GC(8) User=0.06s Sys=0.00s Real=0.00s
[2020-04-28T22:53:23.215-0400][10.841s] GC(8) Concurrent Rebuild Remembered Sets
[2020-04-28T22:53:23.236-0400][10.861s] GC(8) Concurrent Rebuild Remembered Sets 20.572ms
[2020-04-28T22:53:23.236-0400][10.862s] GC(8) Pause Cleanup
[2020-04-28T22:53:23.236-0400][10.862s] GC(8) Pause Cleanup 37M->37M(512M) 0.124ms
[2020-04-28T22:53:23.236-0400][10.862s] GC(8) User=0.00s Sys=0.00s Real=0.00s
[2020-04-28T22:53:23.236-0400][10.862s] GC(8) Concurrent Cleanup for Next Mark
[2020-04-28T22:53:23.237-0400][10.862s] GC(8) Concurrent Cleanup for Next Mark 0.663ms
[2020-04-28T22:53:23.237-0400][10.863s] GC(8) Concurrent Cycle 104.030ms
[2020-04-29T01:57:04.810-0400][11032.436s] Heap
[2020-04-29T01:57:04.812-0400][11032.438s]  garbage-first heap   total 524288K, used 207962K [0x00000000e0000000, 0x0000000100000000)
[2020-04-29T01:57:04.812-0400][11032.439s]   region size 1024K, 180 young (184320K), 10 survivors (10240K)
[2020-04-29T01:57:04.812-0400][11032.439s]  Metaspace       used 47521K, capacity 48640K, committed 48688K, reserved 1091584K
[2020-04-29T01:57:04.812-0400][11032.439s]   class space    used 5559K, capacity 5997K, committed 6016K, reserved 1048576K
