[2020-04-16T22:04:59.946-0400][0.034s] Heap region size: 1M
[2020-04-16T22:05:00.229-0400][0.317s] Using G1
[2020-04-16T22:05:00.229-0400][0.317s] Heap address: 0x00000000e0000000, size: 512 MB, Compressed Oops mode: 32-bit
[2020-04-16T22:05:00.255-0400][0.343s] Periodic GC disabled
[2020-04-16T22:05:02.398-0400][2.486s] GC(0) Pause Young (Normal) (G1 Evacuation Pause)
[2020-04-16T22:05:02.398-0400][2.486s] GC(0) Using 4 workers of 4 for evacuation
[2020-04-16T22:05:02.403-0400][2.491s] GC(0)   Pre Evacuate Collection Set: 0.0ms
[2020-04-16T22:05:02.403-0400][2.491s] GC(0)   Evacuate Collection Set: 3.7ms
[2020-04-16T22:05:02.403-0400][2.491s] GC(0)   Post Evacuate Collection Set: 0.4ms
[2020-04-16T22:05:02.403-0400][2.491s] GC(0)   Other: 0.7ms
[2020-04-16T22:05:02.444-0400][2.532s] GC(0) Eden regions: 25->0(304)
[2020-04-16T22:05:02.444-0400][2.532s] GC(0) Survivor regions: 0->3(4)
[2020-04-16T22:05:02.444-0400][2.532s] GC(0) Old regions: 0->0
[2020-04-16T22:05:02.444-0400][2.532s] GC(0) Archive regions: 0->0
[2020-04-16T22:05:02.444-0400][2.532s] GC(0) Humongous regions: 0->0
[2020-04-16T22:05:02.477-0400][2.565s] GC(0) Metaspace: 5397K->5397K(1056768K)
[2020-04-16T22:05:02.477-0400][2.565s] GC(0) Pause Young (Normal) (G1 Evacuation Pause) 25M->2M(512M) 78.798ms
[2020-04-16T22:05:02.477-0400][2.565s] GC(0) User=0.08s Sys=0.00s Real=0.08s
[2020-04-16T22:05:08.643-0400][8.731s] GC(1) Pause Young (Concurrent Start) (Metadata GC Threshold)
[2020-04-16T22:05:08.643-0400][8.731s] GC(1) Using 4 workers of 4 for evacuation
[2020-04-16T22:05:08.667-0400][8.756s] GC(1)   Pre Evacuate Collection Set: 0.0ms
[2020-04-16T22:05:08.667-0400][8.756s] GC(1)   Evacuate Collection Set: 22.4ms
[2020-04-16T22:05:08.667-0400][8.756s] GC(1)   Post Evacuate Collection Set: 1.4ms
[2020-04-16T22:05:08.667-0400][8.756s] GC(1)   Other: 0.8ms
[2020-04-16T22:05:08.667-0400][8.756s] GC(1) Eden regions: 122->0(79)
[2020-04-16T22:05:08.667-0400][8.756s] GC(1) Survivor regions: 3->20(34)
[2020-04-16T22:05:08.668-0400][8.756s] GC(1) Old regions: 0->0
[2020-04-16T22:05:08.668-0400][8.756s] GC(1) Archive regions: 0->0
[2020-04-16T22:05:08.668-0400][8.756s] GC(1) Humongous regions: 4->4
[2020-04-16T22:05:08.668-0400][8.756s] GC(1) Metaspace: 20435K->20435K(1069056K)
[2020-04-16T22:05:08.668-0400][8.756s] GC(1) Pause Young (Concurrent Start) (Metadata GC Threshold) 128M->23M(512M) 25.094ms
[2020-04-16T22:05:08.668-0400][8.756s] GC(1) User=0.13s Sys=0.00s Real=0.03s
[2020-04-16T22:05:08.668-0400][8.756s] GC(2) Concurrent Cycle
[2020-04-16T22:05:08.668-0400][8.756s] GC(2) Concurrent Clear Claimed Marks
[2020-04-16T22:05:08.668-0400][8.756s] GC(2) Concurrent Clear Claimed Marks 0.059ms
[2020-04-16T22:05:08.668-0400][8.756s] GC(2) Concurrent Scan Root Regions
[2020-04-16T22:05:08.683-0400][8.771s] GC(2) Concurrent Scan Root Regions 14.759ms
[2020-04-16T22:05:08.683-0400][8.771s] GC(2) Concurrent Mark (8.771s)
[2020-04-16T22:05:08.683-0400][8.771s] GC(2) Concurrent Mark From Roots
[2020-04-16T22:05:08.683-0400][8.771s] GC(2) Using 1 workers of 1 for marking
[2020-04-16T22:05:08.691-0400][8.780s] GC(2) Concurrent Mark From Roots 8.423ms
[2020-04-16T22:05:08.691-0400][8.780s] GC(2) Concurrent Preclean
[2020-04-16T22:05:08.692-0400][8.780s] GC(2) Concurrent Preclean 0.129ms
[2020-04-16T22:05:08.692-0400][8.780s] GC(2) Concurrent Mark (8.771s, 8.780s) 8.725ms
[2020-04-16T22:05:08.692-0400][8.780s] GC(2) Pause Remark
[2020-04-16T22:05:08.696-0400][8.785s] GC(2) Cleaned string table, strings: 13267 processed, 0 removed
[2020-04-16T22:05:08.697-0400][8.785s] GC(2) Pause Remark 24M->24M(512M) 4.855ms
[2020-04-16T22:05:08.697-0400][8.785s] GC(2) User=0.06s Sys=0.00s Real=0.01s
[2020-04-16T22:05:08.697-0400][8.785s] GC(2) Concurrent Rebuild Remembered Sets
[2020-04-16T22:05:08.699-0400][8.788s] GC(2) Concurrent Rebuild Remembered Sets 2.678ms
[2020-04-16T22:05:08.700-0400][8.788s] GC(2) Pause Cleanup
[2020-04-16T22:05:08.700-0400][8.788s] GC(2) Pause Cleanup 24M->24M(512M) 0.191ms
[2020-04-16T22:05:08.700-0400][8.789s] GC(2) User=0.00s Sys=0.00s Real=0.00s
[2020-04-16T22:05:08.700-0400][8.789s] GC(2) Concurrent Cleanup for Next Mark
[2020-04-16T22:05:08.702-0400][8.790s] GC(2) Concurrent Cleanup for Next Mark 1.458ms
[2020-04-16T22:05:08.702-0400][8.790s] GC(2) Concurrent Cycle 33.834ms
[2020-04-16T22:05:10.472-0400][10.561s] GC(3) Pause Young (Normal) (G1 Evacuation Pause)
[2020-04-16T22:05:10.473-0400][10.561s] GC(3) Using 4 workers of 4 for evacuation
[2020-04-16T22:05:10.497-0400][10.586s] GC(3)   Pre Evacuate Collection Set: 0.0ms
[2020-04-16T22:05:10.497-0400][10.586s] GC(3)   Evacuate Collection Set: 23.6ms
[2020-04-16T22:05:10.497-0400][10.586s] GC(3)   Post Evacuate Collection Set: 0.9ms
[2020-04-16T22:05:10.497-0400][10.586s] GC(3)   Other: 0.3ms
[2020-04-16T22:05:10.497-0400][10.586s] GC(3) Eden regions: 73->0(116)
[2020-04-16T22:05:10.498-0400][10.586s] GC(3) Survivor regions: 20->5(12)
[2020-04-16T22:05:10.498-0400][10.586s] GC(3) Old regions: 0->19
[2020-04-16T22:05:10.498-0400][10.586s] GC(3) Archive regions: 0->0
[2020-04-16T22:05:10.498-0400][10.586s] GC(3) Humongous regions: 4->4
[2020-04-16T22:05:10.498-0400][10.586s] GC(3) Metaspace: 29929K->29929K(1077248K)
[2020-04-16T22:05:10.498-0400][10.586s] GC(3) Pause Young (Normal) (G1 Evacuation Pause) 96M->26M(512M) 25.366ms
[2020-04-16T22:05:10.498-0400][10.586s] GC(3) User=0.11s Sys=0.00s Real=0.03s
[2020-04-16T22:05:12.278-0400][12.367s] GC(4) Pause Young (Normal) (G1 Evacuation Pause)
[2020-04-16T22:05:12.279-0400][12.367s] GC(4) Using 4 workers of 4 for evacuation
[2020-04-16T22:05:12.285-0400][12.374s] GC(4)   Pre Evacuate Collection Set: 0.0ms
[2020-04-16T22:05:12.286-0400][12.374s] GC(4)   Evacuate Collection Set: 6.4ms
[2020-04-16T22:05:12.286-0400][12.374s] GC(4)   Post Evacuate Collection Set: 0.4ms
[2020-04-16T22:05:12.286-0400][12.374s] GC(4)   Other: 0.3ms
[2020-04-16T22:05:12.286-0400][12.374s] GC(4) Eden regions: 116->0(140)
[2020-04-16T22:05:12.286-0400][12.374s] GC(4) Survivor regions: 5->7(16)
[2020-04-16T22:05:12.286-0400][12.374s] GC(4) Old regions: 19->19
[2020-04-16T22:05:12.286-0400][12.374s] GC(4) Archive regions: 0->0
[2020-04-16T22:05:12.286-0400][12.374s] GC(4) Humongous regions: 5->4
[2020-04-16T22:05:12.286-0400][12.374s] GC(4) Metaspace: 34337K->34337K(1081344K)
[2020-04-16T22:05:12.286-0400][12.375s] GC(4) Pause Young (Normal) (G1 Evacuation Pause) 143M->28M(512M) 7.592ms
[2020-04-16T22:05:12.286-0400][12.375s] GC(4) User=0.00s Sys=0.00s Real=0.01s
[2020-04-16T22:05:12.398-0400][12.487s] GC(5) Pause Young (Concurrent Start) (Metadata GC Threshold)
[2020-04-16T22:05:12.398-0400][12.487s] GC(5) Using 4 workers of 4 for evacuation
[2020-04-16T22:05:12.408-0400][12.496s] GC(5)   Pre Evacuate Collection Set: 0.1ms
[2020-04-16T22:05:12.408-0400][12.496s] GC(5)   Evacuate Collection Set: 8.6ms
[2020-04-16T22:05:12.408-0400][12.496s] GC(5)   Post Evacuate Collection Set: 0.4ms
[2020-04-16T22:05:12.408-0400][12.496s] GC(5)   Other: 0.3ms
[2020-04-16T22:05:12.408-0400][12.496s] GC(5) Eden regions: 28->0(165)
[2020-04-16T22:05:12.408-0400][12.496s] GC(5) Survivor regions: 7->7(19)
[2020-04-16T22:05:12.408-0400][12.496s] GC(5) Old regions: 19->19
[2020-04-16T22:05:12.408-0400][12.496s] GC(5) Archive regions: 0->0
[2020-04-16T22:05:12.408-0400][12.496s] GC(5) Humongous regions: 4->4
[2020-04-16T22:05:12.408-0400][12.496s] GC(5) Metaspace: 34774K->34774K(1081344K)
[2020-04-16T22:05:12.408-0400][12.496s] GC(5) Pause Young (Concurrent Start) (Metadata GC Threshold) 56M->28M(512M) 9.732ms
[2020-04-16T22:05:12.408-0400][12.497s] GC(5) User=0.06s Sys=0.00s Real=0.01s
[2020-04-16T22:05:12.408-0400][12.497s] GC(6) Concurrent Cycle
[2020-04-16T22:05:12.408-0400][12.497s] GC(6) Concurrent Clear Claimed Marks
[2020-04-16T22:05:12.408-0400][12.497s] GC(6) Concurrent Clear Claimed Marks 0.071ms
[2020-04-16T22:05:12.408-0400][12.497s] GC(6) Concurrent Scan Root Regions
[2020-04-16T22:05:12.416-0400][12.504s] GC(6) Concurrent Scan Root Regions 7.257ms
[2020-04-16T22:05:12.416-0400][12.504s] GC(6) Concurrent Mark (12.504s)
[2020-04-16T22:05:12.416-0400][12.504s] GC(6) Concurrent Mark From Roots
[2020-04-16T22:05:12.416-0400][12.504s] GC(6) Using 1 workers of 1 for marking
[2020-04-16T22:05:12.483-0400][12.571s] GC(6) Concurrent Mark From Roots 67.018ms
[2020-04-16T22:05:12.483-0400][12.571s] GC(6) Concurrent Preclean
[2020-04-16T22:05:12.483-0400][12.571s] GC(6) Concurrent Preclean 0.219ms
[2020-04-16T22:05:12.483-0400][12.572s] GC(6) Concurrent Mark (12.504s, 12.572s) 67.417ms
[2020-04-16T22:05:12.483-0400][12.572s] GC(6) Pause Remark
[2020-04-16T22:05:12.485-0400][12.574s] GC(6) Cleaned string table, strings: 20096 processed, 23 removed
[2020-04-16T22:05:12.486-0400][12.574s] GC(6) Pause Remark 35M->35M(512M) 2.313ms
[2020-04-16T22:05:12.486-0400][12.574s] GC(6) User=0.00s Sys=0.00s Real=0.00s
[2020-04-16T22:05:12.486-0400][12.574s] GC(6) Concurrent Rebuild Remembered Sets
[2020-04-16T22:05:12.509-0400][12.597s] GC(6) Concurrent Rebuild Remembered Sets 22.904ms
[2020-04-16T22:05:12.509-0400][12.597s] GC(6) Pause Cleanup
[2020-04-16T22:05:12.509-0400][12.597s] GC(6) Pause Cleanup 36M->36M(512M) 0.128ms
[2020-04-16T22:05:12.509-0400][12.597s] GC(6) User=0.00s Sys=0.00s Real=0.00s
[2020-04-16T22:05:12.509-0400][12.597s] GC(6) Concurrent Cleanup for Next Mark
[2020-04-16T22:05:12.510-0400][12.599s] GC(6) Concurrent Cleanup for Next Mark 1.335ms
[2020-04-16T22:05:12.510-0400][12.599s] GC(6) Concurrent Cycle 102.213ms
[2020-04-16T22:16:52.530-0400][712.618s] GC(7) Pause Young (Concurrent Start) (G1 Evacuation Pause)
[2020-04-16T22:16:52.531-0400][712.620s] GC(7) Using 4 workers of 4 for evacuation
[2020-04-16T22:16:52.678-0400][712.767s] GC(7)   Pre Evacuate Collection Set: 5.9ms
[2020-04-16T22:16:52.679-0400][712.767s] GC(7)   Evacuate Collection Set: 130.6ms
[2020-04-16T22:16:52.679-0400][712.767s] GC(7)   Post Evacuate Collection Set: 2.6ms
[2020-04-16T22:16:52.679-0400][712.767s] GC(7)   Other: 13.1ms
[2020-04-16T22:16:52.679-0400][712.767s] GC(7) Eden regions: 168->0(225)
[2020-04-16T22:16:52.679-0400][712.767s] GC(7) Survivor regions: 7->12(22)
[2020-04-16T22:16:52.679-0400][712.767s] GC(7) Old regions: 19->19
[2020-04-16T22:16:52.679-0400][712.767s] GC(7) Archive regions: 0->0
[2020-04-16T22:16:52.679-0400][712.767s] GC(7) Humongous regions: 7->7
[2020-04-16T22:16:52.679-0400][712.767s] GC(7) Metaspace: 45440K->45440K(1089536K)
[2020-04-16T22:16:52.679-0400][712.767s] GC(7) Pause Young (Concurrent Start) (G1 Evacuation Pause) 199M->37M(512M) 149.191ms
[2020-04-16T22:16:52.679-0400][712.767s] GC(7) User=0.11s Sys=0.31s Real=0.15s
[2020-04-16T22:16:52.679-0400][712.768s] GC(8) Concurrent Cycle
[2020-04-16T22:16:52.679-0400][712.768s] GC(8) Concurrent Clear Claimed Marks
[2020-04-16T22:16:52.680-0400][712.768s] GC(8) Concurrent Clear Claimed Marks 0.442ms
[2020-04-16T22:16:52.680-0400][712.768s] GC(8) Concurrent Scan Root Regions
[2020-04-16T22:16:52.698-0400][712.787s] GC(8) Concurrent Scan Root Regions 18.679ms
[2020-04-16T22:16:52.698-0400][712.787s] GC(8) Concurrent Mark (712.787s)
[2020-04-16T22:16:52.698-0400][712.787s] GC(8) Concurrent Mark From Roots
[2020-04-16T22:16:52.698-0400][712.787s] GC(8) Using 1 workers of 1 for marking
[2020-04-16T22:16:52.753-0400][712.841s] GC(8) Concurrent Mark From Roots 54.242ms
[2020-04-16T22:16:52.753-0400][712.841s] GC(8) Concurrent Preclean
[2020-04-16T22:16:52.753-0400][712.842s] GC(8) Concurrent Preclean 0.243ms
[2020-04-16T22:16:52.753-0400][712.842s] GC(8) Concurrent Mark (712.787s, 712.842s) 54.610ms
[2020-04-16T22:16:52.753-0400][712.842s] GC(8) Pause Remark
[2020-04-16T22:16:52.933-0400][713.021s] GC(8) Cleaned string table, strings: 24287 processed, 897 removed
[2020-04-16T22:16:52.933-0400][713.022s] GC(8) Pause Remark 37M->37M(512M) 179.913ms
[2020-04-16T22:16:52.933-0400][713.022s] GC(8) User=0.05s Sys=0.11s Real=0.18s
[2020-04-16T22:16:52.933-0400][713.022s] GC(8) Concurrent Rebuild Remembered Sets
[2020-04-16T22:16:52.952-0400][713.040s] GC(8) Concurrent Rebuild Remembered Sets 18.652ms
[2020-04-16T22:16:52.953-0400][713.041s] GC(8) Pause Cleanup
[2020-04-16T22:16:52.953-0400][713.041s] GC(8) Pause Cleanup 37M->37M(512M) 0.216ms
[2020-04-16T22:16:52.953-0400][713.041s] GC(8) User=0.00s Sys=0.00s Real=0.00s
[2020-04-16T22:16:52.953-0400][713.041s] GC(8) Concurrent Cleanup for Next Mark
[2020-04-16T22:16:52.958-0400][713.046s] GC(8) Concurrent Cleanup for Next Mark 4.924ms
[2020-04-16T22:16:52.958-0400][713.046s] GC(8) Concurrent Cycle 278.688ms
